[WebServer] ⚠ Slow filesystem detected. The benchmark took 272ms. If \\?\C:\Users\alazi\Downloads\Tech\Code\My_projects\not shipped yet\ANASAQ.ME\.next\e2e\dev is a network drive, consider moving it to a local folder.
[WebServer] See more: https://nextjs.org/docs/app/guides/local-development
Stopped services: [supabase_realtime_ANASAQ.ME supabase_imgproxy_ANASAQ.ME supabase_analytics_ANASAQ.ME supabase_vector_ANASAQ.ME supabase_pooler_ANASAQ.ME]
A new version of Supabase CLI is available: v2.120.0 (currently installed v2.106.0)
We recommend updating regularly for new features and bug fixes: https://supabase.com/docs/guides/cli/getting-started#updating-the-supabase-cli

Running 170 tests using 1 worker

Stopped services: [supabase_realtime_ANASAQ.ME supabase_imgproxy_ANASAQ.ME supabase_analytics_ANASAQ.ME supabase_vector_ANASAQ.ME supabase_pooler_ANASAQ.ME]
A new version of Supabase CLI is available: v2.120.0 (currently installed v2.106.0)
We recommend updating regularly for new features and bug fixes: https://supabase.com/docs/guides/cli/getting-started#updating-the-supabase-cli
  ok   1 [chromium] › tests\e2e\auth.spec.ts:9:1 › an unknown email gets the identical sent message (7.0s)
  ok   2 [chromium] › tests\e2e\auth.spec.ts:16:1 › sign-in by code reaches /admin, enrols TOTP, and invites a member through step-up (21.2s)
[WebServer] [browser] When using "display: flex" or "display: inline-flex" on an element containing content editable, Chrome may have unwanted focusing behavior when clicking outside of it. Consider wrapping the content editable within a non-flex element.
[WebServer] [browser] When using "display: flex" or "display: inline-flex" on an element containing content editable, Chrome may have unwanted focusing behavior when clicking outside of it. Consider wrapping the content editable within a non-flex element.
[WebServer] [browser] When using "display: flex" or "display: inline-flex" on an element containing content editable, Chrome may have unwanted focusing behavior when clicking outside of it. Consider wrapping the content editable within a non-flex element.
[WebServer] [browser] When using "display: flex" or "display: inline-flex" on an element containing content editable, Chrome may have unwanted focusing behavior when clicking outside of it. Consider wrapping the content editable within a non-flex element.
[WebServer] [browser] When using "display: flex" or "display: inline-flex" on an element containing content editable, Chrome may have unwanted focusing behavior when clicking outside of it. Consider wrapping the content editable within a non-flex element.
[WebServer] [browser] When using "display: flex" or "display: inline-flex" on an element containing content editable, Chrome may have unwanted focusing behavior when clicking outside of it. Consider wrapping the content editable within a non-flex element.
[WebServer] [browser] When using "display: flex" or "display: inline-flex" on an element containing content editable, Chrome may have unwanted focusing behavior when clicking outside of it. Consider wrapping the content editable within a non-flex element.
[WebServer] [browser] When using "display: flex" or "display: inline-flex" on an element containing content editable, Chrome may have unwanted focusing behavior when clicking outside of it. Consider wrapping the content editable within a non-flex element.
[WebServer] [browser] When using "display: flex" or "display: inline-flex" on an element containing content editable, Chrome may have unwanted focusing behavior when clicking outside of it. Consider wrapping the content editable within a non-flex element.
[WebServer] [browser] When using "display: flex" or "display: inline-flex" on an element containing content editable, Chrome may have unwanted focusing behavior when clicking outside of it. Consider wrapping the content editable within a non-flex element.
[WebServer] [browser] When using "display: flex" or "display: inline-flex" on an element containing content editable, Chrome may have unwanted focusing behavior when clicking outside of it. Consider wrapping the content editable within a non-flex element.
[WebServer] [browser] When using "display: flex" or "display: inline-flex" on an element containing content editable, Chrome may have unwanted focusing behavior when clicking outside of it. Consider wrapping the content editable within a non-flex element.
[WebServer] [browser] When using "display: flex" or "display: inline-flex" on an element containing content editable, Chrome may have unwanted focusing behavior when clicking outside of it. Consider wrapping the content editable within a non-flex element.
[WebServer] [browser] When using "display: flex" or "display: inline-flex" on an element containing content editable, Chrome may have unwanted focusing behavior when clicking outside of it. Consider wrapping the content editable within a non-flex element.
[WebServer] [browser] When using "display: flex" or "display: inline-flex" on an element containing content editable, Chrome may have unwanted focusing behavior when clicking outside of it. Consider wrapping the content editable within a non-flex element.
[WebServer] [browser] When using "display: flex" or "display: inline-flex" on an element containing content editable, Chrome may have unwanted focusing behavior when clicking outside of it. Consider wrapping the content editable within a non-flex element.
[WebServer] [browser] When using "display: flex" or "display: inline-flex" on an element containing content editable, Chrome may have unwanted focusing behavior when clicking outside of it. Consider wrapping the content editable within a non-flex element.
[WebServer] [browser] When using "display: flex" or "display: inline-flex" on an element containing content editable, Chrome may have unwanted focusing behavior when clicking outside of it. Consider wrapping the content editable within a non-flex element.
[WebServer] [browser] When using "display: flex" or "display: inline-flex" on an element containing content editable, Chrome may have unwanted focusing behavior when clicking outside of it. Consider wrapping the content editable within a non-flex element.
[WebServer] [browser] When using "display: flex" or "display: inline-flex" on an element containing content editable, Chrome may have unwanted focusing behavior when clicking outside of it. Consider wrapping the content editable within a non-flex element.
[WebServer] [browser] When using "display: flex" or "display: inline-flex" on an element containing content editable, Chrome may have unwanted focusing behavior when clicking outside of it. Consider wrapping the content editable within a non-flex element.
[WebServer] [browser] When using "display: flex" or "display: inline-flex" on an element containing content editable, Chrome may have unwanted focusing behavior when clicking outside of it. Consider wrapping the content editable within a non-flex element.
[WebServer] [browser] When using "display: flex" or "display: inline-flex" on an element containing content editable, Chrome may have unwanted focusing behavior when clicking outside of it. Consider wrapping the content editable within a non-flex element.
[WebServer] [browser] When using "display: flex" or "display: inline-flex" on an element containing content editable, Chrome may have unwanted focusing behavior when clicking outside of it. Consider wrapping the content editable within a non-flex element.
  ok   3 [chromium] › tests\e2e\cms.spec.ts:120:1 › post lifecycle: taxonomies, rich text, relations, cover, schedule, publish, archive, restore (1.0m)
  ok   4 [chromium] › tests\e2e\cms.spec.ts:255:1 › room: edit, preview, publish, restore (requires pnpm db:import) (40.9s)
  ok   5 [chromium] › tests\e2e\cms.spec.ts:362:1 › editor: a local copy is offered before anything is editable, survives a reload, and leaves on تجاهل or opens on استرجاع (requires pnpm db:import) (11.8s)
  ok   6 [chromium] › tests\e2e\cms.spec.ts:413:1 › social links: edit, add, reorder and publish; the footer and contact page follow (requires pnpm db:import) (30.2s)
  ok   7 [chromium] › tests\e2e\cms.spec.ts:508:1 › book page, home doors and contact page: edit and publish; the pages follow (requires pnpm db:import) (33.0s)
  ok   8 [chromium] › tests\e2e\cms.spec.ts:571:1 › scenes: add, move first, hide and publish; the scenes page follows (requires pnpm db:import) (43.0s)
[WebServer] [browser] When using "display: flex" or "display: inline-flex" on an element containing content editable, Chrome may have unwanted focusing behavior when clicking outside of it. Consider wrapping the content editable within a non-flex element.
[WebServer] [browser] When using "display: flex" or "display: inline-flex" on an element containing content editable, Chrome may have unwanted focusing behavior when clicking outside of it. Consider wrapping the content editable within a non-flex element.
[WebServer] [browser] When using "display: flex" or "display: inline-flex" on an element containing content editable, Chrome may have unwanted focusing behavior when clicking outside of it. Consider wrapping the content editable within a non-flex element.
[WebServer] [browser] When using "display: flex" or "display: inline-flex" on an element containing content editable, Chrome may have unwanted focusing behavior when clicking outside of it. Consider wrapping the content editable within a non-flex element.
  ok   9 [chromium] › tests\e2e\cms.spec.ts:659:1 › a stale save is rejected with a conflict message and keeps the typed text (18.2s)
  ok  10 [chromium] › tests\e2e\media.spec.ts:102:1 › happy path: ticket, every part, complete, then the public derivative (3.0s)
  ok  11 [chromium] › tests\e2e\media.spec.ts:164:1 › HTML bytes declared as image/jpeg: complete fails and every stored object is removed (1.2s)
  ok  12 [chromium] › tests\e2e\media.spec.ts:223:1 › more bytes than declared are refused at completion; nothing goes public (3.3s)
  ok  13 [chromium] › tests\e2e\media.spec.ts:245:1 › another staff member's ticket is 404; an expired ticket is 410 (4.2s)
  ok  14 [chromium] › tests\e2e\media.spec.ts:274:1 › no token is 401; an operations token is 403 (2.4s)
  ok  15 [chromium] › tests\e2e\media.spec.ts:338:1 › round 2: library upload with crop and EXIF removal, reuse in a room, folders, delete (38.6s)
  ok  16 [chromium] › tests\e2e\media.spec.ts:485:1 › round 2: search and المزيد paging past 40 items (1.2m)
  ok  17 [chromium] › tests\e2e\media.spec.ts:531:1 › round 2: screenshots at 360 and 1440, and horizontal overflow (29.4s)
  ok  18 [chromium] › tests\e2e\motion.spec.ts:105:5 › a first visit plays the reveals › /: reveals below the fold are held, then each one plays (4.5s)
  ok  19 [chromium] › tests\e2e\motion.spec.ts:105:5 › a first visit plays the reveals › /book: reveals below the fold are held, then each one plays (6.5s)
  ok  20 [chromium] › tests\e2e\motion.spec.ts:105:5 › a first visit plays the reveals › /built: reveals below the fold are held, then each one plays (6.5s)
  ok  21 [chromium] › tests\e2e\motion.spec.ts:105:5 › a first visit plays the reveals › /started: reveals below the fold are held, then each one plays (6.8s)
  ok  22 [chromium] › tests\e2e\motion.spec.ts:105:5 › a first visit plays the reveals › /passed: reveals below the fold are held, then each one plays (7.5s)
  ok  23 [chromium] › tests\e2e\motion.spec.ts:105:5 › a first visit plays the reveals › /shelf: reveals below the fold are held, then each one plays (10.7s)
  ok  24 [chromium] › tests\e2e\motion.spec.ts:105:5 › a first visit plays the reveals › /scenes: reveals below the fold are held, then each one plays (5.1s)
  ok  25 [chromium] › tests\e2e\motion.spec.ts:105:5 › a first visit plays the reveals › /contact: reveals below the fold are held, then each one plays (3.9s)
  ok  26 [chromium] › tests\e2e\motion.spec.ts:105:5 › a first visit plays the reveals › /store: reveals below the fold are held, then each one plays (5.1s)
  ok  27 [chromium] › tests\e2e\motion.spec.ts:105:5 › a first visit plays the reveals › /store/demo-khous: reveals below the fold are held, then each one plays (10.4s)
  ok  28 [chromium] › tests\e2e\motion.spec.ts:128:5 › the money and policy pages stay calm › /cart: no reveal, and the title only fades in briefly (5.8s)
  ok  29 [chromium] › tests\e2e\motion.spec.ts:128:5 › the money and policy pages stay calm › /checkout: no reveal, and the title only fades in briefly (4.2s)
  ok  30 [chromium] › tests\e2e\motion.spec.ts:128:5 › the money and policy pages stay calm › /policies/privacy: no reveal, and the title only fades in briefly (8.7s)
  ok  31 [chromium] › tests\e2e\motion.spec.ts:128:5 › the money and policy pages stay calm › /orders: no reveal, and the title only fades in briefly (5.6s)
  ok  32 [chromium] › tests\e2e\motion.spec.ts:128:5 › the money and policy pages stay calm › /notify/confirm: no reveal, and the title only fades in briefly (4.4s)
  ok  33 [chromium] › tests\e2e\motion.spec.ts:148:1 › a page seen before comes back without its entrances, and its reveals still play (12.9s)
  ok  34 [chromium] › tests\e2e\motion.spec.ts:176:3 › without motion › /started holds, plays and enters nothing (7.4s)
  ok  35 [chromium] › tests\e2e\no-js.spec.ts:20:1 › the header lists every room inline, within the screen, and offers no menu button (3.0s)
  ok  36 [chromium] › tests\e2e\no-js.spec.ts:42:1 › المَشاهد lists every photo as a link to the file and offers no filter (2.2s)
  ok  37 [chromium] › tests\e2e\no-js.spec.ts:58:1 › المجلس lists its posts as links, or says there are none yet (3.2s)
  ok  38 [chromium] › tests\e2e\no-js.spec.ts:76:1 › تواصل shows the form but cannot send, and keeps the channels and services (2.6s)
  ok  39 [chromium] › tests\e2e\no-js.spec.ts:107:3 › /orders: the order and notification pages say they need JavaScript and offer no dead control (1.7s)
  ok  40 [chromium] › tests\e2e\no-js.spec.ts:107:3 › /notify/confirm: the order and notification pages say they need JavaScript and offer no dead control (2.2s)
  ok  41 [chromium] › tests\e2e\no-js.spec.ts:107:3 › /notify/unsubscribe: the order and notification pages say they need JavaScript and offer no dead control (3.9s)
  ok  42 [chromium] › tests\e2e\owner-operations.spec.ts:127:1 › a contact submission is stored and its notices queued (1.8s)
  ok  43 [chromium] › tests\e2e\owner-operations.spec.ts:165:1 › with no jobs run the message is stored and its notice waits, so an email outage loses nothing (19ms)
  ok  44 [chromium] › tests\e2e\owner-operations.spec.ts:180:1 › a jobs run delivers the notices through Mailpit, sent but not yet delivered (3.3s)
  ok  45 [chromium] › tests\e2e\owner-operations.spec.ts:231:1 › the daily media sweep removes day-old quarantine parts through Storage and records the run (I29) (475ms)
  ok  46 [chromium] › tests\e2e\owner-operations.spec.ts:262:1 › a signed delivered webhook marks delivery; a forged signature is 401 (1.4s)
  ok  47 [chromium] › tests\e2e\owner-operations.spec.ts:290:1 › the honeypot answers success and stores nothing (52ms)
  ok  48 [chromium] › tests\e2e\owner-operations.spec.ts:313:1 › an over-length Turnstile token is refused by the schema (64ms)
  ok  49 [chromium] › tests\e2e\owner-operations.spec.ts:329:1 › a non-JSON content type is refused with 415 (40ms)
  ok  50 [chromium] › tests\e2e\owner-operations.spec.ts:337:1 › an oversized body is refused with 413 (48ms)
  ok  51 [chromium] › tests\e2e\owner-operations.spec.ts:345:1 › the jobs endpoint refuses a missing or wrong bearer (58ms)
  ok  52 [chromium] › tests\e2e\owner-operations.spec.ts:357:1 › the owner home shows real counts and no inbox (D31) (8.2s)
  ok  53 [chromium] › tests\e2e\owner-operations.spec.ts:375:1 › the owner home shows the backup job: never run, ok, then stale after 30 days (D35) (10.2s)
  ok  54 [chromium] › tests\e2e\owner-operations.spec.ts:400:1 › the email job warns only when a row has waited more than 10 minutes (I35) (8.0s)
  ok  55 [chromium] › tests\e2e\owner-operations.spec.ts:447:1 › an operations member sees email but not stats or settings, and there is no inbox (11.9s)
  ok  56 [chromium] › tests\e2e\owner-operations.spec.ts:470:1 › an editor gets no email RPC (6.4s)
  ok  57 [chromium] › tests\e2e\owner-operations.spec.ts:485:1 › email problems: replay exhausted, confirm uncertain, suppressed is refused (8.6s)
  ok  58 [chromium] › tests\e2e\owner-operations.spec.ts:555:1 › an operations member can replay a failed outbox row through the risk-acceptance flow (6.7s)
  ok  59 [chromium] › tests\e2e\owner-operations.spec.ts:582:1 › settings: SEO and WhatsApp persist, the preview normalizes, status shows no secrets (20.6s)
  ok  60 [chromium] › tests\e2e\owner-operations.spec.ts:637:1 › the owner saves the store seller details through the step-up dialog (15.5s)
  ok  61 [chromium] › tests\e2e\owner-operations.spec.ts:686:1 › screenshots at 360 and 1440 with no horizontal overflow (16.3s)
  ok  62 [chromium] › tests\e2e\public.spec.ts:24:5 › every page renders with one h1 and no console errors › / loads (3.5s)
  ok  63 [chromium] › tests\e2e\public.spec.ts:24:5 › every page renders with one h1 and no console errors › /started loads (3.2s)
  ok  64 [chromium] › tests\e2e\public.spec.ts:24:5 › every page renders with one h1 and no console errors › /built loads (3.9s)
  ok  65 [chromium] › tests\e2e\public.spec.ts:24:5 › every page renders with one h1 and no console errors › /passed loads (3.3s)
  ok  66 [chromium] › tests\e2e\public.spec.ts:24:5 › every page renders with one h1 and no console errors › /shelf loads (4.9s)
  ok  67 [chromium] › tests\e2e\public.spec.ts:24:5 › every page renders with one h1 and no console errors › /book loads (3.9s)
  ok  68 [chromium] › tests\e2e\public.spec.ts:24:5 › every page renders with one h1 and no console errors › /journal loads (2.7s)
  ok  69 [chromium] › tests\e2e\public.spec.ts:24:5 › every page renders with one h1 and no console errors › /scenes loads (2.8s)
  ok  70 [chromium] › tests\e2e\public.spec.ts:24:5 › every page renders with one h1 and no console errors › /contact loads (3.0s)
  ok  71 [chromium] › tests\e2e\public.spec.ts:24:5 › every page renders with one h1 and no console errors › /store loads (2.1s)
  ok  72 [chromium] › tests\e2e\public.spec.ts:36:3 › every page renders with one h1 and no console errors › an unknown path is the woven 404 (2.6s)
  ok  73 [chromium] › tests\e2e\public.spec.ts:45:3 › header and menu › the menu opens as a modal, marks the room, closes on Escape and returns focus (3.7s)
  ok  74 [chromium] › tests\e2e\public.spec.ts:62:3 › header and menu › from 1024px the rooms are inline and the current one is marked (3.3s)
  ok  75 [chromium] › tests\e2e\public.spec.ts:71:3 › header and menu › the skip link jumps to the page content (4.1s)
  ok  76 [chromium] › tests\e2e\public.spec.ts:82:3 › films play only when asked › a film shows its poster and a play button, then plays with its own controls (5.6s)
  ok  77 [chromium] › tests\e2e\public.spec.ts:96:3 › المَشاهد › the filter narrows the grid and says which filter is on (2.4s)
  ok  78 [chromium] › tests\e2e\public.spec.ts:109:3 › المَشاهد › the lightbox opens by keyboard, steps in Arabic order and returns focus (2.8s)
  ok  79 [chromium] › tests\e2e\public.spec.ts:126:3 › كتبتُ هنا › cover B, and the contents strip jumps to its sections (4.6s)
  ok  80 [chromium] › tests\e2e\public.spec.ts:137:3 › تواصل › an empty send names each missing field and focuses the first (3.6s)
  ok  81 [chromium] › tests\e2e\public.spec.ts:147:3 › تواصل › a service opens the form with its name in the message (3.0s)
  ok  82 [chromium] › tests\e2e\public.spec.ts:157:5 › readable with JavaScript off › / reads without JS (2.2s)
  ok  83 [chromium] › tests\e2e\public.spec.ts:157:5 › readable with JavaScript off › /started reads without JS (2.5s)
  ok  84 [chromium] › tests\e2e\public.spec.ts:157:5 › readable with JavaScript off › /built reads without JS (4.6s)
  ok  85 [chromium] › tests\e2e\public.spec.ts:157:5 › readable with JavaScript off › /passed reads without JS (4.4s)
  ok  86 [chromium] › tests\e2e\public.spec.ts:157:5 › readable with JavaScript off › /shelf reads without JS (2.9s)
  ok  87 [chromium] › tests\e2e\public.spec.ts:157:5 › readable with JavaScript off › /book reads without JS (3.5s)
  ok  88 [chromium] › tests\e2e\reader.spec.ts:93:3 › the book preview › the published preview is the approved export, byte for byte (8ms)
  ok  89 [chromium] › tests\e2e\reader.spec.ts:99:3 › the book preview › closed, it loads nothing; open, it fetches only the preview and reads right to left (17.3s)
  ok  90 [chromium] › tests\e2e\reader.spec.ts:138:3 › the book preview › opening keeps the page still, the closed book centred on the stage (11.2s)
  ok  91 [chromium] › tests\e2e\reader.spec.ts:163:3 › the book preview › a part under the closed book opens the book at that part (6.7s)
  ok  92 [chromium] › tests\e2e\reader.spec.ts:169:3 › the book preview › the pages carry their text, for selection and screen readers (7.8s)
  ok  93 [chromium] › tests\e2e\reader.spec.ts:182:3 › the book preview › a drag from the left page to the right turns to the next spread (9.0s)
  ok  94 [chromium] › tests\e2e\reader.spec.ts:195:3 › the book preview › without motion a turn is a short fade, never a rotation (6.4s)
  ok  95 [chromium] › tests\e2e\reader.spec.ts:213:3 › the book preview › a resize redraws the pages at the new size (7.7s)
  ok  96 [chromium] › tests\e2e\reader.spec.ts:223:3 › the book preview › full screen, then back (8.0s)
  ok  97 [chromium] › tests\e2e\reader.spec.ts:231:3 › the book preview › the reading view opens at the page in view and ends with the way to the editions (12.2s)
  ok  98 [chromium] › tests\e2e\reader.spec.ts:247:3 › the book preview › an odd page count and a single page still make a book (15.0s)
  ok  99 [chromium] › tests\e2e\reader.spec.ts:266:3 › the book preview › a corrupt or unreachable file says so, and a retry opens the book (7.7s)
  ok 100 [chromium] › tests\e2e\reader.spec.ts:283:3 › the book preview › a click on a corner turns that page, and closing the book slides it with the turn (12.4s)
  ok 101 [chromium] › tests\e2e\reader.spec.ts:320:3 › one page at a time, by hand › a click turns by the half it is on, and never stops on an empty leaf (17.5s)
  ok 102 [chromium] › tests\e2e\reader.spec.ts:356:3 › one page at a time, by hand › a drag that would stop on the blank back carries on to the next page (9.2s)
  ok 103 [chromium] › tests\e2e\reader.spec.ts:402:3 › one page at a time, by hand › the corner hints: forward on page 1, both ways from page 2 (6.7s)
  ok 104 [chromium] › tests\e2e\reader.spec.ts:416:3 › on a phone › the book turns one page at a time, and the reading view zooms (10.1s)
  ok 105 [chromium] › tests\e2e\reader.spec.ts:433:1 › without JavaScript the closed book links to the preview itself (3.4s)
  ok 106 [chromium] › tests\e2e\visual.spec.ts:38:5 › home @ 360px, JS on, no horizontal overflow (4.4s)
  ok 107 [chromium] › tests\e2e\visual.spec.ts:38:5 › home @ 768px, JS on, no horizontal overflow (5.6s)
  ok 108 [chromium] › tests\e2e\visual.spec.ts:38:5 › home @ 1024px, JS on, no horizontal overflow (5.1s)
  ok 109 [chromium] › tests\e2e\visual.spec.ts:38:5 › home @ 1440px, JS on, no horizontal overflow (5.2s)
  ok 110 [chromium] › tests\e2e\visual.spec.ts:63:3 › home, JS off, readable (3.1s)
  ok 111 [chromium] › tests\e2e\visual.spec.ts:38:5 › started @ 360px, JS on, no horizontal overflow (6.7s)
  ok 112 [chromium] › tests\e2e\visual.spec.ts:38:5 › started @ 768px, JS on, no horizontal overflow (5.5s)
  ok 113 [chromium] › tests\e2e\visual.spec.ts:38:5 › started @ 1024px, JS on, no horizontal overflow (5.5s)
  ok 114 [chromium] › tests\e2e\visual.spec.ts:38:5 › started @ 1440px, JS on, no horizontal overflow (5.4s)
  ok 115 [chromium] › tests\e2e\visual.spec.ts:63:3 › started, JS off, readable (3.6s)
  ok 116 [chromium] › tests\e2e\visual.spec.ts:38:5 › built @ 360px, JS on, no horizontal overflow (5.1s)
  ok 117 [chromium] › tests\e2e\visual.spec.ts:38:5 › built @ 768px, JS on, no horizontal overflow (6.8s)
  ok 118 [chromium] › tests\e2e\visual.spec.ts:38:5 › built @ 1024px, JS on, no horizontal overflow (6.6s)
  ok 119 [chromium] › tests\e2e\visual.spec.ts:38:5 › built @ 1440px, JS on, no horizontal overflow (7.2s)
  ok 120 [chromium] › tests\e2e\visual.spec.ts:63:3 › built, JS off, readable (4.4s)
  ok 121 [chromium] › tests\e2e\visual.spec.ts:38:5 › passed @ 360px, JS on, no horizontal overflow (3.7s)
  ok 122 [chromium] › tests\e2e\visual.spec.ts:38:5 › passed @ 768px, JS on, no horizontal overflow (4.2s)
  ok 123 [chromium] › tests\e2e\visual.spec.ts:38:5 › passed @ 1024px, JS on, no horizontal overflow (5.2s)
  ok 124 [chromium] › tests\e2e\visual.spec.ts:38:5 › passed @ 1440px, JS on, no horizontal overflow (6.0s)
  ok 125 [chromium] › tests\e2e\visual.spec.ts:63:3 › passed, JS off, readable (3.8s)
  ok 126 [chromium] › tests\e2e\visual.spec.ts:38:5 › shelf @ 360px, JS on, no horizontal overflow (6.3s)
  ok 127 [chromium] › tests\e2e\visual.spec.ts:38:5 › shelf @ 768px, JS on, no horizontal overflow (7.7s)
  ok 128 [chromium] › tests\e2e\visual.spec.ts:38:5 › shelf @ 1024px, JS on, no horizontal overflow (7.3s)
  ok 129 [chromium] › tests\e2e\visual.spec.ts:38:5 › shelf @ 1440px, JS on, no horizontal overflow (8.2s)
  ok 130 [chromium] › tests\e2e\visual.spec.ts:63:3 › shelf, JS off, readable (6.0s)
  ok 131 [chromium] › tests\e2e\visual.spec.ts:38:5 › book @ 360px, JS on, no horizontal overflow (4.9s)
  ok 132 [chromium] › tests\e2e\visual.spec.ts:38:5 › book @ 768px, JS on, no horizontal overflow (5.4s)
  ok 133 [chromium] › tests\e2e\visual.spec.ts:38:5 › book @ 1024px, JS on, no horizontal overflow (5.2s)
  ok 134 [chromium] › tests\e2e\visual.spec.ts:38:5 › book @ 1440px, JS on, no horizontal overflow (5.6s)
  ok 135 [chromium] › tests\e2e\visual.spec.ts:63:3 › book, JS off, readable (3.7s)
  ok 136 [chromium] › tests\e2e\visual.spec.ts:38:5 › journal @ 360px, JS on, no horizontal overflow (3.0s)
  ok 137 [chromium] › tests\e2e\visual.spec.ts:38:5 › journal @ 768px, JS on, no horizontal overflow (3.7s)
  ok 138 [chromium] › tests\e2e\visual.spec.ts:38:5 › journal @ 1024px, JS on, no horizontal overflow (3.2s)
  ok 139 [chromium] › tests\e2e\visual.spec.ts:38:5 › journal @ 1440px, JS on, no horizontal overflow (4.2s)
  ok 140 [chromium] › tests\e2e\visual.spec.ts:63:3 › journal, JS off, readable (1.9s)
  ok 141 [chromium] › tests\e2e\visual.spec.ts:38:5 › scenes @ 360px, JS on, no horizontal overflow (4.4s)
  ok 142 [chromium] › tests\e2e\visual.spec.ts:38:5 › scenes @ 768px, JS on, no horizontal overflow (5.7s)
  ok 143 [chromium] › tests\e2e\visual.spec.ts:38:5 › scenes @ 1024px, JS on, no horizontal overflow (5.9s)
  ok 144 [chromium] › tests\e2e\visual.spec.ts:38:5 › scenes @ 1440px, JS on, no horizontal overflow (5.0s)
  ok 145 [chromium] › tests\e2e\visual.spec.ts:63:3 › scenes, JS off, readable (3.7s)
  ok 146 [chromium] › tests\e2e\visual.spec.ts:38:5 › contact @ 360px, JS on, no horizontal overflow (2.7s)
  ok 147 [chromium] › tests\e2e\visual.spec.ts:38:5 › contact @ 768px, JS on, no horizontal overflow (4.6s)
  ok 148 [chromium] › tests\e2e\visual.spec.ts:38:5 › contact @ 1024px, JS on, no horizontal overflow (3.8s)
  ok 149 [chromium] › tests\e2e\visual.spec.ts:38:5 › contact @ 1440px, JS on, no horizontal overflow (4.9s)
  ok 150 [chromium] › tests\e2e\visual.spec.ts:63:3 › contact, JS off, readable (2.6s)
  ok 151 [chromium] › tests\e2e\visual.spec.ts:38:5 › store @ 360px, JS on, no horizontal overflow (4.1s)
  ok 152 [chromium] › tests\e2e\visual.spec.ts:38:5 › store @ 768px, JS on, no horizontal overflow (2.9s)
  ok 153 [chromium] › tests\e2e\visual.spec.ts:38:5 › store @ 1024px, JS on, no horizontal overflow (3.3s)
  ok 154 [chromium] › tests\e2e\visual.spec.ts:38:5 › store @ 1440px, JS on, no horizontal overflow (3.2s)
  ok 155 [chromium] › tests\e2e\visual.spec.ts:63:3 › store, JS off, readable (2.3s)
  ok 156 [chromium] › tests\e2e\visual.spec.ts:38:5 › orders @ 360px, JS on, no horizontal overflow (3.3s)
  ok 157 [chromium] › tests\e2e\visual.spec.ts:38:5 › orders @ 768px, JS on, no horizontal overflow (3.0s)
  ok 158 [chromium] › tests\e2e\visual.spec.ts:38:5 › orders @ 1024px, JS on, no horizontal overflow (3.3s)
  ok 159 [chromium] › tests\e2e\visual.spec.ts:38:5 › orders @ 1440px, JS on, no horizontal overflow (3.5s)
  ok 160 [chromium] › tests\e2e\visual.spec.ts:63:3 › orders, JS off, readable (1.3s)
  ok 161 [chromium] › tests\e2e\visual.spec.ts:38:5 › notify-confirm @ 360px, JS on, no horizontal overflow (3.3s)
  ok 162 [chromium] › tests\e2e\visual.spec.ts:38:5 › notify-confirm @ 768px, JS on, no horizontal overflow (2.8s)
  ok 163 [chromium] › tests\e2e\visual.spec.ts:38:5 › notify-confirm @ 1024px, JS on, no horizontal overflow (3.3s)
  ok 164 [chromium] › tests\e2e\visual.spec.ts:38:5 › notify-confirm @ 1440px, JS on, no horizontal overflow (2.8s)
  ok 165 [chromium] › tests\e2e\visual.spec.ts:63:3 › notify-confirm, JS off, readable (3.0s)
  ok 166 [chromium] › tests\e2e\visual.spec.ts:38:5 › notify-unsubscribe @ 360px, JS on, no horizontal overflow (2.5s)
  ok 167 [chromium] › tests\e2e\visual.spec.ts:38:5 › notify-unsubscribe @ 768px, JS on, no horizontal overflow (3.1s)
  ok 168 [chromium] › tests\e2e\visual.spec.ts:38:5 › notify-unsubscribe @ 1024px, JS on, no horizontal overflow (2.6s)
  ok 169 [chromium] › tests\e2e\visual.spec.ts:38:5 › notify-unsubscribe @ 1440px, JS on, no horizontal overflow (3.0s)
  ok 170 [chromium] › tests\e2e\visual.spec.ts:63:3 › notify-unsubscribe, JS off, readable (1.5s)

  170 passed (21.2m)
