Stopped services: [supabase_realtime_ANASAQ.ME supabase_imgproxy_ANASAQ.ME supabase_analytics_ANASAQ.ME supabase_vector_ANASAQ.ME supabase_pooler_ANASAQ.ME]
A new version of Supabase CLI is available: v2.120.0 (currently installed v2.106.0)
We recommend updating regularly for new features and bug fixes: https://supabase.com/docs/guides/cli/getting-started#updating-the-supabase-cli
Stopped services: [supabase_realtime_ANASAQ.ME supabase_imgproxy_ANASAQ.ME supabase_analytics_ANASAQ.ME supabase_vector_ANASAQ.ME supabase_pooler_ANASAQ.ME]
A new version of Supabase CLI is available: v2.120.0 (currently installed v2.106.0)
We recommend updating regularly for new features and bug fixes: https://supabase.com/docs/guides/cli/getting-started#updating-the-supabase-cli
Stopped services: [supabase_realtime_ANASAQ.ME supabase_imgproxy_ANASAQ.ME supabase_analytics_ANASAQ.ME supabase_vector_ANASAQ.ME supabase_pooler_ANASAQ.ME]
A new version of Supabase CLI is available: v2.120.0 (currently installed v2.106.0)
We recommend updating regularly for new features and bug fixes: https://supabase.com/docs/guides/cli/getting-started#updating-the-supabase-cli
Stopped services: [supabase_realtime_ANASAQ.ME supabase_imgproxy_ANASAQ.ME supabase_analytics_ANASAQ.ME supabase_vector_ANASAQ.ME supabase_pooler_ANASAQ.ME]
A new version of Supabase CLI is available: v2.120.0 (currently installed v2.106.0)
We recommend updating regularly for new features and bug fixes: https://supabase.com/docs/guides/cli/getting-started#updating-the-supabase-cli
Stopped services: [supabase_realtime_ANASAQ.ME supabase_imgproxy_ANASAQ.ME supabase_analytics_ANASAQ.ME supabase_vector_ANASAQ.ME supabase_pooler_ANASAQ.ME]
A new version of Supabase CLI is available: v2.120.0 (currently installed v2.106.0)
We recommend updating regularly for new features and bug fixes: https://supabase.com/docs/guides/cli/getting-started#updating-the-supabase-cli
Stopped services: [supabase_realtime_ANASAQ.ME supabase_imgproxy_ANASAQ.ME supabase_analytics_ANASAQ.ME supabase_vector_ANASAQ.ME supabase_pooler_ANASAQ.ME]
A new version of Supabase CLI is available: v2.120.0 (currently installed v2.106.0)
We recommend updating regularly for new features and bug fixes: https://supabase.com/docs/guides/cli/getting-started#updating-the-supabase-cli

Running 309 tests using 1 worker

Stopped services: [supabase_realtime_ANASAQ.ME supabase_imgproxy_ANASAQ.ME supabase_analytics_ANASAQ.ME supabase_vector_ANASAQ.ME supabase_pooler_ANASAQ.ME]
A new version of Supabase CLI is available: v2.120.0 (currently installed v2.106.0)
We recommend updating regularly for new features and bug fixes: https://supabase.com/docs/guides/cli/getting-started#updating-the-supabase-cli
Stopped services: [supabase_realtime_ANASAQ.ME supabase_imgproxy_ANASAQ.ME supabase_analytics_ANASAQ.ME supabase_vector_ANASAQ.ME supabase_pooler_ANASAQ.ME]
A new version of Supabase CLI is available: v2.120.0 (currently installed v2.106.0)
We recommend updating regularly for new features and bug fixes: https://supabase.com/docs/guides/cli/getting-started#updating-the-supabase-cli
  ok   1 [chromium] › tests\e2e\cart-checkout.spec.ts:356:1 › the store lists the fixture product and its page prices every variant (6.2s)
  ok   2 [chromium] › tests\e2e\cart-checkout.spec.ts:369:1 › while checkout is off, the cart and the checkout say so (11.9s)
  ok   3 [chromium] › tests\e2e\cart-checkout.spec.ts:380:1 › the cart persists across reload, follows the live quote and removes a line (9.7s)
  ok   4 [chromium] › tests\e2e\cart-checkout.spec.ts:413:1 › a digital-only cart shows no city; the coupon applies and the discount shows (5.6s)
  ok   5 [chromium] › tests\e2e\cart-checkout.spec.ts:425:1 › a signed line gets its dedication field in the cart (5.5s)
  ok   6 [chromium] › tests\e2e\cart-checkout.spec.ts:434:1 › with checkout on: order, hold view with its payment link, kept cart, reload and cancel (15.6s)
  ok   7 [chromium] › tests\e2e\cart-checkout.spec.ts:511:1 › a price change between the quote and the submit asks for confirmation, then succeeds (12.4s)
  ok   8 [chromium] › tests\e2e\cart-checkout.spec.ts:544:1 › paying on the invoice page brings the buyer back to «تم الدفع», and only then are the cart and the stored order cleared (16.3s)
  ok   9 [chromium] › tests\e2e\cart-checkout.spec.ts:571:1 › a cancel that finds the invoice paid says a payment arrived and clears nothing; the return page then tells the rest (9.6s)
  ok  10 [chromium] › tests\e2e\cart-checkout.spec.ts:597:1 › «نجهّز صفحة الدفع…» when the first call is lost after the provider made the invoice, and the retry finds that one invoice (13.0s)
  ok  11 [chromium] › tests\e2e\cart-checkout.spec.ts:614:1 › «تعذّر تجهيز الدفع؛ حاول بعد لحظات.» when the provider refuses, and the retry makes the invoice (7.9s)
  ok  12 [chromium] › tests\e2e\cart-checkout.spec.ts:628:1 › a stored order whose `pay` the function refuses (closed store, throttle) shows its words with the retry, and the retry works (6.5s)
  ok  13 [chromium] › tests\e2e\cart-checkout.spec.ts:673:1 › a cancel the function refuses (a payment under way, the throttle) shows its words and keeps the hold view (5.9s)
  ok  14 [chromium] › tests\e2e\cart-checkout.spec.ts:721:1 › a stored order that cannot be paid here: a payment under review says so and keeps the order; another payment mode claims no payment and offers the cancel (5.8s)
  ok  15 [chromium] › tests\e2e\cart-checkout.spec.ts:759:1 › a stored order the function does not know is forgotten, and the form is shown again (6.5s)
  ok  16 [chromium] › tests\e2e\cart-checkout.spec.ts:774:1 › at the hold's end the view asks the function: a device clock that runs ahead ends nothing, and a hold that is over ends the view (11.4s)
  ok  17 [chromium] › tests\e2e\cart-checkout.spec.ts:826:1 › when the function says the hold is over, a reload ends the view the same way (14.4s)
  ok  18 [chromium] › tests\e2e\cart-checkout.spec.ts:840:1 › ACTIVE_HOLD hands the held order back to the same email when the tab lost it, and not to another email (20.9s)
  ok  19 [chromium] › tests\e2e\cart-checkout.spec.ts:873:1 › the return page without the token says paid, offers no order link, and clears nothing it does not hold (8.1s)
  ok  20 [chromium] › tests\e2e\cart-checkout.spec.ts:892:1 › the return page ignores a forged status in the address: an unpaid order stays unpaid (6.5s)
  ok  21 [chromium] › tests\e2e\cart-checkout.spec.ts:919:1 › the return page keeps asking until the provider's payment is settled, then stops asking and only then clears the cart (21.6s)
  ok  22 [chromium] › tests\e2e\cart-checkout.spec.ts:963:1 › the return page tells a throttle from a lost connection from an unknown order, and «تحديث» asks once more (5.3s)
  ok  23 [chromium] › tests\e2e\cart-checkout.spec.ts:1017:3 › the return page words a needs_resolution order, and keeps it (6.4s)
  ok  24 [chromium] › tests\e2e\cart-checkout.spec.ts:1017:3 › the return page words a review order, and keeps it (4.0s)
  ok  25 [chromium] › tests\e2e\cart-checkout.spec.ts:1017:3 › the return page words a refunded order, and keeps it (4.7s)
  ok  26 [chromium] › tests\e2e\cart-checkout.spec.ts:1017:3 › the return page words a expired order, and forgets it, keeping the cart (5.1s)
  ok  27 [chromium] › tests\e2e\cart-checkout.spec.ts:1017:3 › the return page words a cancelled order, and forgets it, keeping the cart (4.6s)
  ok  28 [chromium] › tests\e2e\cart-checkout.spec.ts:1057:1 › a return page with no order number at all says so and links to the recovery page (5.1s)
  ok  29 [chromium] › tests\e2e\cart-checkout.spec.ts:1067:1 › while the build's policy revisions differ from the quote's the form says so and stays off (11.5s)
  ok  30 [chromium] › tests\e2e\cart-checkout.spec.ts:1088:1 › a #test= fragment moves into sessionStorage, leaves the address bar, and rides the quote and nothing else (8.0s)
  ok  31 [chromium] › tests\e2e\cart-checkout.spec.ts:1102:1 › storage denied still allows a session cart, with the honest note (7.6s)
  ok  32 [chromium] › tests\e2e\cart-checkout.spec.ts:1120:1 › the store and a product page read without JavaScript (7.8s)
[WebServer] [browser] A tree hydrated but some attributes of the server rendered HTML didn't match the client properties. This won't be patched up. This can happen if a SSR-ed Client Component used:
[WebServer] 
[WebServer] - A server/client branch `if (typeof window !== 'undefined')`.
[WebServer] - Variable input such as `Date.now()` or `Math.random()` which changes each time it's called.
[WebServer] - Date formatting in a user's locale which doesn't match the server.
[WebServer] - External changing data without sending a snapshot of it along with the HTML.
[WebServer] - Invalid HTML tag nesting.
[WebServer] 
[WebServer] It can also happen if the client has a browser extension installed which messes with the HTML before React loaded.
[WebServer] 
[WebServer] https://react.dev/link/hydration-mismatch
[WebServer] 
[WebServer]   ...
[WebServer]     <RedirectBoundary>
[WebServer]       <RedirectErrorBoundary router={{...}}>
[WebServer]         <InnerLayoutRouter url="/store/e2e..." tree={[...]} params={{slug:"e2e-..."}} cacheNode={{rsc:{...}, ...}} ...>
[WebServer]           <SegmentViewNode type="page" pagePath="(public)/s...">
[WebServer]             <SegmentTrieNode>
[WebServer]             <ProductPage>
[WebServer]               <main id="main" className="store-modu...">
[WebServer]                 <div>
[WebServer]                 <header>
[WebServer]                 <div>
[WebServer]                 <Band>
[WebServer]                   <section data-tone="sand" className="band-modul...">
[WebServer]                     <div>
[WebServer]                     <noscript>
[WebServer]                     <ul className="store-modu...">
[WebServer]                       <li className="store-modu...">
[WebServer]                         <p>
[WebServer]                         <VariantAction variantId="c90036ca-8..." label="كتاب الاخت..." price="12.40 ر.س" preorder={null} ...>
[WebServer]                           <p>
[WebServer]                           <AddToCart variantId="c90036ca-8..." label="كتاب الاخت..." preorder={false}>
[WebServer]                             <div className="store-modu...">
[WebServer]                               <label className="store-modu...">
[WebServer]                                 <span>
[WebServer]                                 <input
[WebServer]                                   className="store-module__ji0kVG__quantityInput"
[WebServer]                                   type="number"
[WebServer]                                   min={1}
[WebServer]                                   max={20}
[WebServer]                                   inputMode="numeric"
[WebServer]                                   value="1"
[WebServer]                                   onChange={function onChange}
[WebServer]                                   onBlur={function onBlur}
[WebServer] -                                 style={{caret-color:"transparent"}}
[WebServer]                                 >
[WebServer]                               ...
[WebServer]                       <li className="store-modu...">
[WebServer]                         <p>
[WebServer]                         <VariantAction variantId="26f62b06-b..." label="كتاب الاخت..." price="51.70 ر.س" preorder={null} ...>
[WebServer]                           <p>
[WebServer]                           <AddToCart variantId="26f62b06-b..." label="كتاب الاخت..." preorder={false}>
[WebServer]                             <div className="store-modu...">
[WebServer]                               <label className="store-modu...">
[WebServer]                                 <span>
[WebServer]                                 <input
[WebServer]                                   className="store-module__ji0kVG__quantityInput"
[WebServer]                                   type="number"
[WebServer]                                   min={1}
[WebServer]                                   max={20}
[WebServer]                                   inputMode="numeric"
[WebServer]                                   value="1"
[WebServer]                                   onChange={function onChange}
[WebServer]                                   onBlur={function onBlur}
[WebServer] -                                 style={{caret-color:"transparent"}}
[WebServer]                                 >
[WebServer]                               ...
[WebServer]                       <li className="store-modu...">
[WebServer]                         <p>
[WebServer]                         <VariantAction variantId="d11b1b5a-d..." label="كتاب الاخت..." price="23.60 ر.س" preorder={null} ...>
[WebServer]                           <p>
[WebServer]                           <AddToCart variantId="d11b1b5a-d..." label="كتاب الاخت..." preorder={false}>
[WebServer]                             <div className="store-modu...">
[WebServer]                               <label className="store-modu...">
[WebServer]                                 <span>
[WebServer]                                 <input
[WebServer]                                   className="store-module__ji0kVG__quantityInput"
[WebServer]                                   type="number"
[WebServer]                                   min={1}
[WebServer]                                   max={20}
[WebServer]                                   inputMode="numeric"
[WebServer]                                   value="1"
[WebServer]                                   onChange={function onChange}
[WebServer]                                   onBlur={function onBlur}
[WebServer] -                                 style={{caret-color:"transparent"}}
[WebServer]                                 >
[WebServer]                               ...
[WebServer]           ...
[WebServer]         ...
[WebServer]  
  ok  33 [chromium] › tests\e2e\cart-checkout.spec.ts:1133:3 › screenshots and overflow at 360 (26.9s)
[WebServer] [browser] A tree hydrated but some attributes of the server rendered HTML didn't match the client properties. This won't be patched up. This can happen if a SSR-ed Client Component used:
[WebServer] 
[WebServer] - A server/client branch `if (typeof window !== 'undefined')`.
[WebServer] - Variable input such as `Date.now()` or `Math.random()` which changes each time it's called.
[WebServer] - Date formatting in a user's locale which doesn't match the server.
[WebServer] - External changing data without sending a snapshot of it along with the HTML.
[WebServer] - Invalid HTML tag nesting.
[WebServer] 
[WebServer] It can also happen if the client has a browser extension installed which messes with the HTML before React loaded.
[WebServer] 
[WebServer] https://react.dev/link/hydration-mismatch
[WebServer] 
[WebServer]   ...
[WebServer]     <RedirectBoundary>
[WebServer]       <RedirectErrorBoundary router={{...}}>
[WebServer]         <InnerLayoutRouter url="/store/e2e..." tree={[...]} params={{slug:"e2e-..."}} cacheNode={{rsc:{...}, ...}} ...>
[WebServer]           <SegmentViewNode type="page" pagePath="(public)/s...">
[WebServer]             <SegmentTrieNode>
[WebServer]             <ProductPage>
[WebServer]               <main id="main" className="store-modu...">
[WebServer]                 <div>
[WebServer]                 <header>
[WebServer]                 <div>
[WebServer]                 <Band>
[WebServer]                   <section data-tone="sand" className="band-modul...">
[WebServer]                     <div>
[WebServer]                     <noscript>
[WebServer]                     <ul className="store-modu...">
[WebServer]                       <li>
[WebServer]                       <li className="store-modu...">
[WebServer]                         <p>
[WebServer]                         <VariantAction variantId="26f62b06-b..." label="كتاب الاخت..." price="51.70 ر.س" preorder={null} ...>
[WebServer]                           <p>
[WebServer]                           <AddToCart variantId="26f62b06-b..." label="كتاب الاخت..." preorder={false}>
[WebServer]                             <div className="store-modu...">
[WebServer]                               <label className="store-modu...">
[WebServer]                                 <span>
[WebServer]                                 <input
[WebServer]                                   className="store-module__ji0kVG__quantityInput"
[WebServer]                                   type="number"
[WebServer]                                   min={1}
[WebServer]                                   max={20}
[WebServer]                                   inputMode="numeric"
[WebServer]                                   value="1"
[WebServer]                                   onChange={function onChange}
[WebServer]                                   onBlur={function onBlur}
[WebServer] -                                 style={{caret-color:"transparent"}}
[WebServer]                                 >
[WebServer]                               ...
[WebServer]                       <li className="store-modu...">
[WebServer]                         <p>
[WebServer]                         <VariantAction variantId="d11b1b5a-d..." label="كتاب الاخت..." price="23.60 ر.س" preorder={null} ...>
[WebServer]                           <p>
[WebServer]                           <AddToCart variantId="d11b1b5a-d..." label="كتاب الاخت..." preorder={false}>
[WebServer]                             <div className="store-modu...">
[WebServer]                               <label className="store-modu...">
[WebServer]                                 <span>
[WebServer]                                 <input
[WebServer]                                   className="store-module__ji0kVG__quantityInput"
[WebServer]                                   type="number"
[WebServer]                                   min={1}
[WebServer]                                   max={20}
[WebServer]                                   inputMode="numeric"
[WebServer]                                   value="1"
[WebServer]                                   onChange={function onChange}
[WebServer]                                   onBlur={function onBlur}
[WebServer] -                                 style={{caret-color:"transparent"}}
[WebServer]                                 >
[WebServer]                               ...
[WebServer]           ...
[WebServer]         ...
[WebServer]  
  x   34 [chromium] › tests\e2e\cart-checkout.spec.ts:1133:3 › screenshots and overflow at 1440 (32.0s)
Stopped services: [supabase_realtime_ANASAQ.ME supabase_imgproxy_ANASAQ.ME supabase_analytics_ANASAQ.ME supabase_vector_ANASAQ.ME supabase_pooler_ANASAQ.ME]
A new version of Supabase CLI is available: v2.120.0 (currently installed v2.106.0)
We recommend updating regularly for new features and bug fixes: https://supabase.com/docs/guides/cli/getting-started#updating-the-supabase-cli
Stopped services: [supabase_realtime_ANASAQ.ME supabase_imgproxy_ANASAQ.ME supabase_analytics_ANASAQ.ME supabase_vector_ANASAQ.ME supabase_pooler_ANASAQ.ME]
A new version of Supabase CLI is available: v2.120.0 (currently installed v2.106.0)
We recommend updating regularly for new features and bug fixes: https://supabase.com/docs/guides/cli/getting-started#updating-the-supabase-cli
  ok  35 [chromium] › tests\e2e\checkout-api.spec.ts:102:1 › a quote for a fixture product prices the cart (1.7s)
  ok  36 [chromium] › tests\e2e\checkout-api.spec.ts:119:1 › a create while checkout is off is 503 CHECKOUT_DISABLED (388ms)
  ok  37 [chromium] › tests\e2e\checkout-api.spec.ts:139:1 › with checkout on: create, repeat and cancel (1.1s)
  ok  38 [chromium] › tests\e2e\checkout-api.spec.ts:203:1 › a foreign Origin is 403 (116ms)
  ok  39 [chromium] › tests\e2e\order-page.spec.ts:213:5 › at 360px › order page: the link's fragment is stored, leaves the address bar and reaches no later page (11.5s)
  ok  40 [chromium] › tests\e2e\order-page.spec.ts:241:5 › at 360px › order page: a lower-case number in the link is folded, a link that is not one is ignored and still leaves the address bar (16.4s)
  ok  41 [chromium] › tests\e2e\order-page.spec.ts:261:5 › at 360px › order page: a second link opened in the same tab replaces the first (6.6s)
  ok  42 [chromium] › tests\e2e\order-page.spec.ts:289:5 › at 360px › order page: an order whose hold ended while its payment is still open offers no invoice: the invoice ended with the hold (5.3s)
  ok  43 [chromium] › tests\e2e\order-page.spec.ts:297:7 › at 360px › order page: a paid order says «مدفوع.» (4.1s)
  ok  44 [chromium] › tests\e2e\order-page.spec.ts:297:7 › at 360px › order page: a pending order says «بانتظار الدفع.» (4.2s)
  ok  45 [chromium] › tests\e2e\order-page.spec.ts:297:7 › at 360px › order page: a pending with no invoice link order says «بانتظار الدفع.» (5.3s)
  ok  46 [chromium] › tests\e2e\order-page.spec.ts:297:7 › at 360px › order page: a needs resolution order says «وصلتنا دفعتك ونراجع طلبك؛ سنتواصل معك عبر البريد.» (7.8s)
  ok  47 [chromium] › tests\e2e\order-page.spec.ts:297:7 › at 360px › order page: a a payment under review order says «وصلتنا دفعتك ونراجع طلبك؛ سنتواصل معك عبر البريد.» (4.4s)
  ok  48 [chromium] › tests\e2e\order-page.spec.ts:297:7 › at 360px › order page: a refunded order says «أُعيد مبلغ هذا الطلب.» (5.2s)
  ok  49 [chromium] › tests\e2e\order-page.spec.ts:297:7 › at 360px › order page: a expired order says «انتهت مدة حجز الطلب.» (4.3s)
  ok  50 [chromium] › tests\e2e\order-page.spec.ts:297:7 › at 360px › order page: a cancelled order says «أُلغي الطلب.» (4.2s)
  ok  51 [chromium] › tests\e2e\order-page.spec.ts:311:5 › at 360px › order page: a live order shows no test-mode note, and the totals read as the cart shows them (5.7s)
  ok  52 [chromium] › tests\e2e\order-page.spec.ts:326:5 › at 360px › order page: no discount, no refund and a digital-only order show no such row and no delivery row (3.8s)
  ok  53 [chromium] › tests\e2e\order-page.spec.ts:336:5 › at 360px › order page: a shipped line shows its carrier and tracking as plain selectable text; long titles and tracking wrap (4.5s)
  ok  54 [chromium] › tests\e2e\order-page.spec.ts:371:5 › at 360px › order page: a preorder line says when it ships and shows its stored note under it (7.7s)
  ok  55 [chromium] › tests\e2e\order-page.spec.ts:392:5 › at 360px › order page: a digital line offers «تنزيل» only when its file is ready, and says why not otherwise (6.1s)
  ok  56 [chromium] › tests\e2e\order-page.spec.ts:415:5 › at 360px › order page: «تنزيل» issues then redeems with the right bodies, and the browser is sent the file link (5.1s)
  ok  57 [chromium] › tests\e2e\order-page.spec.ts:462:5 › at 360px › order page: a refused download says why and keeps the button; a 404 reads the order again (7.1s)
  ok  58 [chromium] › tests\e2e\order-page.spec.ts:501:5 › at 360px › order page: a redeem that the function refuses says so, and never navigates (6.1s)
  ok  59 [chromium] › tests\e2e\order-page.spec.ts:514:5 › at 360px › order page: a download that finds the file gone keeps its words and the focus when the order is read again and the button goes (10.5s)
  ok  60 [chromium] › tests\e2e\order-page.spec.ts:554:5 › at 360px › order page: the return form asks for a quantity per returnable line and a reason, and files a request (8.1s)
  ok  61 [chromium] › tests\e2e\order-page.spec.ts:645:5 › at 360px › order page: each refusal of a return request shows its words in the form and keeps what was typed (11.1s)
  ok  62 [chromium] › tests\e2e\order-page.spec.ts:687:5 › at 360px › order page: a return request that finds the order gone forgets the link and offers the recovery form (7.8s)
  ok  63 [chromium] › tests\e2e\order-page.spec.ts:709:5 › at 360px › order page: with no link the recovery form gives the same sentence for every address (13.6s)
  ok  64 [chromium] › tests\e2e\order-page.spec.ts:754:5 › at 360px › order page: a recovery that is refused says so, keeps the form, and retries with a fresh Turnstile token (8.0s)
  ok  65 [chromium] › tests\e2e\order-page.spec.ts:799:5 › at 360px › order page: a 404 forgets the stored link, says so and offers the recovery form (10.9s)
  ok  66 [chromium] › tests\e2e\order-page.spec.ts:815:5 › at 360px › order page: a link that is dead, opened after a recovery was sent, says so and offers the form again (7.5s)
  ok  67 [chromium] › tests\e2e\order-page.spec.ts:834:5 › at 360px › order page: a throttle and a lost connection show their sentence and «تحديث», which is aria-disabled while it asks and hands the focus to the order's sentence (6.9s)
  ok  68 [chromium] › tests\e2e\order-page.spec.ts:875:5 › at 360px › order page: a reply that does not fit is shown as the network sentence, never as an order (6.8s)
  ok  69 [chromium] › tests\e2e\order-page.spec.ts:902:5 › at 360px › order page: the whole order has one h1, labelled fields, 44px targets and no horizontal overflow (6.0s)
  ok  70 [chromium] › tests\e2e\order-page.spec.ts:965:5 › at 360px › order page: the reveal detector sees a reveal on a story page (the control of the calm checks) (12.8s)
  ok  71 [chromium] › tests\e2e\order-page.spec.ts:983:11 › at 360px › at 1000px high › order page: the order page is calm: no reveal is held or played, and the title only fades in briefly (11.4s)
  ok  72 [chromium] › tests\e2e\order-page.spec.ts:983:11 › at 360px › at 1000px high › order page: the confirmation page is calm: no reveal is held or played, and the title only fades in briefly (5.9s)
  ok  73 [chromium] › tests\e2e\order-page.spec.ts:983:11 › at 360px › at 1000px high › order page: the unsubscribe page is calm: no reveal is held or played, and the title only fades in briefly (6.3s)
  ok  74 [chromium] › tests\e2e\order-page.spec.ts:983:11 › at 360px › at 640px high › order page: the order page is calm: no reveal is held or played, and the title only fades in briefly (7.0s)
  ok  75 [chromium] › tests\e2e\order-page.spec.ts:983:11 › at 360px › at 640px high › order page: the confirmation page is calm: no reveal is held or played, and the title only fades in briefly (5.4s)
  ok  76 [chromium] › tests\e2e\order-page.spec.ts:983:11 › at 360px › at 640px high › order page: the unsubscribe page is calm: no reveal is held or played, and the title only fades in briefly (6.4s)
  ok  77 [chromium] › tests\e2e\order-page.spec.ts:1006:5 › at 360px › order page: every control is reachable and operable with the keyboard alone (10.6s)
  ok  78 [chromium] › tests\e2e\order-page.spec.ts:1067:5 › at 360px › order page: the recovery form is operable with the keyboard alone (6.3s)
  ok  79 [chromium] › tests\e2e\order-page.spec.ts:1106:7 › at 360px › notify confirm: a second link opened in the same tab replaces the first and leaves the address bar too (8.9s)
  ok  80 [chromium] › tests\e2e\order-page.spec.ts:1120:7 › at 360px › notify confirm: nothing is sent before the press, then one call and the sentence that ends the page (11.4s)
  ok  81 [chromium] › tests\e2e\order-page.spec.ts:1155:7 › at 360px › notify confirm: a throttle and a lost connection keep the button, a dead link ends the page (7.0s)
  ok  82 [chromium] › tests\e2e\order-page.spec.ts:1199:7 › at 360px › notify confirm: a link with no token says it is incomplete and offers no button (6.8s)
  ok  83 [chromium] › tests\e2e\order-page.spec.ts:1106:7 › at 360px › notify unsubscribe: a second link opened in the same tab replaces the first and leaves the address bar too (6.8s)
  ok  84 [chromium] › tests\e2e\order-page.spec.ts:1120:7 › at 360px › notify unsubscribe: nothing is sent before the press, then one call and the sentence that ends the page (10.6s)
  ok  85 [chromium] › tests\e2e\order-page.spec.ts:1155:7 › at 360px › notify unsubscribe: a throttle and a lost connection keep the button, a dead link ends the page (6.4s)
  ok  86 [chromium] › tests\e2e\order-page.spec.ts:1199:7 › at 360px › notify unsubscribe: a link with no token says it is incomplete and offers no button (8.5s)
  ok  87 [chromium] › tests\e2e\order-page.spec.ts:213:5 › at 1440px › order page: the link's fragment is stored, leaves the address bar and reaches no later page (13.3s)
  ok  88 [chromium] › tests\e2e\order-page.spec.ts:241:5 › at 1440px › order page: a lower-case number in the link is folded, a link that is not one is ignored and still leaves the address bar (18.0s)
  ok  89 [chromium] › tests\e2e\order-page.spec.ts:261:5 › at 1440px › order page: a second link opened in the same tab replaces the first (9.6s)
  ok  90 [chromium] › tests\e2e\order-page.spec.ts:289:5 › at 1440px › order page: an order whose hold ended while its payment is still open offers no invoice: the invoice ended with the hold (7.6s)
  ok  91 [chromium] › tests\e2e\order-page.spec.ts:297:7 › at 1440px › order page: a paid order says «مدفوع.» (5.9s)
  ok  92 [chromium] › tests\e2e\order-page.spec.ts:297:7 › at 1440px › order page: a pending order says «بانتظار الدفع.» (7.9s)
  ok  93 [chromium] › tests\e2e\order-page.spec.ts:297:7 › at 1440px › order page: a pending with no invoice link order says «بانتظار الدفع.» (9.7s)
  ok  94 [chromium] › tests\e2e\order-page.spec.ts:297:7 › at 1440px › order page: a needs resolution order says «وصلتنا دفعتك ونراجع طلبك؛ سنتواصل معك عبر البريد.» (6.7s)
  ok  95 [chromium] › tests\e2e\order-page.spec.ts:297:7 › at 1440px › order page: a a payment under review order says «وصلتنا دفعتك ونراجع طلبك؛ سنتواصل معك عبر البريد.» (5.2s)
  ok  96 [chromium] › tests\e2e\order-page.spec.ts:297:7 › at 1440px › order page: a refunded order says «أُعيد مبلغ هذا الطلب.» (5.3s)
  ok  97 [chromium] › tests\e2e\order-page.spec.ts:297:7 › at 1440px › order page: a expired order says «انتهت مدة حجز الطلب.» (4.7s)
  ok  98 [chromium] › tests\e2e\order-page.spec.ts:297:7 › at 1440px › order page: a cancelled order says «أُلغي الطلب.» (5.3s)
  ok  99 [chromium] › tests\e2e\order-page.spec.ts:311:5 › at 1440px › order page: a live order shows no test-mode note, and the totals read as the cart shows them (4.3s)
  ok 100 [chromium] › tests\e2e\order-page.spec.ts:326:5 › at 1440px › order page: no discount, no refund and a digital-only order show no such row and no delivery row (5.0s)
  ok 101 [chromium] › tests\e2e\order-page.spec.ts:336:5 › at 1440px › order page: a shipped line shows its carrier and tracking as plain selectable text; long titles and tracking wrap (5.4s)
  ok 102 [chromium] › tests\e2e\order-page.spec.ts:371:5 › at 1440px › order page: a preorder line says when it ships and shows its stored note under it (7.0s)
  ok 103 [chromium] › tests\e2e\order-page.spec.ts:392:5 › at 1440px › order page: a digital line offers «تنزيل» only when its file is ready, and says why not otherwise (4.5s)
  ok 104 [chromium] › tests\e2e\order-page.spec.ts:415:5 › at 1440px › order page: «تنزيل» issues then redeems with the right bodies, and the browser is sent the file link (6.0s)
  ok 105 [chromium] › tests\e2e\order-page.spec.ts:462:5 › at 1440px › order page: a refused download says why and keeps the button; a 404 reads the order again (5.7s)
  ok 106 [chromium] › tests\e2e\order-page.spec.ts:501:5 › at 1440px › order page: a redeem that the function refuses says so, and never navigates (4.4s)
  ok 107 [chromium] › tests\e2e\order-page.spec.ts:514:5 › at 1440px › order page: a download that finds the file gone keeps its words and the focus when the order is read again and the button goes (8.1s)
  ok 108 [chromium] › tests\e2e\order-page.spec.ts:554:5 › at 1440px › order page: the return form asks for a quantity per returnable line and a reason, and files a request (8.1s)
  ok 109 [chromium] › tests\e2e\order-page.spec.ts:645:5 › at 1440px › order page: each refusal of a return request shows its words in the form and keeps what was typed (7.3s)
  ok 110 [chromium] › tests\e2e\order-page.spec.ts:687:5 › at 1440px › order page: a return request that finds the order gone forgets the link and offers the recovery form (8.2s)
  ok 111 [chromium] › tests\e2e\order-page.spec.ts:709:5 › at 1440px › order page: with no link the recovery form gives the same sentence for every address (8.9s)
  ok 112 [chromium] › tests\e2e\order-page.spec.ts:754:5 › at 1440px › order page: a recovery that is refused says so, keeps the form, and retries with a fresh Turnstile token (7.7s)
  ok 113 [chromium] › tests\e2e\order-page.spec.ts:799:5 › at 1440px › order page: a 404 forgets the stored link, says so and offers the recovery form (6.7s)
  ok 114 [chromium] › tests\e2e\order-page.spec.ts:815:5 › at 1440px › order page: a link that is dead, opened after a recovery was sent, says so and offers the form again (6.9s)
  ok 115 [chromium] › tests\e2e\order-page.spec.ts:834:5 › at 1440px › order page: a throttle and a lost connection show their sentence and «تحديث», which is aria-disabled while it asks and hands the focus to the order's sentence (6.3s)
  ok 116 [chromium] › tests\e2e\order-page.spec.ts:875:5 › at 1440px › order page: a reply that does not fit is shown as the network sentence, never as an order (4.5s)
  ok 117 [chromium] › tests\e2e\order-page.spec.ts:902:5 › at 1440px › order page: the whole order has one h1, labelled fields, 44px targets and no horizontal overflow (8.0s)
  ok 118 [chromium] › tests\e2e\order-page.spec.ts:965:5 › at 1440px › order page: the reveal detector sees a reveal on a story page (the control of the calm checks) (9.2s)
  ok 119 [chromium] › tests\e2e\order-page.spec.ts:983:11 › at 1440px › at 1000px high › order page: the order page is calm: no reveal is held or played, and the title only fades in briefly (6.2s)
  ok 120 [chromium] › tests\e2e\order-page.spec.ts:983:11 › at 1440px › at 1000px high › order page: the confirmation page is calm: no reveal is held or played, and the title only fades in briefly (9.0s)
  ok 121 [chromium] › tests\e2e\order-page.spec.ts:983:11 › at 1440px › at 1000px high › order page: the unsubscribe page is calm: no reveal is held or played, and the title only fades in briefly (6.3s)
  ok 122 [chromium] › tests\e2e\order-page.spec.ts:983:11 › at 1440px › at 640px high › order page: the order page is calm: no reveal is held or played, and the title only fades in briefly (6.2s)
  ok 123 [chromium] › tests\e2e\order-page.spec.ts:983:11 › at 1440px › at 640px high › order page: the confirmation page is calm: no reveal is held or played, and the title only fades in briefly (4.4s)
  ok 124 [chromium] › tests\e2e\order-page.spec.ts:983:11 › at 1440px › at 640px high › order page: the unsubscribe page is calm: no reveal is held or played, and the title only fades in briefly (5.9s)
  ok 125 [chromium] › tests\e2e\order-page.spec.ts:1006:5 › at 1440px › order page: every control is reachable and operable with the keyboard alone (9.8s)
  ok 126 [chromium] › tests\e2e\order-page.spec.ts:1067:5 › at 1440px › order page: the recovery form is operable with the keyboard alone (8.3s)
  ok 127 [chromium] › tests\e2e\order-page.spec.ts:1106:7 › at 1440px › notify confirm: a second link opened in the same tab replaces the first and leaves the address bar too (13.8s)
  ok 128 [chromium] › tests\e2e\order-page.spec.ts:1120:7 › at 1440px › notify confirm: nothing is sent before the press, then one call and the sentence that ends the page (14.5s)
  ok 129 [chromium] › tests\e2e\order-page.spec.ts:1155:7 › at 1440px › notify confirm: a throttle and a lost connection keep the button, a dead link ends the page (7.2s)
  ok 130 [chromium] › tests\e2e\order-page.spec.ts:1199:7 › at 1440px › notify confirm: a link with no token says it is incomplete and offers no button (9.1s)
  ok 131 [chromium] › tests\e2e\order-page.spec.ts:1106:7 › at 1440px › notify unsubscribe: a second link opened in the same tab replaces the first and leaves the address bar too (8.5s)
  ok 132 [chromium] › tests\e2e\order-page.spec.ts:1120:7 › at 1440px › notify unsubscribe: nothing is sent before the press, then one call and the sentence that ends the page (11.2s)
  ok 133 [chromium] › tests\e2e\order-page.spec.ts:1155:7 › at 1440px › notify unsubscribe: a throttle and a lost connection keep the button, a dead link ends the page (6.7s)
  ok 134 [chromium] › tests\e2e\order-page.spec.ts:1199:7 › at 1440px › notify unsubscribe: a link with no token says it is incomplete and offers no button (5.8s)
Stopped services: [supabase_realtime_ANASAQ.ME supabase_imgproxy_ANASAQ.ME supabase_analytics_ANASAQ.ME supabase_vector_ANASAQ.ME supabase_pooler_ANASAQ.ME]
A new version of Supabase CLI is available: v2.120.0 (currently installed v2.106.0)
We recommend updating regularly for new features and bug fixes: https://supabase.com/docs/guides/cli/getting-started#updating-the-supabase-cli
  ok 135 [chromium] › tests\e2e\orders-admin.spec.ts:367:7 › at 360px › the owner › the list: the alerts line, every filter that has data, the search by number and by email, the fields of a row (22.7s)
  ok 136 [chromium] › tests\e2e\orders-admin.spec.ts:475:7 › at 360px › the owner › the customers list links to a customer's orders: the address goes in the fragment, fills the search and leaves the address bar (20.1s)
  ok 137 [chromium] › tests\e2e\orders-admin.spec.ts:497:7 › at 360px › the owner › «المزيد» appends the next page with the cursor the first one gave, until there is none (12.1s)
  ok 138 [chromium] › tests\e2e\orders-admin.spec.ts:537:7 › at 360px › the owner › an empty list says so; a failed or unreadable one says it could not load, and «تحديث» asks again (17.7s)
  ok 139 [chromium] › tests\e2e\orders-admin.spec.ts:566:7 › at 360px › the owner › the view: every section in its order, the evidence of the payment, the lines, the shipping and the owner’s audit (18.9s)
  ok 140 [chromium] › tests\e2e\orders-admin.spec.ts:650:7 › at 360px › the owner › the view of a refunded order: the line says «مُعاد بالكامل» and the refund is listed, read-only (17.8s)
  ok 141 [chromium] › tests\e2e\orders-admin.spec.ts:673:7 › at 360px › the owner › a pending order shows when its hold ends; a missing or malformed id is «لم نجد هذا الطلب.» and asks nothing (33.3s)
  ok 142 [chromium] › tests\e2e\orders-admin.spec.ts:698:7 › at 360px › the owner › a failed or unreadable view says it could not load, and «تحديث» reads it again (13.9s)
  ok 143 [chromium] › tests\e2e\orders-admin.spec.ts:716:7 › at 360px › the owner › the owner’s disputes and audit rows are drawn, read-only, with their codes left to right (9.2s)
  ok 144 [chromium] › tests\e2e\orders-admin.spec.ts:769:7 › at 360px › the owner › fulfilment: a form refusal, the signed line refused before its dedication then shipped after «تم الإهداء», delivery, and one request for a double press (26.6s)
  ok 145 [chromium] › tests\e2e\orders-admin.spec.ts:872:7 › at 360px › the owner › a refusal for lack of rights, a server error and a reply that is not one are said as they are, and the order is not changed (22.3s)
  ok 146 [chromium] › tests\e2e\orders-admin.spec.ts:895:7 › at 360px › the owner › a return: the owner accepts it with a note, then receives it and puts one of two units back on the shelf (17.9s)
  ok 147 [chromium] › tests\e2e\orders-admin.spec.ts:936:7 › at 360px › the owner › a return still being decided: «رفض», a decision made too late, the layout of its card (9.7s)
  ok 148 [chromium] › tests\e2e\orders-admin.spec.ts:966:7 › at 360px › the owner › a fully refunded line still being prepared is shown but cannot be chosen, and the order leaves «للشحن» once its other line ships (15.6s)
  ok 149 [chromium] › tests\e2e\orders-admin.spec.ts:997:7 › at 360px › the owner › shipping an order that was refunded meanwhile is refused as unpaid, and the screen then shows what the order is (8.5s)
  ok 150 [chromium] › tests\e2e\orders-admin.spec.ts:1015:7 › at 360px › the owner › a preorder line shows its delivery date and note, and has no restock field when it is returned (14.4s)
  ok 151 [chromium] › tests\e2e\orders-admin.spec.ts:1042:7 › at 360px › the owner › «إكمال الطلب» is refused while a refund of the order is in flight, and says so when the order was completed from another session (9.7s)
  ok 152 [chromium] › tests\e2e\orders-admin.spec.ts:1084:7 › at 360px › the owner › a paid order whose stock was gone: «إكمال الطلب» asks twice, is refused while the stock is short, and completes once it is raised (12.1s)
  ok 153 [chromium] › tests\e2e\orders-admin.spec.ts:1125:7 › at 360px › the owner › review payments: listed with their reason, closed by the owner with a reason, and a payment closed meanwhile is said so (11.7s)
  ok 154 [chromium] › tests\e2e\orders-admin.spec.ts:1175:7 › at 360px › the owner › the home: the counts of the orders section are the ones the function answers, with the low stock listed (10.7s)
  ok 155 [chromium] › tests\e2e\orders-admin.spec.ts:1209:7 › at 360px › the owner › the home says the orders could not load, never zero; the list says it too (8.9s)
  ok 156 [chromium] › tests\e2e\orders-admin.spec.ts:1226:7 › at 360px › the owner › the list at its width: no sideways page, 44px targets, the nav entry after «المتجر», a screenshot (7.9s)
  ok 157 [chromium] › tests\e2e\orders-admin.spec.ts:1241:7 › at 360px › an operations member › sees the orders and the alerts line without the owner’s count, and an order without the owner’s parts (9.9s)
  ok 158 [chromium] › tests\e2e\orders-admin.spec.ts:1266:7 › at 360px › an operations member › ships lines, decides a return and receives one with no restock field, and may not resolve an order (10.9s)
  ok 159 [chromium] › tests\e2e\orders-admin.spec.ts:1306:7 › at 360px › an operations member › the home counts three things, not the owner’s fourth (8.2s)
  ok 160 [chromium] › tests\e2e\orders-admin.spec.ts:1319:7 › at 360px › an editor › is told there is no access, has no entry in the nav, and nothing is asked (7.2s)
  ok 161 [chromium] › tests\e2e\orders-admin.spec.ts:367:7 › at 1440px › the owner › the list: the alerts line, every filter that has data, the search by number and by email, the fields of a row (14.4s)
  ok 162 [chromium] › tests\e2e\orders-admin.spec.ts:475:7 › at 1440px › the owner › the customers list links to a customer's orders: the address goes in the fragment, fills the search and leaves the address bar (6.0s)
  ok 163 [chromium] › tests\e2e\orders-admin.spec.ts:497:7 › at 1440px › the owner › «المزيد» appends the next page with the cursor the first one gave, until there is none (8.5s)
  ok 164 [chromium] › tests\e2e\orders-admin.spec.ts:537:7 › at 1440px › the owner › an empty list says so; a failed or unreadable one says it could not load, and «تحديث» asks again (10.0s)
  ok 165 [chromium] › tests\e2e\orders-admin.spec.ts:566:7 › at 1440px › the owner › the view: every section in its order, the evidence of the payment, the lines, the shipping and the owner’s audit (9.8s)
  ok 166 [chromium] › tests\e2e\orders-admin.spec.ts:650:7 › at 1440px › the owner › the view of a refunded order: the line says «مُعاد بالكامل» and the refund is listed, read-only (5.7s)
  ok 167 [chromium] › tests\e2e\orders-admin.spec.ts:673:7 › at 1440px › the owner › a pending order shows when its hold ends; a missing or malformed id is «لم نجد هذا الطلب.» and asks nothing (16.5s)
  ok 168 [chromium] › tests\e2e\orders-admin.spec.ts:698:7 › at 1440px › the owner › a failed or unreadable view says it could not load, and «تحديث» reads it again (4.1s)
  ok 169 [chromium] › tests\e2e\orders-admin.spec.ts:716:7 › at 1440px › the owner › the owner’s disputes and audit rows are drawn, read-only, with their codes left to right (6.4s)
  ok 170 [chromium] › tests\e2e\orders-admin.spec.ts:769:7 › at 1440px › the owner › fulfilment: a form refusal, the signed line refused before its dedication then shipped after «تم الإهداء», delivery, and one request for a double press (19.5s)
  ok 171 [chromium] › tests\e2e\orders-admin.spec.ts:872:7 › at 1440px › the owner › a refusal for lack of rights, a server error and a reply that is not one are said as they are, and the order is not changed (10.6s)
  ok 172 [chromium] › tests\e2e\orders-admin.spec.ts:895:7 › at 1440px › the owner › a return: the owner accepts it with a note, then receives it and puts one of two units back on the shelf (7.3s)
  ok 173 [chromium] › tests\e2e\orders-admin.spec.ts:936:7 › at 1440px › the owner › a return still being decided: «رفض», a decision made too late, the layout of its card (10.5s)
  ok 174 [chromium] › tests\e2e\orders-admin.spec.ts:966:7 › at 1440px › the owner › a fully refunded line still being prepared is shown but cannot be chosen, and the order leaves «للشحن» once its other line ships (7.1s)
  ok 175 [chromium] › tests\e2e\orders-admin.spec.ts:997:7 › at 1440px › the owner › shipping an order that was refunded meanwhile is refused as unpaid, and the screen then shows what the order is (6.1s)
  ok 176 [chromium] › tests\e2e\orders-admin.spec.ts:1015:7 › at 1440px › the owner › a preorder line shows its delivery date and note, and has no restock field when it is returned (9.5s)
  ok 177 [chromium] › tests\e2e\orders-admin.spec.ts:1042:7 › at 1440px › the owner › «إكمال الطلب» is refused while a refund of the order is in flight, and says so when the order was completed from another session (9.3s)
  ok 178 [chromium] › tests\e2e\orders-admin.spec.ts:1084:7 › at 1440px › the owner › a paid order whose stock was gone: «إكمال الطلب» asks twice, is refused while the stock is short, and completes once it is raised (6.5s)
  ok 179 [chromium] › tests\e2e\orders-admin.spec.ts:1125:7 › at 1440px › the owner › review payments: listed with their reason, closed by the owner with a reason, and a payment closed meanwhile is said so (12.9s)
  ok 180 [chromium] › tests\e2e\orders-admin.spec.ts:1175:7 › at 1440px › the owner › the home: the counts of the orders section are the ones the function answers, with the low stock listed (6.0s)
  ok 181 [chromium] › tests\e2e\orders-admin.spec.ts:1209:7 › at 1440px › the owner › the home says the orders could not load, never zero; the list says it too (10.2s)
  ok 182 [chromium] › tests\e2e\orders-admin.spec.ts:1226:7 › at 1440px › the owner › the list at its width: no sideways page, 44px targets, the nav entry after «المتجر», a screenshot (5.8s)
  ok 183 [chromium] › tests\e2e\orders-admin.spec.ts:1241:7 › at 1440px › an operations member › sees the orders and the alerts line without the owner’s count, and an order without the owner’s parts (5.9s)
  ok 184 [chromium] › tests\e2e\orders-admin.spec.ts:1266:7 › at 1440px › an operations member › ships lines, decides a return and receives one with no restock field, and may not resolve an order (11.7s)
  ok 185 [chromium] › tests\e2e\orders-admin.spec.ts:1306:7 › at 1440px › an operations member › the home counts three things, not the owner’s fourth (8.9s)
  ok 186 [chromium] › tests\e2e\orders-admin.spec.ts:1319:7 › at 1440px › an editor › is told there is no access, has no entry in the nav, and nothing is asked (7.9s)
  ok 187 [chromium] › tests\e2e\orders-money.spec.ts:429:7 › at 360px › the owner › the order view: the payment’s events, and the owner’s money controls where they belong (10.9s)
  ok 188 [chromium] › tests\e2e\orders-money.spec.ts:470:7 › at 360px › the owner › the refund form: what is left, the refusals under the fields, the confirmation, and one request that carries one key through the step-up (19.1s)
  ok 189 [chromium] › tests\e2e\orders-money.spec.ts:576:7 › at 360px › the owner › every answer of a refund: made, sent and not yet confirmed, refused by the gateway, refused by the function, a refund the ledger lacks, a reply that cannot be read (29.5s)
  ok 190 [chromium] › tests\e2e\orders-money.spec.ts:676:7 › at 360px › the owner › a network failure keeps the confirmation and the key, a change renews the key, and a double press sends one request (21.9s)
  ok 191 [chromium] › tests\e2e\orders-money.spec.ts:719:7 › at 360px › the owner › an outage that takes the re-read down with the call leaves the order drawn with its confirmation and key, and the repeat is the same request (15.1s)
  ok 192 [chromium] › tests\e2e\orders-money.spec.ts:750:7 › at 360px › the owner › a reading that fails after any other action leaves the order drawn too, so a refund waiting for its repeat keeps its key (14.4s)
  ok 193 [chromium] › tests\e2e\orders-money.spec.ts:778:7 › at 360px › the owner › closing the code dialog says nothing and gives the focus back to the control that asked for it, the refund and the external record, and a repeat is the same request (23.6s)
  ok 194 [chromium] › tests\e2e\orders-money.spec.ts:831:7 › at 360px › the owner › a review payment: refunded for what is left of it, with an empty allocation, the order named when it has one (18.4s)
  ok 195 [chromium] › tests\e2e\orders-money.spec.ts:866:7 › at 360px › the owner › the rechecks: an attempt and a refund in flight, no code asked, and the order read again (29.6s)
  ok 196 [chromium] › tests\e2e\orders-money.spec.ts:903:7 › at 360px › the owner › a refund made at Moyasar’s own dashboard is recorded through the step-up, for the paying attempt and for a review payment (24.4s)
  ok 197 [chromium] › tests\e2e\orders-money.spec.ts:953:7 › at 360px › the owner › a dispute from the order: the paying attempt’s form, the item decision needing lines, the day not after today, recorded then repeated (33.6s)
  ok 198 [chromium] › tests\e2e\orders-money.spec.ts:1066:7 › at 360px › the owner › the reconciliation screen: every section from the lists, its caps and empty lists, the rechecks, the review payment’s own controls and a dismissed event (34.9s)
  ok 199 [chromium] › tests\e2e\orders-money.spec.ts:1180:7 › at 360px › the owner › the reconciliation screen: the external record of an attempt, the refund of a review payment that has no order, both through the step-up (24.1s)
  ok 200 [chromium] › tests\e2e\orders-money.spec.ts:1218:7 › at 360px › the owner › disputes on the reconciliation screen: a difference with no payment, a follow-up locked to its reference, recorded then repeated (24.0s)
  ok 201 [chromium] › tests\e2e\orders-money.spec.ts:1335:7 › at 360px › the owner › the owner’s count of what needs matching is a link to the reconciliation screen, on the list and on the home (13.9s)
  ok 202 [chromium] › tests\e2e\orders-money.spec.ts:1359:7 › at 360px › the owner › a refunded order has no refund form and no external record, only the recheck and the dispute of its attempt (8.0s)
  ok 203 [chromium] › tests\e2e\orders-money.spec.ts:1376:7 › at 360px › an operations member › sees the payment’s events and the refunds read-only, no money control, and no reconciliation: no call is made (17.2s)
  ok 204 [chromium] › tests\e2e\orders-money.spec.ts:1416:7 › at 360px › an editor › is refused the reconciliation screen and the order view, and nothing is asked (8.0s)
  ok 205 [chromium] › tests\e2e\orders-money.spec.ts:429:7 › at 1440px › the owner › the order view: the payment’s events, and the owner’s money controls where they belong (9.0s)
  ok 206 [chromium] › tests\e2e\orders-money.spec.ts:470:7 › at 1440px › the owner › the refund form: what is left, the refusals under the fields, the confirmation, and one request that carries one key through the step-up (19.9s)
  ok 207 [chromium] › tests\e2e\orders-money.spec.ts:576:7 › at 1440px › the owner › every answer of a refund: made, sent and not yet confirmed, refused by the gateway, refused by the function, a refund the ledger lacks, a reply that cannot be read (28.5s)
  ok 208 [chromium] › tests\e2e\orders-money.spec.ts:676:7 › at 1440px › the owner › a network failure keeps the confirmation and the key, a change renews the key, and a double press sends one request (25.4s)
  ok 209 [chromium] › tests\e2e\orders-money.spec.ts:719:7 › at 1440px › the owner › an outage that takes the re-read down with the call leaves the order drawn with its confirmation and key, and the repeat is the same request (13.7s)
  ok 210 [chromium] › tests\e2e\orders-money.spec.ts:750:7 › at 1440px › the owner › a reading that fails after any other action leaves the order drawn too, so a refund waiting for its repeat keeps its key (13.9s)
  ok 211 [chromium] › tests\e2e\orders-money.spec.ts:778:7 › at 1440px › the owner › closing the code dialog says nothing and gives the focus back to the control that asked for it, the refund and the external record, and a repeat is the same request (22.4s)
  ok 212 [chromium] › tests\e2e\orders-money.spec.ts:831:7 › at 1440px › the owner › a review payment: refunded for what is left of it, with an empty allocation, the order named when it has one (11.2s)
  ok 213 [chromium] › tests\e2e\orders-money.spec.ts:866:7 › at 1440px › the owner › the rechecks: an attempt and a refund in flight, no code asked, and the order read again (14.8s)
  ok 214 [chromium] › tests\e2e\orders-money.spec.ts:903:7 › at 1440px › the owner › a refund made at Moyasar’s own dashboard is recorded through the step-up, for the paying attempt and for a review payment (20.4s)
  ok 215 [chromium] › tests\e2e\orders-money.spec.ts:953:7 › at 1440px › the owner › a dispute from the order: the paying attempt’s form, the item decision needing lines, the day not after today, recorded then repeated (36.2s)
  ok 216 [chromium] › tests\e2e\orders-money.spec.ts:1066:7 › at 1440px › the owner › the reconciliation screen: every section from the lists, its caps and empty lists, the rechecks, the review payment’s own controls and a dismissed event (39.1s)
  ok 217 [chromium] › tests\e2e\orders-money.spec.ts:1180:7 › at 1440px › the owner › the reconciliation screen: the external record of an attempt, the refund of a review payment that has no order, both through the step-up (13.8s)
  ok 218 [chromium] › tests\e2e\orders-money.spec.ts:1218:7 › at 1440px › the owner › disputes on the reconciliation screen: a difference with no payment, a follow-up locked to its reference, recorded then repeated (20.7s)
  ok 219 [chromium] › tests\e2e\orders-money.spec.ts:1335:7 › at 1440px › the owner › the owner’s count of what needs matching is a link to the reconciliation screen, on the list and on the home (24.0s)
  ok 220 [chromium] › tests\e2e\orders-money.spec.ts:1359:7 › at 1440px › the owner › a refunded order has no refund form and no external record, only the recheck and the dispute of its attempt (6.3s)
  ok 221 [chromium] › tests\e2e\orders-money.spec.ts:1376:7 › at 1440px › an operations member › sees the payment’s events and the refunds read-only, no money control, and no reconciliation: no call is made (17.5s)
  ok 222 [chromium] › tests\e2e\orders-money.spec.ts:1416:7 › at 1440px › an editor › is refused the reconciliation screen and the order view, and nothing is asked (8.9s)
Stopped services: [supabase_realtime_ANASAQ.ME supabase_imgproxy_ANASAQ.ME supabase_analytics_ANASAQ.ME supabase_vector_ANASAQ.ME supabase_pooler_ANASAQ.ME]
A new version of Supabase CLI is available: v2.120.0 (currently installed v2.106.0)
We recommend updating regularly for new features and bug fixes: https://supabase.com/docs/guides/cli/getting-started#updating-the-supabase-cli
  ok 223 [chromium] › tests\e2e\product-availability.spec.ts:299:5 › at 360px › a row is the add control, a preorder, out of stock with the sign-up, unpriced, or gone: each as the live state says (10.0s)
  ok 224 [chromium] › tests\e2e\product-availability.spec.ts:365:5 › at 360px › the database's own answer reaches the rows: the strict parser accepts what the function really returns (6.3s)
  ok 225 [chromium] › tests\e2e\product-availability.spec.ts:393:5 › at 360px › before the states arrive every priced row is what the static page made it, and nothing sells what is not there (10.5s)
  ok 226 [chromium] › tests\e2e\product-availability.spec.ts:419:5 › at 360px › a read that fails, or that is not what the function says, leaves today's controls and no preorder wording; the add control still works (25.5s)
  ok 227 [chromium] › tests\e2e\product-availability.spec.ts:453:5 › at 360px › a static product page, with JavaScript off, shows the price and the add control as before, and no preorder wording or form (5.9s)
  ok 228 [chromium] › tests\e2e\product-availability.spec.ts:469:5 › at 360px › Turnstile loads only when the form is focused or scrolled into view, with the action `notify` (16.9s)
widget host 300px wide in a row 318px wide at 360px
  ok 229 [chromium] › tests\e2e\product-availability.spec.ts:504:5 › at 360px › with Cloudflare's own widget the sign-up fits the row (evidence for the picture; nothing here depends on the widget solving) (13.9s)
  ok 230 [chromium] › tests\e2e\product-availability.spec.ts:525:5 › at 360px › a product page with no out-of-stock variant never loads Turnstile (11.5s)
  ok 231 [chromium] › tests\e2e\product-availability.spec.ts:536:5 › at 360px › the request: the variant, the normalized address, no privacy revision while none is published, and the token; then one sentence, with the focus (9.0s)
  ok 232 [chromium] › tests\e2e\product-availability.spec.ts:571:5 › at 360px › with a privacy policy published the form links it, and the request carries the revision this build rendered (15.7s)
  ok 233 [chromium] › tests\e2e\product-availability.spec.ts:612:5 › at 360px › every 200 is the same one sentence, whoever the address belongs to (15.4s)
  ok 234 [chromium] › tests\e2e\product-availability.spec.ts:631:5 › at 360px › an address the function refuses (422) is named under the field, the form stays, and a fixed address goes through with a fresh token (9.6s)
  ok 235 [chromium] › tests\e2e\product-availability.spec.ts:666:7 › at 360px › a throttle (429) shows a short message in an alert, keeps the form, resets the spent token and lets the next try through (8.6s)
  ok 236 [chromium] › tests\e2e\product-availability.spec.ts:666:7 › at 360px › a failed Turnstile check (400) shows a short message in an alert, keeps the form, resets the spent token and lets the next try through (9.9s)
  ok 237 [chromium] › tests\e2e\product-availability.spec.ts:666:7 › at 360px › Turnstile unavailable (503) shows a short message in an alert, keeps the form, resets the spent token and lets the next try through (9.5s)
  ok 238 [chromium] › tests\e2e\product-availability.spec.ts:666:7 › at 360px › a 429 with no words shows a short message in an alert, keeps the form, resets the spent token and lets the next try through (8.2s)
  ok 239 [chromium] › tests\e2e\product-availability.spec.ts:666:7 › at 360px › a server error with no words shows a short message in an alert, keeps the form, resets the spent token and lets the next try through (6.3s)
  ok 240 [chromium] › tests\e2e\product-availability.spec.ts:687:5 › at 360px › a lost connection, and a 200 that is not `{sent: true}`, are the network sentence and never the success one (8.0s)
  ok 241 [chromium] › tests\e2e\product-availability.spec.ts:706:5 › at 360px › an address that is not one, or a check not yet solved, sends nothing and says what is missing (8.2s)
  ok 242 [chromium] › tests\e2e\product-availability.spec.ts:732:5 › at 360px › the cart shows a preorder line's date and note under it, and a line that is not a preorder shows none (9.0s)
  ok 243 [chromium] › tests\e2e\product-availability.spec.ts:757:5 › at 360px › the checkout summary shows a preorder line's date and note before the buyer confirms (5.8s)
  ok 244 [chromium] › tests\e2e\product-availability.spec.ts:775:5 › at 360px › a quantity held for another order says so on the cart and on the checkout, not that the stock is short (8.8s)
  ok 245 [chromium] › tests\e2e\product-availability.spec.ts:802:5 › at 360px › the return page offers «متابعة الدفع» only while the function gives the invoice link, and goes on verifying without it (4.6s)
  ok 246 [chromium] › tests\e2e\product-availability.spec.ts:299:5 › at 1440px › a row is the add control, a preorder, out of stock with the sign-up, unpriced, or gone: each as the live state says (7.1s)
  ok 247 [chromium] › tests\e2e\product-availability.spec.ts:365:5 › at 1440px › the database's own answer reaches the rows: the strict parser accepts what the function really returns (5.3s)
  ok 248 [chromium] › tests\e2e\product-availability.spec.ts:393:5 › at 1440px › before the states arrive every priced row is what the static page made it, and nothing sells what is not there (9.1s)
  ok 249 [chromium] › tests\e2e\product-availability.spec.ts:419:5 › at 1440px › a read that fails, or that is not what the function says, leaves today's controls and no preorder wording; the add control still works (33.4s)
  ok 250 [chromium] › tests\e2e\product-availability.spec.ts:453:5 › at 1440px › a static product page, with JavaScript off, shows the price and the add control as before, and no preorder wording or form (5.6s)
  ok 251 [chromium] › tests\e2e\product-availability.spec.ts:469:5 › at 1440px › Turnstile loads only when the form is focused or scrolled into view, with the action `notify` (16.5s)
widget host 300px wide in a row 878px wide at 1440px
  ok 252 [chromium] › tests\e2e\product-availability.spec.ts:504:5 › at 1440px › with Cloudflare's own widget the sign-up fits the row (evidence for the picture; nothing here depends on the widget solving) (12.3s)
  ok 253 [chromium] › tests\e2e\product-availability.spec.ts:525:5 › at 1440px › a product page with no out-of-stock variant never loads Turnstile (12.1s)
  ok 254 [chromium] › tests\e2e\product-availability.spec.ts:536:5 › at 1440px › the request: the variant, the normalized address, no privacy revision while none is published, and the token; then one sentence, with the focus (9.1s)
  ok 255 [chromium] › tests\e2e\product-availability.spec.ts:571:5 › at 1440px › with a privacy policy published the form links it, and the request carries the revision this build rendered (10.8s)
  ok 256 [chromium] › tests\e2e\product-availability.spec.ts:612:5 › at 1440px › every 200 is the same one sentence, whoever the address belongs to (17.5s)
  ok 257 [chromium] › tests\e2e\product-availability.spec.ts:631:5 › at 1440px › an address the function refuses (422) is named under the field, the form stays, and a fixed address goes through with a fresh token (8.7s)
  ok 258 [chromium] › tests\e2e\product-availability.spec.ts:666:7 › at 1440px › a throttle (429) shows a short message in an alert, keeps the form, resets the spent token and lets the next try through (8.4s)
  ok 259 [chromium] › tests\e2e\product-availability.spec.ts:666:7 › at 1440px › a failed Turnstile check (400) shows a short message in an alert, keeps the form, resets the spent token and lets the next try through (10.2s)
  ok 260 [chromium] › tests\e2e\product-availability.spec.ts:666:7 › at 1440px › Turnstile unavailable (503) shows a short message in an alert, keeps the form, resets the spent token and lets the next try through (9.3s)
  ok 261 [chromium] › tests\e2e\product-availability.spec.ts:666:7 › at 1440px › a 429 with no words shows a short message in an alert, keeps the form, resets the spent token and lets the next try through (8.8s)
  ok 262 [chromium] › tests\e2e\product-availability.spec.ts:666:7 › at 1440px › a server error with no words shows a short message in an alert, keeps the form, resets the spent token and lets the next try through (8.0s)
  ok 263 [chromium] › tests\e2e\product-availability.spec.ts:687:5 › at 1440px › a lost connection, and a 200 that is not `{sent: true}`, are the network sentence and never the success one (9.2s)
  ok 264 [chromium] › tests\e2e\product-availability.spec.ts:706:5 › at 1440px › an address that is not one, or a check not yet solved, sends nothing and says what is missing (11.0s)
  ok 265 [chromium] › tests\e2e\product-availability.spec.ts:732:5 › at 1440px › the cart shows a preorder line's date and note under it, and a line that is not a preorder shows none (11.1s)
  ok 266 [chromium] › tests\e2e\product-availability.spec.ts:757:5 › at 1440px › the checkout summary shows a preorder line's date and note before the buyer confirms (8.8s)
  ok 267 [chromium] › tests\e2e\product-availability.spec.ts:775:5 › at 1440px › a quantity held for another order says so on the cart and on the checkout, not that the stock is short (12.9s)
  ok 268 [chromium] › tests\e2e\product-availability.spec.ts:802:5 › at 1440px › the return page offers «متابعة الدفع» only while the function gives the invoice link, and goes on verifying without it (8.3s)
Stopped services: [supabase_realtime_ANASAQ.ME supabase_imgproxy_ANASAQ.ME supabase_analytics_ANASAQ.ME supabase_vector_ANASAQ.ME supabase_pooler_ANASAQ.ME]
A new version of Supabase CLI is available: v2.120.0 (currently installed v2.106.0)
We recommend updating regularly for new features and bug fixes: https://supabase.com/docs/guides/cli/getting-started#updating-the-supabase-cli
[WebServer] [browser] When using "display: flex" or "display: inline-flex" on an element containing content editable, Chrome may have unwanted focusing behavior when clicking outside of it. Consider wrapping the content editable within a non-flex element.
[WebServer] [browser] When using "display: flex" or "display: inline-flex" on an element containing content editable, Chrome may have unwanted focusing behavior when clicking outside of it. Consider wrapping the content editable within a non-flex element.
  x  269 [chromium] › tests\e2e\store-admin.spec.ts:88:1 › the owner creates a product, a variant and a city rate without code changes (50.1s)
Stopped services: [supabase_realtime_ANASAQ.ME supabase_imgproxy_ANASAQ.ME supabase_analytics_ANASAQ.ME supabase_vector_ANASAQ.ME supabase_pooler_ANASAQ.ME]
A new version of Supabase CLI is available: v2.120.0 (currently installed v2.106.0)
We recommend updating regularly for new features and bug fixes: https://supabase.com/docs/guides/cli/getting-started#updating-the-supabase-cli
Stopped services: [supabase_realtime_ANASAQ.ME supabase_imgproxy_ANASAQ.ME supabase_analytics_ANASAQ.ME supabase_vector_ANASAQ.ME supabase_pooler_ANASAQ.ME]
A new version of Supabase CLI is available: v2.120.0 (currently installed v2.106.0)
We recommend updating regularly for new features and bug fixes: https://supabase.com/docs/guides/cli/getting-started#updating-the-supabase-cli
Stopped services: [supabase_realtime_ANASAQ.ME supabase_imgproxy_ANASAQ.ME supabase_analytics_ANASAQ.ME supabase_vector_ANASAQ.ME supabase_pooler_ANASAQ.ME]
A new version of Supabase CLI is available: v2.120.0 (currently installed v2.106.0)
We recommend updating regularly for new features and bug fixes: https://supabase.com/docs/guides/cli/getting-started#updating-the-supabase-cli
  x  270 [chromium] › tests\e2e\store-admin.spec.ts:160:1 › the checkout function prices the admin-created catalog: total is price plus fee (666ms)
Stopped services: [supabase_realtime_ANASAQ.ME supabase_imgproxy_ANASAQ.ME supabase_analytics_ANASAQ.ME supabase_vector_ANASAQ.ME supabase_pooler_ANASAQ.ME]
A new version of Supabase CLI is available: v2.120.0 (currently installed v2.106.0)
We recommend updating regularly for new features and bug fixes: https://supabase.com/docs/guides/cli/getting-started#updating-the-supabase-cli
Stopped services: [supabase_realtime_ANASAQ.ME supabase_imgproxy_ANASAQ.ME supabase_analytics_ANASAQ.ME supabase_vector_ANASAQ.ME supabase_pooler_ANASAQ.ME]
A new version of Supabase CLI is available: v2.120.0 (currently installed v2.106.0)
We recommend updating regularly for new features and bug fixes: https://supabase.com/docs/guides/cli/getting-started#updating-the-supabase-cli
Stopped services: [supabase_realtime_ANASAQ.ME supabase_imgproxy_ANASAQ.ME supabase_analytics_ANASAQ.ME supabase_vector_ANASAQ.ME supabase_pooler_ANASAQ.ME]
A new version of Supabase CLI is available: v2.120.0 (currently installed v2.106.0)
We recommend updating regularly for new features and bug fixes: https://supabase.com/docs/guides/cli/getting-started#updating-the-supabase-cli
  x  271 [chromium] › tests\e2e\store-admin.spec.ts:174:1 › with checkout on (a fixture), a create reaches a persisted pending order (5.1s)
Stopped services: [supabase_realtime_ANASAQ.ME supabase_imgproxy_ANASAQ.ME supabase_analytics_ANASAQ.ME supabase_vector_ANASAQ.ME supabase_pooler_ANASAQ.ME]
A new version of Supabase CLI is available: v2.120.0 (currently installed v2.106.0)
We recommend updating regularly for new features and bug fixes: https://supabase.com/docs/guides/cli/getting-started#updating-the-supabase-cli
Stopped services: [supabase_realtime_ANASAQ.ME supabase_imgproxy_ANASAQ.ME supabase_analytics_ANASAQ.ME supabase_vector_ANASAQ.ME supabase_pooler_ANASAQ.ME]
A new version of Supabase CLI is available: v2.120.0 (currently installed v2.106.0)
We recommend updating regularly for new features and bug fixes: https://supabase.com/docs/guides/cli/getting-started#updating-the-supabase-cli
Stopped services: [supabase_realtime_ANASAQ.ME supabase_imgproxy_ANASAQ.ME supabase_analytics_ANASAQ.ME supabase_vector_ANASAQ.ME supabase_pooler_ANASAQ.ME]
A new version of Supabase CLI is available: v2.120.0 (currently installed v2.106.0)
We recommend updating regularly for new features and bug fixes: https://supabase.com/docs/guides/cli/getting-started#updating-the-supabase-cli
  x  272 [chromium] › tests\e2e\store-admin.spec.ts:213:1 › a stale save shows the conflict and keeps the typed values (1.5m)
Stopped services: [supabase_realtime_ANASAQ.ME supabase_imgproxy_ANASAQ.ME supabase_analytics_ANASAQ.ME supabase_vector_ANASAQ.ME supabase_pooler_ANASAQ.ME]
A new version of Supabase CLI is available: v2.120.0 (currently installed v2.106.0)
We recommend updating regularly for new features and bug fixes: https://supabase.com/docs/guides/cli/getting-started#updating-the-supabase-cli
Stopped services: [supabase_realtime_ANASAQ.ME supabase_imgproxy_ANASAQ.ME supabase_analytics_ANASAQ.ME supabase_vector_ANASAQ.ME supabase_pooler_ANASAQ.ME]
A new version of Supabase CLI is available: v2.120.0 (currently installed v2.106.0)
We recommend updating regularly for new features and bug fixes: https://supabase.com/docs/guides/cli/getting-started#updating-the-supabase-cli
Stopped services: [supabase_realtime_ANASAQ.ME supabase_imgproxy_ANASAQ.ME supabase_analytics_ANASAQ.ME supabase_vector_ANASAQ.ME supabase_pooler_ANASAQ.ME]
A new version of Supabase CLI is available: v2.120.0 (currently installed v2.106.0)
We recommend updating regularly for new features and bug fixes: https://supabase.com/docs/guides/cli/getting-started#updating-the-supabase-cli
  ok 273 [chromium] › tests\e2e\store-admin.spec.ts:235:1 › a percentage coupon typed as 12.5 is stored as 1250 basis points (14.7s)
  ok 274 [chromium] › tests\e2e\store-admin.spec.ts:251:1 › an editor gets no store link (12.2s)
  x  275 [chromium] › tests\e2e\store-admin.spec.ts:258:1 › an operations member sees the products list, no «جديد», and cannot save (31.4s)
Stopped services: [supabase_realtime_ANASAQ.ME supabase_imgproxy_ANASAQ.ME supabase_analytics_ANASAQ.ME supabase_vector_ANASAQ.ME supabase_pooler_ANASAQ.ME]
A new version of Supabase CLI is available: v2.120.0 (currently installed v2.106.0)
We recommend updating regularly for new features and bug fixes: https://supabase.com/docs/guides/cli/getting-started#updating-the-supabase-cli
Stopped services: [supabase_realtime_ANASAQ.ME supabase_imgproxy_ANASAQ.ME supabase_analytics_ANASAQ.ME supabase_vector_ANASAQ.ME supabase_pooler_ANASAQ.ME]
A new version of Supabase CLI is available: v2.120.0 (currently installed v2.106.0)
We recommend updating regularly for new features and bug fixes: https://supabase.com/docs/guides/cli/getting-started#updating-the-supabase-cli
Stopped services: [supabase_realtime_ANASAQ.ME supabase_imgproxy_ANASAQ.ME supabase_analytics_ANASAQ.ME supabase_vector_ANASAQ.ME supabase_pooler_ANASAQ.ME]
A new version of Supabase CLI is available: v2.120.0 (currently installed v2.106.0)
We recommend updating regularly for new features and bug fixes: https://supabase.com/docs/guides/cli/getting-started#updating-the-supabase-cli
  ok 276 [chromium] › tests\e2e\store-admin.spec.ts:274:1 › the policies collection lists its four fixed documents (26.5s)
  ok 277 [chromium] › tests\e2e\store-admin.spec.ts:283:1 › the owner closes and reopens checkout with the switch, through the step-up dialog (1.2m)
  ok 278 [chromium] › tests\e2e\store-admin.spec.ts:360:1 › an operations member does not see the checkout switch (10.8s)
  x  279 [chromium] › tests\e2e\store-admin.spec.ts:369:1 › screenshots at 360 and 1440 with no horizontal overflow (1.6m)
Stopped services: [supabase_realtime_ANASAQ.ME supabase_imgproxy_ANASAQ.ME supabase_analytics_ANASAQ.ME supabase_vector_ANASAQ.ME supabase_pooler_ANASAQ.ME]
A new version of Supabase CLI is available: v2.120.0 (currently installed v2.106.0)
We recommend updating regularly for new features and bug fixes: https://supabase.com/docs/guides/cli/getting-started#updating-the-supabase-cli
Stopped services: [supabase_realtime_ANASAQ.ME supabase_imgproxy_ANASAQ.ME supabase_analytics_ANASAQ.ME supabase_vector_ANASAQ.ME supabase_pooler_ANASAQ.ME]
A new version of Supabase CLI is available: v2.120.0 (currently installed v2.106.0)
We recommend updating regularly for new features and bug fixes: https://supabase.com/docs/guides/cli/getting-started#updating-the-supabase-cli
Stopped services: [supabase_realtime_ANASAQ.ME supabase_imgproxy_ANASAQ.ME supabase_analytics_ANASAQ.ME supabase_vector_ANASAQ.ME supabase_pooler_ANASAQ.ME]
A new version of Supabase CLI is available: v2.120.0 (currently installed v2.106.0)
We recommend updating regularly for new features and bug fixes: https://supabase.com/docs/guides/cli/getting-started#updating-the-supabase-cli
  ok 280 [chromium] › tests\e2e\store-admin.spec.ts:700:9 › round 11c: the catalog and the figures › at 360px › the owner › shows the preorder fields only while «طلب مسبق» is on, refuses a missing note and a past date, and reads a saved preorder back (17.4s)
  ok 281 [chromium] › tests\e2e\store-admin.spec.ts:783:9 › round 11c: the catalog and the figures › at 360px › the owner › shows the confirmed preorders of a preorder variant, none for an ordinary one, and keeps showing them once it is switched off (18.2s)
  ok 282 [chromium] › tests\e2e\store-admin.spec.ts:818:9 › round 11c: the catalog and the figures › at 360px › the owner › says it could not read the variant, never a zero, offers «تحديث», puts what a new reading finds on a line that takes the focus, and says when the variant is gone (18.6s)
  ok 283 [chromium] › tests\e2e\store-admin.spec.ts:873:9 › round 11c: the catalog and the figures › at 360px › the owner › refuses before any call what is not a PDF or an EPUB, an empty file and a bad name, and shows the function's refusal of a text file renamed .pdf (25.4s)
  ok 284 [chromium] › tests\e2e\store-admin.spec.ts:924:9 › round 11c: the catalog and the figures › at 360px › the owner › uploads a real PDF, shows it, hands it to the order that waited for it, and a second file replaces it for new orders only (34.8s)
  ok 285 [chromium] › tests\e2e\store-admin.spec.ts:974:9 › round 11c: the catalog and the figures › at 360px › the owner › keeps the ticket when the function answers BUSY, and «أعد المحاولة» completes the same ticket again (16.3s)
  ok 286 [chromium] › tests\e2e\store-admin.spec.ts:1031:9 › round 11c: the catalog and the figures › at 360px › the owner › saves the form after a paid file was uploaded: the version the record bumped is taken, also when the reply to the completion was lost (15.7s)
  ok 287 [chromium] › tests\e2e\store-admin.spec.ts:1086:9 › round 11c: the catalog and the figures › at 360px › the owner › still ends in the conflict message when another session changed the variant as well as the upload (18.8s)
  ok 288 [chromium] › tests\e2e\store-admin.spec.ts:1108:9 › round 11c: the catalog and the figures › at 360px › the owner › a refused upload takes no version: a save made meanwhile by another session still ends in the conflict, never overwritten (17.7s)
  ok 289 [chromium] › tests\e2e\store-admin.spec.ts:1130:9 › round 11c: the catalog and the figures › at 360px › the owner › keeps what it showed and says the page may be behind when the variant cannot be read again after an upload (16.8s)
  ok 290 [chromium] › tests\e2e\store-admin.spec.ts:1160:9 › round 11c: the catalog and the figures › at 360px › the owner › lists the availability sign-ups read-only, newest first, with no link on a row, no «جديد» and no edit page (16.1s)
[WebServer] ⨯ Failed to generate static paths for /admin/store/[table]/edit:
[WebServer] Error: Page "/(admin)/admin/(shell)/store/[table]/edit/page" is missing param "/admin/store/[table]/edit" in "generateStaticParams()", which is required with "output: export" config.
[WebServer]     at ignore-listed frames
[WebServer] ⨯ Failed to generate static paths for /admin/store/[table]/edit:
[WebServer] Error: Page "/(admin)/admin/(shell)/store/[table]/edit/page" is missing param "/admin/store/[table]/edit" in "generateStaticParams()", which is required with "output: export" config.
[WebServer]     at ignore-listed frames
  ok 291 [chromium] › tests\e2e\store-admin.spec.ts:1208:9 › round 11c: the catalog and the figures › at 360px › the owner › shows the ledger figures of a range of days equal to the function's, with the sentence, and refuses a reversed or too long range before any call (12.8s)
  ok 292 [chromium] › tests\e2e\store-admin.spec.ts:1294:9 › round 11c: the catalog and the figures › at 360px › the owner › says «غير مُعدّ بعد» for no commerce, cannot read a reply that is not the figures, and keeps the figures when a range fails (12.7s)
  ok 293 [chromium] › tests\e2e\store-admin.spec.ts:1349:9 › round 11c: the catalog and the figures › at 360px › operations › sees the count and the file of a variant, and no upload, no form, no save (15.6s)
  ok 294 [chromium] › tests\e2e\store-admin.spec.ts:1378:9 › round 11c: the catalog and the figures › at 360px › operations › reads the availability sign-ups too, from the store home, with nothing to change (7.6s)
  ok 295 [chromium] › tests\e2e\store-admin.spec.ts:700:9 › round 11c: the catalog and the figures › at 1440px › the owner › shows the preorder fields only while «طلب مسبق» is on, refuses a missing note and a past date, and reads a saved preorder back (13.3s)
  ok 296 [chromium] › tests\e2e\store-admin.spec.ts:783:9 › round 11c: the catalog and the figures › at 1440px › the owner › shows the confirmed preorders of a preorder variant, none for an ordinary one, and keeps showing them once it is switched off (18.0s)
  ok 297 [chromium] › tests\e2e\store-admin.spec.ts:818:9 › round 11c: the catalog and the figures › at 1440px › the owner › says it could not read the variant, never a zero, offers «تحديث», puts what a new reading finds on a line that takes the focus, and says when the variant is gone (18.6s)
  ok 298 [chromium] › tests\e2e\store-admin.spec.ts:873:9 › round 11c: the catalog and the figures › at 1440px › the owner › refuses before any call what is not a PDF or an EPUB, an empty file and a bad name, and shows the function's refusal of a text file renamed .pdf (15.0s)
  ok 299 [chromium] › tests\e2e\store-admin.spec.ts:924:9 › round 11c: the catalog and the figures › at 1440px › the owner › uploads a real PDF, shows it, hands it to the order that waited for it, and a second file replaces it for new orders only (18.7s)
  ok 300 [chromium] › tests\e2e\store-admin.spec.ts:974:9 › round 11c: the catalog and the figures › at 1440px › the owner › keeps the ticket when the function answers BUSY, and «أعد المحاولة» completes the same ticket again (16.0s)
  ok 301 [chromium] › tests\e2e\store-admin.spec.ts:1031:9 › round 11c: the catalog and the figures › at 1440px › the owner › saves the form after a paid file was uploaded: the version the record bumped is taken, also when the reply to the completion was lost (29.3s)
  ok 302 [chromium] › tests\e2e\store-admin.spec.ts:1086:9 › round 11c: the catalog and the figures › at 1440px › the owner › still ends in the conflict message when another session changed the variant as well as the upload (13.3s)
  ok 303 [chromium] › tests\e2e\store-admin.spec.ts:1108:9 › round 11c: the catalog and the figures › at 1440px › the owner › a refused upload takes no version: a save made meanwhile by another session still ends in the conflict, never overwritten (12.0s)
  ok 304 [chromium] › tests\e2e\store-admin.spec.ts:1130:9 › round 11c: the catalog and the figures › at 1440px › the owner › keeps what it showed and says the page may be behind when the variant cannot be read again after an upload (21.8s)
  ok 305 [chromium] › tests\e2e\store-admin.spec.ts:1160:9 › round 11c: the catalog and the figures › at 1440px › the owner › lists the availability sign-ups read-only, newest first, with no link on a row, no «جديد» and no edit page (19.7s)
[WebServer] ⨯ Failed to generate static paths for /admin/store/[table]/edit:
[WebServer] Error: Page "/(admin)/admin/(shell)/store/[table]/edit/page" is missing param "/admin/store/[table]/edit" in "generateStaticParams()", which is required with "output: export" config.
[WebServer]     at ignore-listed frames
[WebServer] ⨯ Failed to generate static paths for /admin/store/[table]/edit:
[WebServer] Error: Page "/(admin)/admin/(shell)/store/[table]/edit/page" is missing param "/admin/store/[table]/edit" in "generateStaticParams()", which is required with "output: export" config.
[WebServer]     at ignore-listed frames
  ok 306 [chromium] › tests\e2e\store-admin.spec.ts:1208:9 › round 11c: the catalog and the figures › at 1440px › the owner › shows the ledger figures of a range of days equal to the function's, with the sentence, and refuses a reversed or too long range before any call (16.9s)
  ok 307 [chromium] › tests\e2e\store-admin.spec.ts:1294:9 › round 11c: the catalog and the figures › at 1440px › the owner › says «غير مُعدّ بعد» for no commerce, cannot read a reply that is not the figures, and keeps the figures when a range fails (16.7s)
  ok 308 [chromium] › tests\e2e\store-admin.spec.ts:1349:9 › round 11c: the catalog and the figures › at 1440px › operations › sees the count and the file of a variant, and no upload, no form, no save (19.4s)
  ok 309 [chromium] › tests\e2e\store-admin.spec.ts:1378:9 › round 11c: the catalog and the figures › at 1440px › operations › reads the availability sign-ups too, from the store home, with nothing to change (11.4s)


  1) [chromium] › tests\e2e\cart-checkout.spec.ts:1133:3 › screenshots and overflow at 1440 ────────

    Error: expect(locator).toContainText(expected) failed

    Locator: locator('dl > div').filter({ hasText: 'الإجمالي' })
    Expected substring: "70.90 ر.س"
    Received string:    "الإجمالي47.30 ر.س"
    Timeout: 20000ms

    Call log:
      - Expect "toContainText" locator('dl > div').filter({ hasText: 'الإجمالي' }) with timeout 20000ms
      - waiting for locator('dl > div').filter({ hasText: 'الإجمالي' })
        5 × locator resolved to <div class="store-module__ji0kVG__totalRow">…</div>
          - unexpected value "الإجمالي36.00 ر.س"
        37 × locator resolved to <div class="store-module__ji0kVG__totalRow">…</div>
           - unexpected value "الإجمالي47.30 ر.س"


      1151 |     await page.goto('/cart')
      1152 |     await page.getByLabel('مدينة التوصيل').selectOption(cityKey)
    > 1153 |     await expect(totalRow(page, 'الإجمالي')).toContainText('70.90 ر.س')
           |                                              ^
      1154 |     await expectNoOverflow(page, `cart ${width}`)
      1155 |     await page.screenshot({ path: `${SHOTS}/store-cart-${width}.png`, fullPage: true })
      1156 |
        at C:\Users\alazi\Downloads\Tech\Code\My_projects\not shipped yet\ANASAQ.ME\tests\e2e\cart-checkout.spec.ts:1153:46

    attachment #1: screenshot (image/png) ──────────────────────────────────────────────────────────
    test-results\playwright\cart-checkout-screenshots-and-overflow-at-1440-chromium\test-failed-1.png
    ────────────────────────────────────────────────────────────────────────────────────────────────

    Error Context: test-results\playwright\cart-checkout-screenshots-and-overflow-at-1440-chromium\error-context.md

    Error Context: test-results\playwright\cart-checkout-screenshots-and-overflow-at-1440-chromium\error-context.md

    attachment #4: trace (application/zip) ─────────────────────────────────────────────────────────
    test-results\playwright\cart-checkout-screenshots-and-overflow-at-1440-chromium\trace.zip
    Usage:

        pnpm exec playwright show-trace test-results\playwright\cart-checkout-screenshots-and-overflow-at-1440-chromium\trace.zip

    ────────────────────────────────────────────────────────────────────────────────────────────────

  2) [chromium] › tests\e2e\store-admin.spec.ts:88:1 › the owner creates a product, a variant and a city rate without code changes 

    Error: expect(page).toHaveURL(expected) failed

    Expected pattern: /\/admin\/store\/products\/edit\?id=new$/
    Received string:  "http://localhost:3000/admin/store/products"
    Timeout: 20000ms

    Call log:
      - Expect "toHaveURL" with timeout 20000ms
        37 × locator resolved to <html lang="ar" dir="rtl" data-scroll-behavior="smooth">…</html>
           - unexpected value "http://localhost:3000/admin/store/products"


      94 |   await page.getByRole('link', { name: 'المنتجات' }).click()
      95 |   await page.getByRole('button', { name: 'جديد' }).click()
    > 96 |   await expect(page).toHaveURL(/\/admin\/store\/products\/edit\?id=new$/)
         |                      ^
      97 |   await page.getByLabel('المعرّف').fill(slug)
      98 |   await page.getByLabel('العنوان').fill(productTitle)
      99 |   await page.getByLabel('الملخص').fill('ملخص منتج الاختبار')
        at C:\Users\alazi\Downloads\Tech\Code\My_projects\not shipped yet\ANASAQ.ME\tests\e2e\store-admin.spec.ts:96:22

    attachment #1: screenshot (image/png) ──────────────────────────────────────────────────────────
    test-results\playwright\store-admin-the-owner-crea-76d31-y-rate-without-code-changes-chromium\test-failed-1.png
    ────────────────────────────────────────────────────────────────────────────────────────────────

    Error Context: test-results\playwright\store-admin-the-owner-crea-76d31-y-rate-without-code-changes-chromium\error-context.md

    Error Context: test-results\playwright\store-admin-the-owner-crea-76d31-y-rate-without-code-changes-chromium\error-context.md

    attachment #4: trace (application/zip) ─────────────────────────────────────────────────────────
    test-results\playwright\store-admin-the-owner-crea-76d31-y-rate-without-code-changes-chromium\trace.zip
    Usage:

        pnpm exec playwright show-trace test-results\playwright\store-admin-the-owner-crea-76d31-y-rate-without-code-changes-chromium\trace.zip

    ────────────────────────────────────────────────────────────────────────────────────────────────

  3) [chromium] › tests\e2e\store-admin.spec.ts:160:1 › the checkout function prices the admin-created catalog: total is price plus fee 

    Error: expect(received).toBe(expected) // Object.is equality

    Expected: 200
    Received: 422

      160 | test('the checkout function prices the admin-created catalog: total is price plus fee', async ({ request }) => {
      161 |   const response = await post(request, { action: 'quote', lines: [{ variantId, quantity: 1 }], cityKey })
    > 162 |   expect(response.status()).toBe(200)
          |                             ^
      163 |   const body = (await response.json()) as {
      164 |     ok: boolean
      165 |     data: { ok: boolean; subtotal: number; shipping: number; total: number }
        at C:\Users\alazi\Downloads\Tech\Code\My_projects\not shipped yet\ANASAQ.ME\tests\e2e\store-admin.spec.ts:162:29

    Error Context: test-results\playwright\store-admin-the-checkout-f-55911-log-total-is-price-plus-fee-chromium\error-context.md

    Error Context: test-results\playwright\store-admin-the-checkout-f-55911-log-total-is-price-plus-fee-chromium\error-context.md

    attachment #3: trace (application/zip) ─────────────────────────────────────────────────────────
    test-results\playwright\store-admin-the-checkout-f-55911-log-total-is-price-plus-fee-chromium\trace.zip
    Usage:

        pnpm exec playwright show-trace test-results\playwright\store-admin-the-checkout-f-55911-log-total-is-price-plus-fee-chromium\trace.zip

    ────────────────────────────────────────────────────────────────────────────────────────────────

  4) [chromium] › tests\e2e\store-admin.spec.ts:174:1 › with checkout on (a fixture), a create reaches a persisted pending order 

    TypeError: Cannot read properties of undefined (reading 'quoteHash')

      193 |     phone: '0501234567',
      194 |     policyRevisions: saved.policy_revisions,
    > 195 |     quoteHash: quoted.data.quoteHash,
          |                            ^
      196 |     turnstileToken: 'XXXX.DUMMY.TOKEN.XXXX',
      197 |   })
      198 |   const createdBody = (await created.json()) as { ok: boolean; data: { order: { id: string; status: string } } }
        at C:\Users\alazi\Downloads\Tech\Code\My_projects\not shipped yet\ANASAQ.ME\tests\e2e\store-admin.spec.ts:195:28

    Error Context: test-results\playwright\store-admin-with-checkout--ed468-s-a-persisted-pending-order-chromium\error-context.md

    Error Context: test-results\playwright\store-admin-with-checkout--ed468-s-a-persisted-pending-order-chromium\error-context.md

    attachment #3: trace (application/zip) ─────────────────────────────────────────────────────────
    test-results\playwright\store-admin-with-checkout--ed468-s-a-persisted-pending-order-chromium\trace.zip
    Usage:

        pnpm exec playwright show-trace test-results\playwright\store-admin-with-checkout--ed468-s-a-persisted-pending-order-chromium\trace.zip

    ────────────────────────────────────────────────────────────────────────────────────────────────

  5) [chromium] › tests\e2e\store-admin.spec.ts:213:1 › a stale save shows the conflict and keeps the typed values 

    Test timeout of 90000ms exceeded.

    Error: locator.waitFor: Test timeout of 90000ms exceeded.
    Call log:
      - waiting for getByLabel('العنوان') to be visible


      216 |   const second = await page.context().newPage()
      217 |   await page.goto(editUrl)
    > 218 |   await page.getByLabel('العنوان').waitFor()
          |                                    ^
      219 |   await second.goto(editUrl)
      220 |   await second.getByLabel('العنوان').waitFor()
      221 |
        at C:\Users\alazi\Downloads\Tech\Code\My_projects\not shipped yet\ANASAQ.ME\tests\e2e\store-admin.spec.ts:218:36

    attachment #1: screenshot (image/png) ──────────────────────────────────────────────────────────
    test-results\playwright\store-admin-a-stale-save-s-970ea--and-keeps-the-typed-values-chromium\test-failed-2.png
    ────────────────────────────────────────────────────────────────────────────────────────────────

    attachment #2: screenshot (image/png) ──────────────────────────────────────────────────────────
    test-results\playwright\store-admin-a-stale-save-s-970ea--and-keeps-the-typed-values-chromium\test-failed-1.png
    ────────────────────────────────────────────────────────────────────────────────────────────────

    Error Context: test-results\playwright\store-admin-a-stale-save-s-970ea--and-keeps-the-typed-values-chromium\error-context.md

    Error Context: test-results\playwright\store-admin-a-stale-save-s-970ea--and-keeps-the-typed-values-chromium\error-context.md

    attachment #5: trace (application/zip) ─────────────────────────────────────────────────────────
    test-results\playwright\store-admin-a-stale-save-s-970ea--and-keeps-the-typed-values-chromium\trace.zip
    Usage:

        pnpm exec playwright show-trace test-results\playwright\store-admin-a-stale-save-s-970ea--and-keeps-the-typed-values-chromium\trace.zip

    ────────────────────────────────────────────────────────────────────────────────────────────────

  6) [chromium] › tests\e2e\store-admin.spec.ts:258:1 › an operations member sees the products list, no «جديد», and cannot save 

    Error: expect(locator).toBeVisible() failed

    Locator: getByText('p07-e2e-1791330788782-237511')
    Expected: visible
    Timeout: 20000ms
    Error: element(s) not found

    Call log:
      - Expect "toBeVisible" getByText('p07-e2e-1791330788782-237511') with timeout 20000ms
      - waiting for getByText('p07-e2e-1791330788782-237511')


      261 |   await page.goto('/admin/store/products')
      262 |   await expect(page.getByRole('heading', { name: 'المنتجات' })).toBeVisible()
    > 263 |   await expect(page.getByText(slug)).toBeVisible()
          |                                      ^
      264 |   await expect(page.getByRole('button', { name: 'جديد' })).toHaveCount(0)
      265 |
      266 |   // The edit page shows the values without inputs and without a save button.
        at C:\Users\alazi\Downloads\Tech\Code\My_projects\not shipped yet\ANASAQ.ME\tests\e2e\store-admin.spec.ts:263:38

    attachment #1: screenshot (image/png) ──────────────────────────────────────────────────────────
    test-results\playwright\store-admin-an-operations--dfc6c-t-no-«جديد»-and-cannot-save-chromium\test-failed-1.png
    ────────────────────────────────────────────────────────────────────────────────────────────────

    Error Context: test-results\playwright\store-admin-an-operations--dfc6c-t-no-«جديد»-and-cannot-save-chromium\error-context.md

    Error Context: test-results\playwright\store-admin-an-operations--dfc6c-t-no-«جديد»-and-cannot-save-chromium\error-context.md

    attachment #4: trace (application/zip) ─────────────────────────────────────────────────────────
    test-results\playwright\store-admin-an-operations--dfc6c-t-no-«جديد»-and-cannot-save-chromium\trace.zip
    Usage:

        pnpm exec playwright show-trace test-results\playwright\store-admin-an-operations--dfc6c-t-no-«جديد»-and-cannot-save-chromium\trace.zip

    ────────────────────────────────────────────────────────────────────────────────────────────────

  7) [chromium] › tests\e2e\store-admin.spec.ts:369:1 › screenshots at 360 and 1440 with no horizontal overflow 

    Test timeout of 90000ms exceeded.

    Error: locator.waitFor: Test timeout of 90000ms exceeded.
    Call log:
      - waiting for getByText('p07-e2e-1791330891639-269206') to be visible


      387 |       await page.goto(target.path)
      388 |       const ready = typeof target.wait === 'string' ? page.getByText(target.wait, { exact: false }).first() : target.wait
    > 389 |       await ready.waitFor()
          |                   ^
      390 |       const { scroll, inner, tableOverflow, offscreenControls } = await page.evaluate(() => ({
      391 |         scroll: document.documentElement.scrollWidth,
      392 |         inner: window.innerWidth,
        at C:\Users\alazi\Downloads\Tech\Code\My_projects\not shipped yet\ANASAQ.ME\tests\e2e\store-admin.spec.ts:389:19

    attachment #1: screenshot (image/png) ──────────────────────────────────────────────────────────
    test-results\playwright\store-admin-screenshots-at-f9d2d-with-no-horizontal-overflow-chromium\test-failed-1.png
    ────────────────────────────────────────────────────────────────────────────────────────────────

    Error Context: test-results\playwright\store-admin-screenshots-at-f9d2d-with-no-horizontal-overflow-chromium\error-context.md

    Error Context: test-results\playwright\store-admin-screenshots-at-f9d2d-with-no-horizontal-overflow-chromium\error-context.md

    attachment #4: trace (application/zip) ─────────────────────────────────────────────────────────
    test-results\playwright\store-admin-screenshots-at-f9d2d-with-no-horizontal-overflow-chromium\trace.zip
    Usage:

        pnpm exec playwright show-trace test-results\playwright\store-admin-screenshots-at-f9d2d-with-no-horizontal-overflow-chromium\trace.zip

    ────────────────────────────────────────────────────────────────────────────────────────────────

  Slow test file: [chromium] › tests\e2e\order-page.spec.ts (12.1m)
  Slow test file: [chromium] › tests\e2e\orders-money.spec.ts (11.9m)
  Slow test file: [chromium] › tests\e2e\orders-admin.spec.ts (10.2m)
  Slow test file: [chromium] › tests\e2e\product-availability.spec.ts (8.2m)
  Slow test file: [chromium] › tests\e2e\cart-checkout.spec.ts (5.8m)
  Consider running tests from slow files in parallel. See: https://playwright.dev/docs/test-parallel
  7 failed
    [chromium] › tests\e2e\cart-checkout.spec.ts:1133:3 › screenshots and overflow at 1440 ─────────
    [chromium] › tests\e2e\store-admin.spec.ts:88:1 › the owner creates a product, a variant and a city rate without code changes 
    [chromium] › tests\e2e\store-admin.spec.ts:160:1 › the checkout function prices the admin-created catalog: total is price plus fee 
    [chromium] › tests\e2e\store-admin.spec.ts:174:1 › with checkout on (a fixture), a create reaches a persisted pending order 
    [chromium] › tests\e2e\store-admin.spec.ts:213:1 › a stale save shows the conflict and keeps the typed values 
    [chromium] › tests\e2e\store-admin.spec.ts:258:1 › an operations member sees the products list, no «جديد», and cannot save 
    [chromium] › tests\e2e\store-admin.spec.ts:369:1 › screenshots at 360 and 1440 with no horizontal overflow 
  302 passed (1.3h)
