┌─────────────────────┬────────────────────────────────────────────────────────┐
│ critical            │ Next.js: Remote Code Execution in next/og              │
│                     │ ImageResponse                                          │
├─────────────────────┼────────────────────────────────────────────────────────┤
│ Package             │ next                                                   │
├─────────────────────┼────────────────────────────────────────────────────────┤
│ Vulnerable versions │ >=16.2.0 <16.3.6                                       │
├─────────────────────┼────────────────────────────────────────────────────────┤
│ Patched versions    │ >=16.3.6                                               │
├─────────────────────┼────────────────────────────────────────────────────────┤
│ Paths               │ .>next                                                 │
├─────────────────────┼────────────────────────────────────────────────────────┤
│ More info           │ https://github.com/advisories/GHSA-vcvr-r3jv-pc5j      │
└─────────────────────┴────────────────────────────────────────────────────────┘
┌─────────────────────┬────────────────────────────────────────────────────────┐
│ high                │ braces vulnerable to stack-exhaustion denial of        │
│                     │ service through deeply nested patterns                 │
├─────────────────────┼────────────────────────────────────────────────────────┤
│ Package             │ braces                                                 │
├─────────────────────┼────────────────────────────────────────────────────────┤
│ Vulnerable versions │ <=3.0.3                                                │
├─────────────────────┼────────────────────────────────────────────────────────┤
│ Patched versions    │ <0.0.0                                                 │
├─────────────────────┼────────────────────────────────────────────────────────┤
│ Paths               │ .>next>sass>chokidar>braces                            │
├─────────────────────┼────────────────────────────────────────────────────────┤
│ More info           │ https://github.com/advisories/GHSA-vfj7-8cjw-p6xm      │
└─────────────────────┴────────────────────────────────────────────────────────┘
┌─────────────────────┬────────────────────────────────────────────────────────┐
│ high                │ source-map-js allows event-loop denial of service      │
│                     │ through indexed source-map section offsets             │
├─────────────────────┼────────────────────────────────────────────────────────┤
│ Package             │ source-map-js                                          │
├─────────────────────┼────────────────────────────────────────────────────────┤
│ Vulnerable versions │ >=1.0.0 <1.2.2                                         │
├─────────────────────┼────────────────────────────────────────────────────────┤
│ Patched versions    │ >=1.2.2                                                │
├─────────────────────┼────────────────────────────────────────────────────────┤
│ Paths               │ .>next>postcss>source-map-js                           │
├─────────────────────┼────────────────────────────────────────────────────────┤
│ More info           │ https://github.com/advisories/GHSA-68fv-2mgg-jv7q      │
└─────────────────────┴────────────────────────────────────────────────────────┘
┌─────────────────────┬────────────────────────────────────────────────────────┐
│ high                │ sharp : Vulnerability in librsvg dependency            │
│                     │ CVE-2026-96889                                         │
├─────────────────────┼────────────────────────────────────────────────────────┤
│ Package             │ sharp                                                  │
├─────────────────────┼────────────────────────────────────────────────────────┤
│ Vulnerable versions │ <0.35.5                                                │
├─────────────────────┼────────────────────────────────────────────────────────┤
│ Patched versions    │ >=0.35.5                                               │
├─────────────────────┼────────────────────────────────────────────────────────┤
│ Paths               │ .>next>sharp                                           │
├─────────────────────┼────────────────────────────────────────────────────────┤
│ More info           │ https://github.com/advisories/GHSA-wq5f-xc86-pv6w      │
└─────────────────────┴────────────────────────────────────────────────────────┘
┌─────────────────────┬────────────────────────────────────────────────────────┐
│ high                │ Next.js has Server-Side Request Forgery in Image       │
│                     │ Optimization                                           │
├─────────────────────┼────────────────────────────────────────────────────────┤
│ Package             │ next                                                   │
├─────────────────────┼────────────────────────────────────────────────────────┤
│ Vulnerable versions │ >=16.0.0 <16.3.8                                       │
├─────────────────────┼────────────────────────────────────────────────────────┤
│ Patched versions    │ >=16.3.8                                               │
├─────────────────────┼────────────────────────────────────────────────────────┤
│ Paths               │ .>next                                                 │
├─────────────────────┼────────────────────────────────────────────────────────┤
│ More info           │ https://github.com/advisories/GHSA-cjq9-62q9-8jv4      │
└─────────────────────┴────────────────────────────────────────────────────────┘
┌─────────────────────┬────────────────────────────────────────────────────────┐
│ moderate            │ Next.js: Pending `use cache` fill can leak Draft Mode  │
│                     │ content into regular responses and persisted pages     │
├─────────────────────┼────────────────────────────────────────────────────────┤
│ Package             │ next                                                   │
├─────────────────────┼────────────────────────────────────────────────────────┤
│ Vulnerable versions │ >=16.3.0 <16.3.8                                       │
├─────────────────────┼────────────────────────────────────────────────────────┤
│ Patched versions    │ >=16.3.8                                               │
├─────────────────────┼────────────────────────────────────────────────────────┤
│ Paths               │ .>next                                                 │
├─────────────────────┼────────────────────────────────────────────────────────┤
│ More info           │ https://github.com/advisories/GHSA-3w37-wq28-93x7      │
└─────────────────────┴────────────────────────────────────────────────────────┘
┌─────────────────────┬────────────────────────────────────────────────────────┐
│ moderate            │ Next.js has cache poisoning of SSG and ISR pages in    │
│                     │ self-hosted applications                               │
├─────────────────────┼────────────────────────────────────────────────────────┤
│ Package             │ next                                                   │
├─────────────────────┼────────────────────────────────────────────────────────┤
│ Vulnerable versions │ >=16.0.0 <16.3.8                                       │
├─────────────────────┼────────────────────────────────────────────────────────┤
│ Patched versions    │ >=16.3.8                                               │
├─────────────────────┼────────────────────────────────────────────────────────┤
│ Paths               │ .>next                                                 │
├─────────────────────┼────────────────────────────────────────────────────────┤
│ More info           │ https://github.com/advisories/GHSA-4jqv-mc3x-m676      │
└─────────────────────┴────────────────────────────────────────────────────────┘
┌─────────────────────┬────────────────────────────────────────────────────────┐
│ moderate            │ Next.js has information disclosure in App Router       │
│                     │ metadata image routes via dynamicParams bypass         │
├─────────────────────┼────────────────────────────────────────────────────────┤
│ Package             │ next                                                   │
├─────────────────────┼────────────────────────────────────────────────────────┤
│ Vulnerable versions │ >=16.0.0 <16.3.8                                       │
├─────────────────────┼────────────────────────────────────────────────────────┤
│ Patched versions    │ >=16.3.8                                               │
├─────────────────────┼────────────────────────────────────────────────────────┤
│ Paths               │ .>next                                                 │
├─────────────────────┼────────────────────────────────────────────────────────┤
│ More info           │ https://github.com/advisories/GHSA-f87g-xv8r-7p7x      │
└─────────────────────┴────────────────────────────────────────────────────────┘
┌─────────────────────┬────────────────────────────────────────────────────────┐
│ moderate            │ Next.js has cache poisoning in SSG/ISR rendering that  │
│                     │ leads to cross-user content substitution and           │
│                     │ persistent denial of service                           │
├─────────────────────┼────────────────────────────────────────────────────────┤
│ Package             │ next                                                   │
├─────────────────────┼────────────────────────────────────────────────────────┤
│ Vulnerable versions │ >=16.0.0 <16.3.8                                       │
├─────────────────────┼────────────────────────────────────────────────────────┤
│ Patched versions    │ >=16.3.8                                               │
├─────────────────────┼────────────────────────────────────────────────────────┤
│ Paths               │ .>next                                                 │
├─────────────────────┼────────────────────────────────────────────────────────┤
│ More info           │ https://github.com/advisories/GHSA-mcj8-r9mp-w47p      │
└─────────────────────┴────────────────────────────────────────────────────────┘
┌─────────────────────┬────────────────────────────────────────────────────────┐
│ low                 │ Next.js has information disclosure in development      │
│                     │ server's Model Context Protocol endpoint               │
├─────────────────────┼────────────────────────────────────────────────────────┤
│ Package             │ next                                                   │
├─────────────────────┼────────────────────────────────────────────────────────┤
│ Vulnerable versions │ >=16.0.0 <16.3.8                                       │
├─────────────────────┼────────────────────────────────────────────────────────┤
│ Patched versions    │ >=16.3.8                                               │
├─────────────────────┼────────────────────────────────────────────────────────┤
│ Paths               │ .>next                                                 │
├─────────────────────┼────────────────────────────────────────────────────────┤
│ More info           │ https://github.com/advisories/GHSA-39w2-rjm5-chcv      │
└─────────────────────┴────────────────────────────────────────────────────────┘
10 vulnerabilities found
Severity: 1 low | 4 moderate | 4 high | 1 critical
