check:budgets
  404.html     initial JS gzip 136.8 KiB (6 scripts)
  book.html    initial JS gzip 141.2 KiB (9 scripts)
  built.html   initial JS gzip 139.6 KiB (9 scripts)
  cart.html    initial JS gzip 146.8 KiB (9 scripts)
  checkout.html initial JS gzip 149.4 KiB (10 scripts)
  checkout/return.html initial JS gzip 145.3 KiB (9 scripts)
  contact.html initial JS gzip 141.1 KiB (9 scripts)
  index.html   initial JS gzip 137.9 KiB (8 scripts)
  journal.html initial JS gzip 139.1 KiB (9 scripts)
  notify/confirm.html initial JS gzip 144.9 KiB (9 scripts)
  notify/unsubscribe.html initial JS gzip 144.9 KiB (9 scripts)
  orders.html  initial JS gzip 148.2 KiB (9 scripts)
  passed.html  initial JS gzip 139.6 KiB (9 scripts)
  policies/delivery.html initial JS gzip 137.9 KiB (8 scripts)
  policies/privacy.html initial JS gzip 137.9 KiB (8 scripts)
  policies/refund.html initial JS gzip 137.9 KiB (8 scripts)
  policies/store.html initial JS gzip 137.9 KiB (8 scripts)
  scenes.html  initial JS gzip 140.0 KiB (9 scripts)
  shelf.html   initial JS gzip 137.9 KiB (8 scripts)
  started.html initial JS gzip 139.6 KiB (9 scripts)
  store.html   initial JS gzip 141.7 KiB (9 scripts)
  store/demo-khous.html initial JS gzip 145.0 KiB (9 scripts)
  store/demo-moonlight-cup.html initial JS gzip 145.0 KiB (9 scripts)
  store/demo-room-wallpapers.html initial JS gzip 145.0 KiB (9 scripts)
  OK largest 149.4 KiB (budget 150.0 KiB)
