Resetting local database...
Recreating database...
Initialising schema...
Seeding globals from roles.sql...
Applying migration 20260924130000_staff_and_app_server.sql...
Applying migration 20260925090000_audit_and_staff_directory.sql...
Applying migration 20260925120000_content_versions_and_publishing.sql...
Applying migration 20260926090000_media_library.sql...
Applying migration 20260926120000_contacts_and_email.sql...
Applying migration 20260927090000_static_site_and_functions.sql...
NOTICE (42710): extension "pg_net" already exists, skipping
Applying migration 20260927120000_rebuild_delivery_and_media_sweep.sql...
Applying migration 20260927130000_commerce_settings.sql...
Applying migration 20260927140000_privacy_requests.sql...
Applying migration 20260927150000_outbox_due_since.sql...
Applying migration 20260927160000_catalog_and_checkout.sql...
Applying migration 20260927170000_policy_approval.sql...
Applying migration 20260927180000_store_media.sql...
Applying migration 20260929120000_scenes_collection.sql...
Applying migration 20260930120000_audit_fixes.sql...
NOTICE (00000): policy "published_documents_public_read" for relation "public.published_documents" does not exist, skipping
NOTICE (00000): policy "published_documents_staff_read" for relation "public.published_documents" does not exist, skipping
NOTICE (00000): trigger "policies_reset_approval" for relation "public.published_documents" does not exist, skipping
NOTICE (00000): trigger "products_check_cover" for relation "public.products" does not exist, skipping
Applying migration 20260930130000_buyer_retention.sql...
Applying migration 20260930140000_audit2_fixes.sql...
NOTICE (00000): trigger "product_variants_request_build_update" for relation "public.product_variants" does not exist, skipping
Applying migration 20261002100000_payment_core.sql...
Applying migration 20261002110000_checkout_payment.sql...
Applying migration 20261002120000_order_emails.sql...
Applying migration 20261002130000_refunds.sql...
Applying migration 20261002140000_delivery.sql...
Applying migration 20261002145000_order_operations.sql...
Applying migration 20261002150000_notifications.sql...
Applying migration 20261002170000_stats_disputes.sql...
Applying migration 20261003100000_payment_view_expiry.sql...
Applying migration 20261003110000_variant_admin_info.sql...
Applying migration 20261007100000_fable_audit_payments.sql...
Applying migration 20261007110000_fable_audit_operations.sql...
Applying migration 20261007120000_fable_audit_second_pass.sql...
Seeding data from supabase/seed.sql...
Restarting containers...
Finished supabase db reset on branch cloud-ratify.
A new version of Supabase CLI is available: v2.120.0 (currently installed v2.106.0)
We recommend updating regularly for new features and bug fixes: https://supabase.com/docs/guides/cli/getting-started#updating-the-supabase-cli
