Stopped services: [supabase_realtime_ANASAQ.ME supabase_imgproxy_ANASAQ.ME supabase_analytics_ANASAQ.ME supabase_vector_ANASAQ.ME supabase_pooler_ANASAQ.ME]
A new version of Supabase CLI is available: v2.120.0 (currently installed v2.106.0)
We recommend updating regularly for new features and bug fixes: https://supabase.com/docs/guides/cli/getting-started#updating-the-supabase-cli
Stopped services: [supabase_realtime_ANASAQ.ME supabase_imgproxy_ANASAQ.ME supabase_analytics_ANASAQ.ME supabase_vector_ANASAQ.ME supabase_pooler_ANASAQ.ME]
A new version of Supabase CLI is available: v2.120.0 (currently installed v2.106.0)
We recommend updating regularly for new features and bug fixes: https://supabase.com/docs/guides/cli/getting-started#updating-the-supabase-cli

Running 52 tests using 1 worker

Stopped services: [supabase_realtime_ANASAQ.ME supabase_imgproxy_ANASAQ.ME supabase_analytics_ANASAQ.ME supabase_vector_ANASAQ.ME supabase_pooler_ANASAQ.ME]
A new version of Supabase CLI is available: v2.120.0 (currently installed v2.106.0)
We recommend updating regularly for new features and bug fixes: https://supabase.com/docs/guides/cli/getting-started#updating-the-supabase-cli
Stopped services: [supabase_realtime_ANASAQ.ME supabase_imgproxy_ANASAQ.ME supabase_analytics_ANASAQ.ME supabase_vector_ANASAQ.ME supabase_pooler_ANASAQ.ME]
A new version of Supabase CLI is available: v2.120.0 (currently installed v2.106.0)
We recommend updating regularly for new features and bug fixes: https://supabase.com/docs/guides/cli/getting-started#updating-the-supabase-cli
  ok  1 [chromium] › tests\e2e\orders-admin.spec.ts:367:7 › at 360px › the owner › the list: the alerts line, every filter that has data, the search by number and by email, the fields of a row (4.4s)
  ok  2 [chromium] › tests\e2e\orders-admin.spec.ts:475:7 › at 360px › the owner › the customers list links to a customer's orders: the address goes in the fragment, fills the search and leaves the address bar (1.7s)
  ok  3 [chromium] › tests\e2e\orders-admin.spec.ts:497:7 › at 360px › the owner › «المزيد» appends the next page with the cursor the first one gave, until there is none (1.4s)
  ok  4 [chromium] › tests\e2e\orders-admin.spec.ts:537:7 › at 360px › the owner › an empty list says so; a failed or unreadable one says it could not load, and «تحديث» asks again (2.7s)
  ok  5 [chromium] › tests\e2e\orders-admin.spec.ts:566:7 › at 360px › the owner › the view: every section in its order, the evidence of the payment, the lines, the shipping and the owner’s audit (2.7s)
  ok  6 [chromium] › tests\e2e\orders-admin.spec.ts:650:7 › at 360px › the owner › the view of a refunded order: the line says «مُعاد بالكامل» and the refund is listed, read-only (1.6s)
  ok  7 [chromium] › tests\e2e\orders-admin.spec.ts:673:7 › at 360px › the owner › a pending order shows when its hold ends; a missing or malformed id is «لم نجد هذا الطلب.» and asks nothing (3.9s)
  ok  8 [chromium] › tests\e2e\orders-admin.spec.ts:698:7 › at 360px › the owner › a failed or unreadable view says it could not load, and «تحديث» reads it again (1.7s)
  ok  9 [chromium] › tests\e2e\orders-admin.spec.ts:716:7 › at 360px › the owner › the owner’s disputes and audit rows are drawn, read-only, with their codes left to right (1.6s)
  ok 10 [chromium] › tests\e2e\orders-admin.spec.ts:769:7 › at 360px › the owner › fulfilment: a form refusal, the signed line refused before its dedication then shipped after «تم الإهداء», delivery, and one request for a double press (21.4s)
  ok 11 [chromium] › tests\e2e\orders-admin.spec.ts:872:7 › at 360px › the owner › a refusal for lack of rights, a server error and a reply that is not one are said as they are, and the order is not changed (8.5s)
  ok 12 [chromium] › tests\e2e\orders-admin.spec.ts:895:7 › at 360px › the owner › a return: the owner accepts it with a note, then receives it and puts one of two units back on the shelf (3.9s)
  ok 13 [chromium] › tests\e2e\orders-admin.spec.ts:936:7 › at 360px › the owner › a return still being decided: «رفض», a decision made too late, the layout of its card (4.2s)
  ok 14 [chromium] › tests\e2e\orders-admin.spec.ts:966:7 › at 360px › the owner › a fully refunded line still being prepared is shown but cannot be chosen, and the order leaves «للشحن» once its other line ships (2.9s)
  ok 15 [chromium] › tests\e2e\orders-admin.spec.ts:997:7 › at 360px › the owner › shipping an order that was refunded meanwhile is refused as unpaid, and the screen then shows what the order is (1.8s)
  ok 16 [chromium] › tests\e2e\orders-admin.spec.ts:1015:7 › at 360px › the owner › a preorder line shows its delivery date and note, and has no restock field when it is returned (3.0s)
  ok 17 [chromium] › tests\e2e\orders-admin.spec.ts:1042:7 › at 360px › the owner › «إكمال الطلب» is refused while a refund of the order is in flight, and says so when the order was completed from another session (5.0s)
  ok 18 [chromium] › tests\e2e\orders-admin.spec.ts:1084:7 › at 360px › the owner › a paid order whose stock was gone: «إكمال الطلب» asks twice, is refused while the stock is short, and completes once it is raised (4.9s)
  ok 19 [chromium] › tests\e2e\orders-admin.spec.ts:1127:7 › at 360px › the owner › review payments: listed with their reason, closed by the owner with a reason, and a payment closed meanwhile is said so (6.5s)
  ok 20 [chromium] › tests\e2e\orders-admin.spec.ts:1177:7 › at 360px › the owner › the home: the counts of the orders section are the ones the function answers, with the low stock listed (1.7s)
  ok 21 [chromium] › tests\e2e\orders-admin.spec.ts:1211:7 › at 360px › the owner › the home says the orders could not load, never zero; the list says it too (2.3s)
  ok 22 [chromium] › tests\e2e\orders-admin.spec.ts:1228:7 › at 360px › the owner › the list at its width: no sideways page, 44px targets, the nav entry after «المتجر», a screenshot (1.8s)
  ok 23 [chromium] › tests\e2e\orders-admin.spec.ts:1243:7 › at 360px › an operations member › sees the orders and the alerts line without the owner’s count, and an order without the owner’s parts (1.8s)
  ok 24 [chromium] › tests\e2e\orders-admin.spec.ts:1268:7 › at 360px › an operations member › ships lines, decides a return and receives one with no restock field, and may not resolve an order (5.0s)
  ok 25 [chromium] › tests\e2e\orders-admin.spec.ts:1308:7 › at 360px › an operations member › the home counts three things, not the owner’s fourth (1.4s)
  ok 26 [chromium] › tests\e2e\orders-admin.spec.ts:1321:7 › at 360px › an editor › is told there is no access, has no entry in the nav, and nothing is asked (2.0s)
  ok 27 [chromium] › tests\e2e\orders-admin.spec.ts:367:7 › at 1440px › the owner › the list: the alerts line, every filter that has data, the search by number and by email, the fields of a row (4.7s)
  ok 28 [chromium] › tests\e2e\orders-admin.spec.ts:475:7 › at 1440px › the owner › the customers list links to a customer's orders: the address goes in the fragment, fills the search and leaves the address bar (1.8s)
  ok 29 [chromium] › tests\e2e\orders-admin.spec.ts:497:7 › at 1440px › the owner › «المزيد» appends the next page with the cursor the first one gave, until there is none (1.4s)
  ok 30 [chromium] › tests\e2e\orders-admin.spec.ts:537:7 › at 1440px › the owner › an empty list says so; a failed or unreadable one says it could not load, and «تحديث» asks again (2.9s)
  ok 31 [chromium] › tests\e2e\orders-admin.spec.ts:566:7 › at 1440px › the owner › the view: every section in its order, the evidence of the payment, the lines, the shipping and the owner’s audit (2.6s)
  ok 32 [chromium] › tests\e2e\orders-admin.spec.ts:650:7 › at 1440px › the owner › the view of a refunded order: the line says «مُعاد بالكامل» and the refund is listed, read-only (1.5s)
  ok 33 [chromium] › tests\e2e\orders-admin.spec.ts:673:7 › at 1440px › the owner › a pending order shows when its hold ends; a missing or malformed id is «لم نجد هذا الطلب.» and asks nothing (3.9s)
  ok 34 [chromium] › tests\e2e\orders-admin.spec.ts:698:7 › at 1440px › the owner › a failed or unreadable view says it could not load, and «تحديث» reads it again (1.7s)
  ok 35 [chromium] › tests\e2e\orders-admin.spec.ts:716:7 › at 1440px › the owner › the owner’s disputes and audit rows are drawn, read-only, with their codes left to right (1.7s)
  ok 36 [chromium] › tests\e2e\orders-admin.spec.ts:769:7 › at 1440px › the owner › fulfilment: a form refusal, the signed line refused before its dedication then shipped after «تم الإهداء», delivery, and one request for a double press (12.1s)
  ok 37 [chromium] › tests\e2e\orders-admin.spec.ts:872:7 › at 1440px › the owner › a refusal for lack of rights, a server error and a reply that is not one are said as they are, and the order is not changed (8.2s)
  ok 38 [chromium] › tests\e2e\orders-admin.spec.ts:895:7 › at 1440px › the owner › a return: the owner accepts it with a note, then receives it and puts one of two units back on the shelf (3.1s)
  ok 39 [chromium] › tests\e2e\orders-admin.spec.ts:936:7 › at 1440px › the owner › a return still being decided: «رفض», a decision made too late, the layout of its card (4.7s)
  ok 40 [chromium] › tests\e2e\orders-admin.spec.ts:966:7 › at 1440px › the owner › a fully refunded line still being prepared is shown but cannot be chosen, and the order leaves «للشحن» once its other line ships (2.7s)
  ok 41 [chromium] › tests\e2e\orders-admin.spec.ts:997:7 › at 1440px › the owner › shipping an order that was refunded meanwhile is refused as unpaid, and the screen then shows what the order is (1.8s)
  ok 42 [chromium] › tests\e2e\orders-admin.spec.ts:1015:7 › at 1440px › the owner › a preorder line shows its delivery date and note, and has no restock field when it is returned (3.3s)
  ok 43 [chromium] › tests\e2e\orders-admin.spec.ts:1042:7 › at 1440px › the owner › «إكمال الطلب» is refused while a refund of the order is in flight, and says so when the order was completed from another session (2.4s)
  ok 44 [chromium] › tests\e2e\orders-admin.spec.ts:1084:7 › at 1440px › the owner › a paid order whose stock was gone: «إكمال الطلب» asks twice, is refused while the stock is short, and completes once it is raised (4.0s)
  ok 45 [chromium] › tests\e2e\orders-admin.spec.ts:1127:7 › at 1440px › the owner › review payments: listed with their reason, closed by the owner with a reason, and a payment closed meanwhile is said so (3.9s)
  ok 46 [chromium] › tests\e2e\orders-admin.spec.ts:1177:7 › at 1440px › the owner › the home: the counts of the orders section are the ones the function answers, with the low stock listed (1.9s)
  ok 47 [chromium] › tests\e2e\orders-admin.spec.ts:1211:7 › at 1440px › the owner › the home says the orders could not load, never zero; the list says it too (2.5s)
  ok 48 [chromium] › tests\e2e\orders-admin.spec.ts:1228:7 › at 1440px › the owner › the list at its width: no sideways page, 44px targets, the nav entry after «المتجر», a screenshot (3.5s)
  ok 49 [chromium] › tests\e2e\orders-admin.spec.ts:1243:7 › at 1440px › an operations member › sees the orders and the alerts line without the owner’s count, and an order without the owner’s parts (3.7s)
  ok 50 [chromium] › tests\e2e\orders-admin.spec.ts:1268:7 › at 1440px › an operations member › ships lines, decides a return and receives one with no restock field, and may not resolve an order (7.6s)
  ok 51 [chromium] › tests\e2e\orders-admin.spec.ts:1308:7 › at 1440px › an operations member › the home counts three things, not the owner’s fourth (2.7s)
  ok 52 [chromium] › tests\e2e\orders-admin.spec.ts:1321:7 › at 1440px › an editor › is told there is no access, has no entry in the nav, and nothing is asked (4.4s)

  52 passed (4.0m)
