Stopped services: [supabase_realtime_ANASAQ.ME supabase_imgproxy_ANASAQ.ME supabase_analytics_ANASAQ.ME supabase_vector_ANASAQ.ME supabase_pooler_ANASAQ.ME]
A new version of Supabase CLI is available: v2.120.0 (currently installed v2.106.0)
We recommend updating regularly for new features and bug fixes: https://supabase.com/docs/guides/cli/getting-started#updating-the-supabase-cli

Running 7 tests using 1 worker

Stopped services: [supabase_realtime_ANASAQ.ME supabase_imgproxy_ANASAQ.ME supabase_analytics_ANASAQ.ME supabase_vector_ANASAQ.ME supabase_pooler_ANASAQ.ME]
A new version of Supabase CLI is available: v2.120.0 (currently installed v2.106.0)
We recommend updating regularly for new features and bug fixes: https://supabase.com/docs/guides/cli/getting-started#updating-the-supabase-cli
[WebServer] [browser] When using "display: flex" or "display: inline-flex" on an element containing content editable, Chrome may have unwanted focusing behavior when clicking outside of it. Consider wrapping the content editable within a non-flex element.
[WebServer] [browser] When using "display: flex" or "display: inline-flex" on an element containing content editable, Chrome may have unwanted focusing behavior when clicking outside of it. Consider wrapping the content editable within a non-flex element.
[WebServer] [browser] When using "display: flex" or "display: inline-flex" on an element containing content editable, Chrome may have unwanted focusing behavior when clicking outside of it. Consider wrapping the content editable within a non-flex element.
[WebServer] [browser] When using "display: flex" or "display: inline-flex" on an element containing content editable, Chrome may have unwanted focusing behavior when clicking outside of it. Consider wrapping the content editable within a non-flex element.
[WebServer] [browser] When using "display: flex" or "display: inline-flex" on an element containing content editable, Chrome may have unwanted focusing behavior when clicking outside of it. Consider wrapping the content editable within a non-flex element.
[WebServer] [browser] When using "display: flex" or "display: inline-flex" on an element containing content editable, Chrome may have unwanted focusing behavior when clicking outside of it. Consider wrapping the content editable within a non-flex element.
[WebServer] [browser] When using "display: flex" or "display: inline-flex" on an element containing content editable, Chrome may have unwanted focusing behavior when clicking outside of it. Consider wrapping the content editable within a non-flex element.
[WebServer] [browser] When using "display: flex" or "display: inline-flex" on an element containing content editable, Chrome may have unwanted focusing behavior when clicking outside of it. Consider wrapping the content editable within a non-flex element.
[WebServer] [browser] When using "display: flex" or "display: inline-flex" on an element containing content editable, Chrome may have unwanted focusing behavior when clicking outside of it. Consider wrapping the content editable within a non-flex element.
[WebServer] [browser] When using "display: flex" or "display: inline-flex" on an element containing content editable, Chrome may have unwanted focusing behavior when clicking outside of it. Consider wrapping the content editable within a non-flex element.
[WebServer] [browser] When using "display: flex" or "display: inline-flex" on an element containing content editable, Chrome may have unwanted focusing behavior when clicking outside of it. Consider wrapping the content editable within a non-flex element.
[WebServer] [browser] When using "display: flex" or "display: inline-flex" on an element containing content editable, Chrome may have unwanted focusing behavior when clicking outside of it. Consider wrapping the content editable within a non-flex element.
[WebServer] [browser] When using "display: flex" or "display: inline-flex" on an element containing content editable, Chrome may have unwanted focusing behavior when clicking outside of it. Consider wrapping the content editable within a non-flex element.
[WebServer] [browser] When using "display: flex" or "display: inline-flex" on an element containing content editable, Chrome may have unwanted focusing behavior when clicking outside of it. Consider wrapping the content editable within a non-flex element.
[WebServer] [browser] When using "display: flex" or "display: inline-flex" on an element containing content editable, Chrome may have unwanted focusing behavior when clicking outside of it. Consider wrapping the content editable within a non-flex element.
[WebServer] [browser] When using "display: flex" or "display: inline-flex" on an element containing content editable, Chrome may have unwanted focusing behavior when clicking outside of it. Consider wrapping the content editable within a non-flex element.
[WebServer] [browser] When using "display: flex" or "display: inline-flex" on an element containing content editable, Chrome may have unwanted focusing behavior when clicking outside of it. Consider wrapping the content editable within a non-flex element.
[WebServer] [browser] When using "display: flex" or "display: inline-flex" on an element containing content editable, Chrome may have unwanted focusing behavior when clicking outside of it. Consider wrapping the content editable within a non-flex element.
[WebServer] [browser] When using "display: flex" or "display: inline-flex" on an element containing content editable, Chrome may have unwanted focusing behavior when clicking outside of it. Consider wrapping the content editable within a non-flex element.
[WebServer] [browser] When using "display: flex" or "display: inline-flex" on an element containing content editable, Chrome may have unwanted focusing behavior when clicking outside of it. Consider wrapping the content editable within a non-flex element.
[WebServer] [browser] When using "display: flex" or "display: inline-flex" on an element containing content editable, Chrome may have unwanted focusing behavior when clicking outside of it. Consider wrapping the content editable within a non-flex element.
[WebServer] [browser] When using "display: flex" or "display: inline-flex" on an element containing content editable, Chrome may have unwanted focusing behavior when clicking outside of it. Consider wrapping the content editable within a non-flex element.
[WebServer] [browser] When using "display: flex" or "display: inline-flex" on an element containing content editable, Chrome may have unwanted focusing behavior when clicking outside of it. Consider wrapping the content editable within a non-flex element.
[WebServer] [browser] When using "display: flex" or "display: inline-flex" on an element containing content editable, Chrome may have unwanted focusing behavior when clicking outside of it. Consider wrapping the content editable within a non-flex element.
  ok 1 [chromium] › tests\e2e\cms.spec.ts:120:1 › post lifecycle: taxonomies, rich text, relations, cover, schedule, publish, archive, restore (32.1s)
  ok 2 [chromium] › tests\e2e\cms.spec.ts:265:1 › room: edit, preview, publish, restore (requires pnpm db:import) (17.7s)
  ok 3 [chromium] › tests\e2e\cms.spec.ts:372:1 › editor: a local copy is offered before anything is editable, survives a reload, and leaves on تجاهل or opens on استرجاع (requires pnpm db:import) (7.4s)
  ok 4 [chromium] › tests\e2e\cms.spec.ts:423:1 › social links: edit, add, reorder and publish; the footer and contact page follow (requires pnpm db:import) (13.9s)
  ok 5 [chromium] › tests\e2e\cms.spec.ts:518:1 › book page, home doors and contact page: edit and publish; the pages follow (requires pnpm db:import) (17.5s)
  ok 6 [chromium] › tests\e2e\cms.spec.ts:581:1 › scenes: add, move first, hide and publish; the scenes page follows (requires pnpm db:import) (20.2s)
[WebServer] [browser] When using "display: flex" or "display: inline-flex" on an element containing content editable, Chrome may have unwanted focusing behavior when clicking outside of it. Consider wrapping the content editable within a non-flex element.
[WebServer] [browser] When using "display: flex" or "display: inline-flex" on an element containing content editable, Chrome may have unwanted focusing behavior when clicking outside of it. Consider wrapping the content editable within a non-flex element.
[WebServer] [browser] When using "display: flex" or "display: inline-flex" on an element containing content editable, Chrome may have unwanted focusing behavior when clicking outside of it. Consider wrapping the content editable within a non-flex element.
[WebServer] [browser] When using "display: flex" or "display: inline-flex" on an element containing content editable, Chrome may have unwanted focusing behavior when clicking outside of it. Consider wrapping the content editable within a non-flex element.
  ok 7 [chromium] › tests\e2e\cms.spec.ts:669:1 › a stale save is rejected with a conflict message and keeps the typed text (11.5s)

  7 passed (2.2m)
