
[1m[30m[46m RUN [49m[39m[22m [36mv5.0.1 [39m[90mC:/Users/alazi/Downloads/Tech/Code/My_projects/not shipped yet/ANASAQ.ME[39m

 [32m✓[39m tests/unit/http.test.ts [2m([22m[2m10 tests[22m[2m)[22m[32m 83[2mms[22m[39m
 [32m✓[39m tests/unit/analytics.test.ts [2m([22m[2m56 tests[22m[2m)[22m[32m 238[2mms[22m[39m
[90mstderr[2m | tests/unit/resend-webhook.test.ts[2m > [22m[2mwebhook route (POST)[2m > [22m[2mrecords and acknowledges a signed but unparseable body
[22m[39m[resend-webhook] acknowledging a signed event it cannot process { svixId: [32m'evt_7bc70581-02e9-420f-bc9e-a4d701841e4d'[39m }

[90mstderr[2m | tests/unit/resend-webhook.test.ts[2m > [22m[2mwebhook route (POST)[2m > [22m[2mrecords what it can of a signed event with an unrecognized shape
[22m[39m[resend-webhook] acknowledging a signed event it cannot process { svixId: [32m'evt_052db12f-d94d-4926-a83a-048bbfa7a430'[39m }

[90mstderr[2m | tests/unit/resend-webhook.test.ts[2m > [22m[2mwebhook route (POST)[2m > [22m[2mrecords a signed body past 32 KiB as malformed and never rejects it
[22m[39m[resend-webhook] acknowledging a signed event it cannot process { svixId: [32m'evt_0e8cfcae-32ce-48e5-90f9-3121116a409c'[39m }

[90mstderr[2m | tests/unit/resend-webhook.test.ts[2m > [22m[2mwebhook route (POST)[2m > [22m[2masks Svix to retry when a malformed event cannot be recorded
[22m[39m[resend-webhook] acknowledging a signed event it cannot process { svixId: [32m'evt_1829fce9-6234-49a0-b3ca-f40ccd265773'[39m }

[90mstderr[2m | tests/unit/resend-webhook.test.ts[2m > [22m[2mwebhook route (POST)[2m > [22m[2masks Svix to retry when a malformed event cannot be recorded
[22m[39m[resend-webhook] could not record a malformed signed event { svixId: [32m'evt_1829fce9-6234-49a0-b3ca-f40ccd265773'[39m }

 [32m✓[39m tests/unit/resend-webhook.test.ts [2m([22m[2m19 tests[22m[2m)[22m[32m 109[2mms[22m[39m
 [32m✓[39m tests/unit/media.test.ts [2m([22m[2m21 tests[22m[2m)[22m[32m 158[2mms[22m[39m
 [32m✓[39m tests/unit/notify.test.ts [2m([22m[2m105 tests[22m[2m)[22m[33m 394[2mms[22m[39m
 [32m✓[39m tests/unit/content.test.ts [2m([22m[2m12 tests[22m[2m)[22m[33m 1015[2mms[22m[39m
   [32m✓[39m media references in the published path (P05) [2m(1)[22m
     [33m[2m✓[22m[39m replaces a media id with its reference and leaves an unresolved id as it is[33m 945[2mms[22m[39m
 [32m✓[39m tests/unit/outbox.test.ts [2m([22m[2m51 tests[22m[2m)[22m[32m 172[2mms[22m[39m
 [32m✓[39m tests/unit/admin-paid-files.test.ts [2m([22m[2m82 tests[22m[2m)[22m[32m 239[2mms[22m[39m
 [32m✓[39m tests/unit/download.test.ts [2m([22m[2m37 tests[22m[2m)[22m[32m 212[2mms[22m[39m
 [32m✓[39m tests/unit/orders.test.ts [2m([22m[2m50 tests[22m[2m)[22m[32m 255[2mms[22m[39m
 [32m✓[39m tests/unit/backup-cli.test.ts [2m([22m[2m6 tests[22m[2m)[22m[33m 766[2mms[22m[39m
[90mstderr[2m | tests/unit/payments.test.ts[2m > [22m[2mthe webhook: recorded before it is answered[2m > [22m[2ma failing record is 500 and nothing else is called, so the provider sends it again
[22m[39m{"fn":"payments","sqlstate":"08006"}
{"requestId":"05d7b941-b651-4fef-b536-7848ec33a01a","status":500,"code":"FAILED"}

[90mstderr[2m | tests/unit/payments.test.ts[2m > [22m[2mthe webhook: recorded before it is answered[2m > [22m[2man unreadable record reply is 500 too
[22m[39m{"requestId":"8386dd9e-4c16-4c98-b943-96fd547375d7","status":500,"code":"FAILED"}

[90mstderr[2m | tests/unit/admin-refunds.test.ts[2m > [22m[2mrefund actions: who may[2m > [22m[2mwithout payments configured every action is 503 PAYMENTS_NOT_CONFIGURED and touches nothing
[22m[39m{"requestId":"84a02dd6-08ca-47a8-a123-34134e6a1b37","status":503,"code":"PAYMENTS_NOT_CONFIGURED"}

[90mstderr[2m | tests/unit/admin-refunds.test.ts[2m > [22m[2mrefund actions: who may[2m > [22m[2mwithout payments configured every action is 503 PAYMENTS_NOT_CONFIGURED and touches nothing
[22m[39m{"requestId":"01481355-a72c-41cb-bd47-81b5b03db311","status":503,"code":"PAYMENTS_NOT_CONFIGURED"}

[90mstderr[2m | tests/unit/admin-refunds.test.ts[2m > [22m[2mrefund actions: who may[2m > [22m[2mwithout payments configured every action is 503 PAYMENTS_NOT_CONFIGURED and touches nothing
[22m[39m{"requestId":"aab572e4-649c-4d99-b3e4-a4f444cce856","status":503,"code":"PAYMENTS_NOT_CONFIGURED"}

[90mstderr[2m | tests/unit/admin-function.test.ts[2m > [22m[2madmin function: who may do what[2m > [22m[2ma failed staff lookup is a 500 with the JSON contract, not a 401
[22m[39m{"fn":"admin","sqlstate":null}
{"requestId":"8a3ab2c4-f4da-4b43-aab6-dd789a72d52b","status":500,"code":"FAILED"}

[90mstderr[2m | tests/unit/payments.test.ts[2m > [22m[2mverify[2m > [22m[2manswers 503 UNAVAILABLE without the pepper, without SITE_URL, and while payments are not configured
[22m[39m{"requestId":"8608aabf-8181-4a5d-89f8-f5827e29cf1a","status":503,"code":"UNAVAILABLE"}

[90mstderr[2m | tests/unit/payments.test.ts[2m > [22m[2mverify[2m > [22m[2manswers 503 UNAVAILABLE without the pepper, without SITE_URL, and while payments are not configured
[22m[39m{"requestId":"282dbbde-64b6-44e5-ac1e-adbd44bd8df8","status":503,"code":"UNAVAILABLE"}

[90mstderr[2m | tests/unit/payments.test.ts[2m > [22m[2mverify[2m > [22m[2manswers 503 UNAVAILABLE without the pepper, without SITE_URL, and while payments are not configured
[22m[39m{"requestId":"13700763-00a9-48a9-bdbc-96d4c7dc51ba","status":503,"code":"UNAVAILABLE"}

[90mstderr[2m | tests/unit/payments.test.ts[2m > [22m[2mverify[2m > [22m[2ma throttle (SQLSTATE 54000) is 429 RATE_LIMITED, and any other database failure a detail-free 500
[22m[39m{"fn":"payments","sqlstate":"08006"}
{"requestId":"05248422-a3a8-4939-83a3-b93a26677fec","status":500,"code":"FAILED"}

[90mstderr[2m | tests/unit/admin-refunds.test.ts[2m > [22m[2mrefund-create: fetch first, reserve, one provider call, record[2m > [22m[2ma fetch that is unavailable answers 503 and writes nothing: no reservation, no refund call
[22m[39m{"requestId":"9b6ca9a6-ded7-4f43-8b55-afd3dc27c5fe","status":503,"code":"PROVIDER_UNAVAILABLE"}

[90mstderr[2m | tests/unit/admin-refunds.test.ts[2m > [22m[2mrefund-create: fetch first, reserve, one provider call, record[2m > [22m[2ma fetch that is unavailable answers 503 and writes nothing: no reservation, no refund call
[22m[39m{"requestId":"9dc3a6b1-41da-4985-afb2-49756d182844","status":503,"code":"PROVIDER_UNAVAILABLE"}

[90mstderr[2m | tests/unit/admin-refunds.test.ts[2m > [22m[2mrefund-create: fetch first, reserve, one provider call, record[2m > [22m[2ma fetch that is refused (a 4xx other than 401 and 403) answers 503 and writes nothing: no reservation, no refund call
[22m[39m{"requestId":"c2ef26fc-8407-4fad-82fe-5ffb265909aa","status":503,"code":"PROVIDER_UNAVAILABLE"}

[90mstderr[2m | tests/unit/admin-refunds.test.ts[2m > [22m[2mrefund-create: fetch first, reserve, one provider call, record[2m > [22m[2ma fetch that is refused (a 4xx other than 401 and 403) answers 503 and writes nothing: no reservation, no refund call
[22m[39m{"requestId":"47e7ffe0-87a5-48bd-a3ed-48d6e3e7f096","status":503,"code":"PROVIDER_UNAVAILABLE"}

[90mstderr[2m | tests/unit/admin-refunds.test.ts[2m > [22m[2mrefund-create: fetch first, reserve, one provider call, record[2m > [22m[2ma fetch that is refused before it was sent (an id that is no uuid) answers 503 and writes nothing: no reservation, no refund call
[22m[39m{"requestId":"aae264c1-acf5-4b42-9741-96f5c32c0d7d","status":503,"code":"PROVIDER_UNAVAILABLE"}

[90mstderr[2m | tests/unit/admin-refunds.test.ts[2m > [22m[2mrefund-create: fetch first, reserve, one provider call, record[2m > [22m[2ma fetch that is refused before it was sent (an id that is no uuid) answers 503 and writes nothing: no reservation, no refund call
[22m[39m{"requestId":"00078a41-0f9d-4c70-aab6-4302de5775df","status":503,"code":"PROVIDER_UNAVAILABLE"}

[90mstderr[2m | tests/unit/admin-refunds.test.ts[2m > [22m[2mrefund-create: fetch first, reserve, one provider call, record[2m > [22m[2ma fetch that is rate limited answers 503 and writes nothing: no reservation, no refund call
[22m[39m{"requestId":"8f149f73-cea9-41a3-881d-579a35f81c5d","status":503,"code":"PROVIDER_UNAVAILABLE"}

[90mstderr[2m | tests/unit/admin-refunds.test.ts[2m > [22m[2mrefund-create: fetch first, reserve, one provider call, record[2m > [22m[2ma fetch that is rate limited answers 503 and writes nothing: no reservation, no refund call
[22m[39m{"requestId":"3dc52746-6e02-4765-9622-10ad6d40ee0b","status":503,"code":"PROVIDER_UNAVAILABLE"}

[90mstderr[2m | tests/unit/admin-refunds.test.ts[2m > [22m[2mrefund-create: fetch first, reserve, one provider call, record[2m > [22m[2ma fetch that is uncertain answers 503 and writes nothing: no reservation, no refund call
[22m[39m{"requestId":"d171bd65-5a05-47ab-b470-f69a64e216da","status":503,"code":"PROVIDER_UNAVAILABLE"}

[90mstderr[2m | tests/unit/admin-refunds.test.ts[2m > [22m[2mrefund-create: fetch first, reserve, one provider call, record[2m > [22m[2ma fetch that is uncertain answers 503 and writes nothing: no reservation, no refund call
[22m[39m{"requestId":"ded4d7f7-d86f-44d1-9c3c-ce8b87cd45c7","status":503,"code":"PROVIDER_UNAVAILABLE"}

[90mstderr[2m | tests/unit/admin-refunds.test.ts[2m > [22m[2mrefund-create: fetch first, reserve, one provider call, record[2m > [22m[2ma fetch the provider refuses with 401 answers 502 PROVIDER_REFUSED in its own words and writes nothing, whichever refund action asked
[22m[39m{"requestId":"f33fd7c2-643e-4c51-af92-1b1258c350ba","status":502,"code":"PROVIDER_REFUSED"}

[90mstderr[2m | tests/unit/admin-refunds.test.ts[2m > [22m[2mrefund-create: fetch first, reserve, one provider call, record[2m > [22m[2ma fetch the provider refuses with 401 answers 502 PROVIDER_REFUSED in its own words and writes nothing, whichever refund action asked
[22m[39m{"requestId":"7a738c9f-edde-452a-bc24-0967ed20e64c","status":502,"code":"PROVIDER_REFUSED"}

[90mstderr[2m | tests/unit/admin-refunds.test.ts[2m > [22m[2mrefund-create: fetch first, reserve, one provider call, record[2m > [22m[2ma fetch the provider refuses with 401 answers 502 PROVIDER_REFUSED in its own words and writes nothing, whichever refund action asked
[22m[39m{"requestId":"e966e166-1b11-4573-a4b5-ebd61e426bfd","status":502,"code":"PROVIDER_REFUSED"}

[90mstderr[2m | tests/unit/admin-refunds.test.ts[2m > [22m[2mrefund-create: fetch first, reserve, one provider call, record[2m > [22m[2ma fetch the provider refuses with 401 answers 502 PROVIDER_REFUSED in its own words and writes nothing, whichever refund action asked
[22m[39m{"requestId":"df6f5663-5e77-48d6-afae-35974bf95fc4","status":502,"code":"PROVIDER_REFUSED"}

[90mstderr[2m | tests/unit/admin-function.test.ts[2m > [22m[2madmin function: media upload (P05 checks, D32 storage)[2m > [22m[2mwhen the media row's outcome is unknown (a network failure (no SQLSTATE)) every object stays for the row that may exist, and the answer is the 500
[22m[39m{"fn":"admin","sqlstate":null}
{"requestId":"ae039a9a-302f-4d88-9ae8-4a7ff01933b2","status":500,"code":"FAILED"}

[90mstderr[2m | tests/unit/admin-refunds.test.ts[2m > [22m[2mrefund-create: fetch first, reserve, one provider call, record[2m > [22m[2ma fetch the provider refuses with 403 answers 502 PROVIDER_REFUSED in its own words and writes nothing, whichever refund action asked
[22m[39m{"requestId":"bd816f95-2d28-4e57-b993-fca50e54198c","status":502,"code":"PROVIDER_REFUSED"}

[90mstderr[2m | tests/unit/admin-refunds.test.ts[2m > [22m[2mrefund-create: fetch first, reserve, one provider call, record[2m > [22m[2ma fetch the provider refuses with 403 answers 502 PROVIDER_REFUSED in its own words and writes nothing, whichever refund action asked
[22m[39m{"requestId":"77919e0f-9c48-411a-a85f-d523feb73c2e","status":502,"code":"PROVIDER_REFUSED"}

[90mstderr[2m | tests/unit/admin-refunds.test.ts[2m > [22m[2mrefund-create: fetch first, reserve, one provider call, record[2m > [22m[2ma fetch the provider refuses with 403 answers 502 PROVIDER_REFUSED in its own words and writes nothing, whichever refund action asked
[22m[39m{"requestId":"1bd4b86c-25e5-44e7-ad18-07eac19e5cd0","status":502,"code":"PROVIDER_REFUSED"}

[90mstderr[2m | tests/unit/admin-refunds.test.ts[2m > [22m[2mrefund-create: fetch first, reserve, one provider call, record[2m > [22m[2ma fetch the provider refuses with 403 answers 502 PROVIDER_REFUSED in its own words and writes nothing, whichever refund action asked
[22m[39m{"requestId":"f4585707-8cd1-4a37-a9e2-2323cf1c6526","status":502,"code":"PROVIDER_REFUSED"}

[90mstderr[2m | tests/unit/admin-function.test.ts[2m > [22m[2madmin function: media upload (P05 checks, D32 storage)[2m > [22m[2mwhen the media row's outcome is unknown (a lost connection (a SQLSTATE the function never raises)) every object stays for the row that may exist, and the answer is the 500
[22m[39m{"fn":"admin","sqlstate":"08006"}
{"requestId":"7ee67d09-6355-4386-9c13-506d90e6702c","status":500,"code":"FAILED"}

[90mstderr[2m | tests/unit/admin-function.test.ts[2m > [22m[2madmin function: order-link-reissue (FABLE-AUDIT F1-10)[2m > [22m[2mrefuses a malformed body with 422, and is unavailable without the pepper, before anything is read
[22m[39m{"requestId":"3745c9f1-0760-43ac-97cd-fee4f54aba32","status":503,"code":"UNAVAILABLE"}

 [32m✓[39m tests/unit/cron-jobs.test.ts [2m([22m[2m8 tests[22m[2m)[22m[32m 70[2mms[22m[39m
[90mstderr[2m | tests/unit/admin-function.test.ts[2m > [22m[2madmin function: order-link-reissue (FABLE-AUDIT F1-10)[2m > [22m[2man order the service cannot read is 404 and the SQL is not called; a revoked owner is 403; anything else a detail-free 500
[22m[39m{"fn":"admin","sqlstate":"08006"}
{"requestId":"8b6236b0-f2e7-4e36-9570-9e699f3f5271","status":500,"code":"FAILED"}

[90mstderr[2m | tests/unit/admin-function.test.ts[2m > [22m[2madmin function: order-link-reissue (FABLE-AUDIT F1-10)[2m > [22m[2man order the service cannot read is 404 and the SQL is not called; a revoked owner is 403; anything else a detail-free 500
[22m[39m{"requestId":"1c6ae36b-b859-4dbb-bd14-1ff5708bf8fa","status":500,"code":"FAILED"}

 [32m✓[39m tests/unit/payments.test.ts [2m([22m[2m197 tests[22m[2m)[22m[33m 431[2mms[22m[39m
[90mstderr[2m | tests/unit/admin-refunds.test.ts[2m > [22m[2mrefund-create: every provider answer becomes the outcome the SQL is told[2m > [22m[2manswers what the SQL says about the refund whichever outcome it was: the stored status, the amount, nothing more
[22m[39m{"requestId":"052895c7-9da4-4743-8e38-2667466c6193","status":500,"code":"FAILED"}

[90mstderr[2m | tests/unit/admin-refunds.test.ts[2m > [22m[2mrefund-create: every provider answer becomes the outcome the SQL is told[2m > [22m[2mwhen the result cannot be written the provider has been asked and the row stays in flight for the job: 500, no detail
[22m[39m{"fn":"refunds","sqlstate":"08006"}
{"requestId":"902575e6-e22c-43c2-af77-8898298a42a5","status":500,"code":"FAILED"}

[90mstderr[2m | tests/unit/admin-refunds.test.ts[2m > [22m[2mrefund-create: every provider answer becomes the outcome the SQL is told[2m > [22m[2ma database failure before the provider call is a detail-free 500, a malformed call 422, and the provider is not asked
[22m[39m{"fn":"refunds","sqlstate":"08006"}
{"requestId":"642e98d6-69bc-4899-ba8d-c3c36e870fb7","status":500,"code":"FAILED"}

[90mstderr[2m | tests/unit/admin-refunds.test.ts[2m > [22m[2mrefund-recheck[2m > [22m[2ma failed fetch (unavailable) is 503 and settles nothing: a refund is never decided from a read that failed
[22m[39m{"requestId":"7d1186fd-15ac-4daa-94d4-ee921ecd845f","status":503,"code":"PROVIDER_UNAVAILABLE"}

[90mstderr[2m | tests/unit/admin-function.test.ts[2m > [22m[2madmin function: stats, the commerce figures (P08 round 9)[2m > [22m[2ma failure reading the ledger is a detail-free 500, never a null or a zero
[22m[39m{"fn":"admin","sqlstate":"XX000"}
{"requestId":"45f4562a-487b-4640-8bf4-cbec33aaf7a1","status":500,"code":"FAILED"}

[90mstderr[2m | tests/unit/admin-refunds.test.ts[2m > [22m[2mrefund-recheck[2m > [22m[2ma failed fetch (refused (a 400)) is 503 and settles nothing: a refund is never decided from a read that failed
[22m[39m{"requestId":"ba62cf0c-b0b1-474f-a052-93f0ce300a92","status":503,"code":"PROVIDER_UNAVAILABLE"}

[90mstderr[2m | tests/unit/admin-refunds.test.ts[2m > [22m[2mrefund-recheck[2m > [22m[2ma failed fetch (rate limited) is 503 and settles nothing: a refund is never decided from a read that failed
[22m[39m{"requestId":"21e50bef-4cbf-455a-8a1b-1e0e04ffcad6","status":503,"code":"PROVIDER_UNAVAILABLE"}

 [32m✓[39m tests/unit/backup-format.test.ts [2m([22m[2m19 tests[22m[2m)[22m[33m 2625[2mms[22m[39m
   [32m✓[39m writeBackup / readBackup [2m(17)[22m
     [33m[2m✓[22m[39m works with a string passphrase too (real scrypt on both sides)[33m 1013[2mms[22m[39m
     [33m[2m✓[22m[39m a wrong passphrase fails with WRONG_PASSPHRASE_OR_DAMAGED and nothing left in destDir[33m 600[2mms[22m[39m
[90mstderr[2m | tests/unit/admin-refunds.test.ts[2m > [22m[2mrefund-recheck[2m > [22m[2ma refund that is no longer in flight is answered as stored; one that vanished is 404; a broken reply is 500
[22m[39m{"requestId":"e5d2464c-1219-4fd3-83b9-d43125dd7ca6","status":500,"code":"FAILED"}

 [32m✓[39m tests/unit/admin-function.test.ts [2m([22m[2m77 tests[22m[2m)[22m[33m 429[2mms[22m[39m
[90mstderr[2m | tests/unit/admin-refunds.test.ts[2m > [22m[2mrefund-recheck[2m > [22m[2ma database failure is a detail-free 500
[22m[39m{"fn":"refunds","sqlstate":"08006"}
{"requestId":"6547ef9d-53fe-459c-b3ce-6ef24e6acfbd","status":500,"code":"FAILED"}

[90mstderr[2m | tests/unit/admin-refunds.test.ts[2m > [22m[2mrefund-record-external[2m > [22m[2ma failed fetch is 503 and records nothing; a payment the provider does not know is 404 and records nothing
[22m[39m{"requestId":"c14120f5-bffe-4fec-97b7-a68f79697691","status":503,"code":"PROVIDER_UNAVAILABLE"}

[90mstderr[2m | tests/unit/admin-refunds.test.ts[2m > [22m[2mrefund-record-external[2m > [22m[2ma reply with neither a refund nor a code is a 500, and a database failure a detail-free 500
[22m[39m{"requestId":"bd40e933-1704-4875-80c4-bebacf1740c1","status":500,"code":"FAILED"}

[90mstderr[2m | tests/unit/admin-refunds.test.ts[2m > [22m[2mrefund-record-external[2m > [22m[2ma reply with neither a refund nor a code is a 500, and a database failure a detail-free 500
[22m[39m{"fn":"refunds","sqlstate":"08006"}
{"requestId":"bd0de141-5666-4983-b2e3-b585364fb5fe","status":500,"code":"FAILED"}

 [32m✓[39m tests/unit/admin-refunds.test.ts [2m([22m[2m112 tests[22m[2m)[22m[33m 510[2mms[22m[39m
 [32m✓[39m tests/unit/collections.test.ts [2m([22m[2m75 tests[22m[2m)[22m[32m 158[2mms[22m[39m
[90mstderr[2m | tests/unit/checkout.test.ts[2m > [22m[2mthe gates, in contact's order[2m > [22m[2manswers 503 UNAVAILABLE with no SITE_URL
[22m[39m{"requestId":"8acbe80f-f55b-402a-ad69-d1e8294575f9","status":503,"code":"UNAVAILABLE"}

[90mstderr[2m | tests/unit/checkout.test.ts[2m > [22m[2mthe gates, in contact's order[2m > [22m[2manswers 503 UNAVAILABLE with no TOKEN_HASH_PEPPER
[22m[39m{"requestId":"83fbbfa0-6c7d-4294-8ed7-2789e69c096e","status":503,"code":"UNAVAILABLE"}

[90mstderr[2m | tests/unit/checkout.test.ts[2m > [22m[2mthe sandbox fence (a hosted site in test mode)[2m > [22m[2mcreate and pay answer 503 CHECKOUT_DISABLED without the code or with a wrong one, before any database call
[22m[39m{"requestId":"5c1c3a85-6034-4c10-bf8d-88a8b1de63a8","status":503,"code":"CHECKOUT_DISABLED"}

[90mstderr[2m | tests/unit/checkout.test.ts[2m > [22m[2mthe sandbox fence (a hosted site in test mode)[2m > [22m[2mcreate and pay answer 503 CHECKOUT_DISABLED without the code or with a wrong one, before any database call
[22m[39m{"requestId":"1f0d6609-3bc0-4ed6-87a0-97f16b2ec143","status":503,"code":"CHECKOUT_DISABLED"}

[90mstderr[2m | tests/unit/checkout.test.ts[2m > [22m[2mthe sandbox fence (a hosted site in test mode)[2m > [22m[2mcreate and pay answer 503 CHECKOUT_DISABLED without the code or with a wrong one, before any database call
[22m[39m{"requestId":"09ae2d52-cabe-48e7-97f4-406f793c04e9","status":503,"code":"CHECKOUT_DISABLED"}

[90mstderr[2m | tests/unit/checkout.test.ts[2m > [22m[2mthe sandbox fence (a hosted site in test mode)[2m > [22m[2mcreate and pay answer 503 CHECKOUT_DISABLED without the code or with a wrong one, before any database call
[22m[39m{"requestId":"89ce77db-2346-4f19-8627-f547c33e8424","status":503,"code":"CHECKOUT_DISABLED"}

[90mstderr[2m | tests/unit/checkout.test.ts[2m > [22m[2mthe sandbox fence (a hosted site in test mode)[2m > [22m[2mthe code is checked before Turnstile, so a closed sandbox costs no siteverify call
[22m[39m{"requestId":"c7e011d1-4bb5-408f-86bd-49470554c7f1","status":503,"code":"CHECKOUT_DISABLED"}

[90mstderr[2m | tests/unit/checkout.test.ts[2m > [22m[2mthe sandbox fence (a hosted site in test mode)[2m > [22m[2ma configuration without a code on a hosted site in test mode stays closed (it cannot be, but the answer is never open)
[22m[39m{"requestId":"cfb413cc-0e36-48c8-be43-50a436bb73da","status":503,"code":"CHECKOUT_DISABLED"}

[90mstderr[2m | tests/unit/checkout.test.ts[2m > [22m[2mpayments not configured[2m > [22m[2mcreate answers 503 CHECKOUT_DISABLED before Turnstile and before any database call
[22m[39m{"requestId":"2e8ec26c-d6d8-4b24-a41e-7fb157b6b317","status":503,"code":"CHECKOUT_DISABLED"}

[90mstderr[2m | tests/unit/checkout.test.ts[2m > [22m[2mpayments not configured[2m > [22m[2mpay answers the same, with nothing called
[22m[39m{"requestId":"4b0b6beb-8680-421a-ab7c-d5b3ab4d77c0","status":503,"code":"CHECKOUT_DISABLED"}

[90mstderr[2m | tests/unit/checkout.test.ts[2m > [22m[2mpayments not configured[2m > [22m[2mone configured but with no payment dependencies (a null) is closed too
[22m[39m{"requestId":"b3d89a1c-f595-43c9-b843-897cc1e2f96a","status":503,"code":"CHECKOUT_DISABLED"}

 [32m✓[39m tests/unit/content-loaders.test.ts [2m([22m[2m12 tests[22m[2m)[22m[32m 100[2mms[22m[39m
[90mstderr[2m | tests/unit/admin-payments.test.ts[2m > [22m[2mpayment-recheck: who may[2m > [22m[2manswers 503 PAYMENTS_NOT_CONFIGURED while payments are not configured, and touches nothing
[22m[39m{"requestId":"803a5508-3399-45a8-a1d7-048b71110c60","status":503,"code":"PAYMENTS_NOT_CONFIGURED"}

 [32m✓[39m tests/unit/moyasar-client.test.ts [2m([22m[2m174 tests[22m[2m)[22m[33m 3516[2mms[22m[39m
   [32m✓[39m the client against the local emulator [2m(33)[22m
     [32m✓[39m listInvoices [2m(5)[22m
       [33m[2m✓[22m[39m asks for the page it is given and reports the next one[33m 543[2mms[22m[39m
     [32m✓[39m classification by the HTTP status alone [2m(10)[22m
       [33m[2m✓[22m[39m a timeout is unavailable for a read and uncertain for a write, and the write is not made[33m 539[2mms[22m[39m
       [33m[2m✓[22m[39m a refund that lands after the client gave up is uncertain first and visible later[33m 1034[2mms[22m[39m
[90mstderr[2m | tests/unit/admin-payments.test.ts[2m > [22m[2mpayment-recheck: what it does[2m > [22m[2ma closed attempt with no invoice id[2m > [22m[2ma database failure while recording is the same detail-free 500 as any other
[22m[39m{"fn":"admin","sqlstate":"08006"}
{"requestId":"e772a595-5407-4018-ab28-af2da1376dd9","status":500,"code":"FAILED"}

[90mstderr[2m | tests/unit/admin-payments.test.ts[2m > [22m[2mpayment-recheck: what it does[2m > [22m[2ma database refusal is mapped, never leaked: a revoked owner is 403, anything else a detail-free 500
[22m[39m{"fn":"admin","sqlstate":"08006"}
{"requestId":"83ac9796-774d-4910-856a-b9de589af9d3","status":500,"code":"FAILED"}

 [32m✓[39m tests/unit/store.test.ts [2m([22m[2m14 tests[22m[2m)[22m[32m 111[2mms[22m[39m
[90mstderr[2m | tests/unit/admin-payments.test.ts[2m > [22m[2mcommerce-checkout-set[2m > [22m[2man owner revoked a moment ago is 403, and any other failure a detail-free 500
[22m[39m{"fn":"admin","sqlstate":"08006"}
{"requestId":"592fa37f-558a-4878-8370-f6b0b6104e58","status":500,"code":"FAILED"}

 [32m✓[39m tests/unit/admin-payments.test.ts [2m([22m[2m59 tests[22m[2m)[22m[32m 260[2mms[22m[39m
 [32m✓[39m tests/unit/admin-orders.test.ts [2m([22m[2m90 tests[22m[2m)[22m[33m 302[2mms[22m[39m
[90mstderr[2m | tests/unit/checkout.test.ts[2m > [22m[2mTurnstile (create only)[2m > [22m[2ma missing TURNSTILE_SECRET_KEY is 503 TURNSTILE_UNAVAILABLE
[22m[39m{"requestId":"74e06c1f-e953-4af9-b885-8b806d7e300c","status":503,"code":"TURNSTILE_UNAVAILABLE"}

[90mstderr[2m | tests/unit/checkout.test.ts[2m > [22m[2mTurnstile (create only)[2m > [22m[2man unreachable siteverify maps like contact
[22m[39m{"requestId":"10eb74c8-cf85-4aee-b611-ba0e7decc240","status":503,"code":"TURNSTILE_UNAVAILABLE"}

[90mstderr[2m | tests/unit/checkout.test.ts[2m > [22m[2mTurnstile (create only)[2m > [22m[2ma siteverify that refused our secret maps like contact
[22m[39m{"requestId":"6d4104b1-4354-4bb0-9991-200d4cf86d9f","status":503,"code":"TURNSTILE_UNAVAILABLE"}

[90mstderr[2m | tests/unit/checkout.test.ts[2m > [22m[2mTurnstile (create only)[2m > [22m[2ma test secret on a hosted site maps like contact
[22m[39m{"requestId":"1861ae4a-851e-445c-93f8-d69fba8cf2d5","status":503,"code":"TURNSTILE_UNAVAILABLE"}

[90mstderr[2m | tests/unit/checkout.test.ts[2m > [22m[2mSQL refusals map to their status[2m > [22m[2mCHECKOUT_DISABLED is 503
[22m[39m{"requestId":"6dd873e4-1e1f-4ca8-ab32-9c6887c8d8c5","status":503,"code":"CHECKOUT_DISABLED"}

[90mstderr[2m | tests/unit/checkout.test.ts[2m > [22m[2mSQL refusals map to their status[2m > [22m[2mSELLER_NOT_CONFIGURED is 503
[22m[39m{"requestId":"b3c38118-58a0-4e1a-b1c6-4916ed6b7836","status":503,"code":"SELLER_NOT_CONFIGURED"}

[90mstderr[2m | tests/unit/checkout.test.ts[2m > [22m[2mSQL refusals map to their status[2m > [22m[2mPOLICIES_NOT_CONFIGURED is 503
[22m[39m{"requestId":"c7d2a97d-3bf7-44ca-a7ad-dd94c95678aa","status":503,"code":"POLICIES_NOT_CONFIGURED"}

[90mstderr[2m | tests/unit/checkout.test.ts[2m > [22m[2mSQL refusals map to their status[2m > [22m[2man unknown code is a detail-free 500
[22m[39m{"requestId":"3dfba765-c550-464a-a354-ee5f45a014a8","status":500,"code":"FAILED"}

[90mstderr[2m | tests/unit/checkout.test.ts[2m > [22m[2mSQL refusals map to their status[2m > [22m[2ma null reply is a detail-free 500
[22m[39m{"requestId":"3163d928-e1c0-46be-ba36-71fad35601cf","status":500,"code":"FAILED"}

[90mstderr[2m | tests/unit/checkout.test.ts[2m > [22m[2mdatabase errors[2m > [22m[2many other error is a 500 with no detail
[22m[39m{"fn":"checkout","sqlstate":null}
{"requestId":"4e038f89-eb47-4129-a149-14c0fb490dc3","status":500,"code":"FAILED"}

[90mstderr[2m | tests/unit/checkout.test.ts[2m > [22m[2mpay[2m > [22m[2many other failure is a detail-free 500
[22m[39m{"fn":"checkout","sqlstate":"08006"}
{"requestId":"25ef98e0-03ae-4bcd-a06f-6d7dbc9d7a1a","status":500,"code":"FAILED"}

[90mstderr[2m | tests/unit/checkout.test.ts[2m > [22m[2mcancel[2m > [22m[2ma database failure is mapped: 54000 is 429, anything else a detail-free 500
[22m[39m{"fn":"checkout","sqlstate":"08006"}
{"requestId":"c73ac9b2-f801-4a5d-91c7-875671eec9e3","status":500,"code":"FAILED"}

[90mstderr[2m | tests/unit/checkout.test.ts[2m > [22m[2mcancel[2m > [22m[2ma failure closing the attempt is a detail-free 500, and the order is not cancelled
[22m[39m{"fn":"checkout","sqlstate":"08006"}
{"requestId":"46f6a890-143f-4f5a-aca7-1d24edac7975","status":500,"code":"FAILED"}

[90mstderr[2m | tests/unit/checkout.test.ts[2m > [22m[2mcancel[2m > [22m[2ma failure of the state read after a settle is a detail-free 500
[22m[39m{"fn":"checkout","sqlstate":"08006"}
{"requestId":"efc7b754-4b1b-4a74-af43-b921e56c57e8","status":500,"code":"FAILED"}

 [32m✓[39m tests/unit/book-room.test.ts [2m([22m[2m26 tests[22m[2m)[22m[33m 667[2mms[22m[39m
 [32m✓[39m tests/unit/site-pages.test.ts [2m([22m[2m13 tests[22m[2m)[22m[33m 318[2mms[22m[39m
 [32m✓[39m tests/unit/checkout.test.ts [2m([22m[2m194 tests[22m[2m)[22m[33m 1018[2mms[22m[39m
 [32m✓[39m tests/unit/env.test.ts [2m([22m[2m29 tests[22m[2m)[22m[32m 19[2mms[22m[39m
[90mstderr[2m | tests/unit/contact-route.test.ts[2m > [22m[2mcontact Turnstile action and hostname (a live secret checks both)[2m > [22m[2ma siteverify that refuses our secret is 503, not "you are not human", and stores nothing
[22m[39m{"requestId":"018a94e7-042f-42e1-ad88-ab754cd39fe6","status":503,"code":"TURNSTILE_UNAVAILABLE"}

 [32m✓[39m tests/unit/contact-route.test.ts [2m([22m[2m19 tests[22m[2m)[22m[32m 136[2mms[22m[39m
[90mstderr[2m | tests/unit/staff-admin-function.test.ts[2m > [22m[2mstaff-admin: invite[2m > [22m[2man auth user orphaned by a failed rollback is finished by the next invite, not blocked as USER_EXISTS
[22m[39m{"requestId":"9dec2d10-d992-4b36-b0e7-60b3d0fdb561","status":500,"code":"INVITE_FAILED"}

[90mstderr[2m | tests/unit/staff-admin-function.test.ts[2m > [22m[2mstaff-admin: invite[2m > [22m[2ma failed staff insert for a new user rolls the new auth user back
[22m[39m{"requestId":"1a48de25-366e-44eb-860c-b3bf5930c964","status":500,"code":"INVITE_FAILED"}

[90mstderr[2m | tests/unit/staff-admin-function.test.ts[2m > [22m[2mstaff-admin: set_active[2m > [22m[2msessions that cannot be ended answer SESSIONS_FAILED after the audit row, which says so; the member stays revoked and banned
[22m[39m{"requestId":"2537178d-206c-427e-acab-b524cbfa9e59","status":500,"code":"SESSIONS_FAILED"}

[90mstderr[2m | tests/unit/staff-admin-function.test.ts[2m > [22m[2mstaff-admin: set_active[2m > [22m[2ma ban that fails puts the member back to active, so the revoke can be tried again; BAN_FAILED says the state is unchanged, banApplied false, rolledBack true, no session is touched
[22m[39m{"requestId":"6b5f81e3-b9a1-4fc4-a426-003d1033dbe4","status":500,"code":"BAN_FAILED"}

[90mstderr[2m | tests/unit/staff-admin-function.test.ts[2m > [22m[2mstaff-admin: set_active[2m > [22m[2ma ban that fails and a rollback that fails too: the reply does not claim the state is unchanged, the audit row says so, and the revoke can be asked again
[22m[39m{"fn":"staff-admin","sqlstate":"XX000"}

[90mstderr[2m | tests/unit/staff-admin-function.test.ts[2m > [22m[2mstaff-admin: set_active[2m > [22m[2ma ban that fails and a rollback that fails too: the reply does not claim the state is unchanged, the audit row says so, and the revoke can be asked again
[22m[39m{"requestId":"82199a81-1250-4d3e-a1b4-48cc2d98e608","status":500,"code":"ROLLBACK_FAILED"}

[90mstderr[2m | tests/unit/staff-admin-function.test.ts[2m > [22m[2mstaff-admin: set_active[2m > [22m[2m«حاول مرة أخرى» on a member already revoked never brings them back: a ban that fails then answers BAN_INCOMPLETE, rolls nothing back and ends no session
[22m[39m{"requestId":"baca1a2f-f891-45e5-8838-1008d71dbb15","status":500,"code":"BAN_INCOMPLETE"}

[90mstderr[2m | tests/unit/staff-admin-function.test.ts[2m > [22m[2mstaff-admin: set_active[2m > [22m[2ma rollback that matched no member does not count as one that held
[22m[39m{"fn":"staff-admin","sqlstate":null}

[90mstderr[2m | tests/unit/staff-admin-function.test.ts[2m > [22m[2mstaff-admin: set_active[2m > [22m[2ma rollback that matched no member does not count as one that held
[22m[39m{"requestId":"9f0cdb61-b671-4ce9-a3ef-618c9c0ed33d","status":500,"code":"ROLLBACK_FAILED"}

 [32m✓[39m tests/unit/staff-admin-function.test.ts [2m([22m[2m21 tests[22m[2m)[22m[32m 212[2mms[22m[39m
 [32m✓[39m tests/unit/orders-page.test.ts [2m([22m[2m45 tests[22m[2m)[22m[32m 138[2mms[22m[39m
 [32m✓[39m tests/unit/restore-check.test.ts [2m([22m[2m12 tests[22m[2m)[22m[33m 4909[2mms[22m[39m
   [32m✓[39m restore-check arguments [2m(6)[22m
     [33m[2m✓[22m[39m --help prints the usage and exits 0 before any passphrase prompt or CLI call[33m 587[2mms[22m[39m
     [33m[2m✓[22m[39m --extract followed by another flag is refused with the usage and exit 2, never the full rehearsal[33m 316[2mms[22m[39m
     [33m[2m✓[22m[39m a second file is refused with the usage and exit 2, never the full rehearsal[33m 324[2mms[22m[39m
   [32m✓[39m restore-check --extract failures [2m(2)[22m
     [33m[2m✓[22m[39m a wrong passphrase says so and leaves no destination behind[33m 970[2mms[22m[39m
     [33m[2m✓[22m[39m a file that is not a backup, a missing file and a destination that is not empty each say so[33m 998[2mms[22m[39m
 [32m✓[39m tests/unit/reader-mapping.test.ts [2m([22m[2m16 tests[22m[2m)[22m[33m 3361[2mms[22m[39m
   [32m✓[39m the real preview, read by pdf.js [2m(1)[22m
     [33m[2m✓[22m[39m comes out in reading order once the ligatures are put back[33m 3339[2mms[22m[39m
 [32m✓[39m tests/unit/turnstile.test.ts [2m([22m[2m18 tests[22m[2m)[22m[32m 88[2mms[22m[39m
 [32m✓[39m tests/unit/email.test.ts [2m([22m[2m72 tests[22m[2m)[22m[32m 165[2mms[22m[39m
 [32m✓[39m tests/unit/demo-guard.test.ts [2m([22m[2m12 tests[22m[2m)[22m[32m 12[2mms[22m[39m
 [32m✓[39m tests/unit/rate-limit.test.ts [2m([22m[2m8 tests[22m[2m)[22m[32m 59[2mms[22m[39m
 [32m✓[39m tests/unit/admin-publish.test.ts [2m([22m[2m6 tests[22m[2m)[22m[32m 81[2mms[22m[39m
 [32m✓[39m tests/unit/richtext-editor.test.ts [2m([22m[2m11 tests[22m[2m)[22m[32m 215[2mms[22m[39m
 [32m✓[39m tests/unit/richtext.test.ts [2m([22m[2m25 tests[22m[2m)[22m[32m 55[2mms[22m[39m
[90mstderr[2m | tests/unit/admin-disputes.test.ts[2m > [22m[2mdispute-record: who may[2m > [22m[2mwithout payment settings it is 503 PAYMENTS_NOT_CONFIGURED and the database is not called
[22m[39m{"requestId":"5195fa78-e061-4d41-8955-6f947f60c125","status":503,"code":"PAYMENTS_NOT_CONFIGURED"}

 [32m✓[39m tests/unit/prepare-media-manifest.test.ts [2m([22m[2m2 tests[22m[2m)[22m[32m 6[2mms[22m[39m
 [32m✓[39m tests/unit/cart.test.ts [2m([22m[2m46 tests[22m[2m)[22m[32m 116[2mms[22m[39m
[90mstderr[2m | tests/unit/admin-disputes.test.ts[2m > [22m[2mdispute-record: what reaches the SQL, and what comes back[2m > [22m[2ma malformed call the SQL refuses is 422; any other database failure is a detail-free 500
[22m[39m{"fn":"disputes","sqlstate":"XX000"}
{"requestId":"004f6293-cc4d-48e3-b0db-23f4e60149e1","status":500,"code":"FAILED"}

[90mstderr[2m | tests/unit/admin-disputes.test.ts[2m > [22m[2mdispute-record: what reaches the SQL, and what comes back[2m > [22m[2ma malformed call the SQL refuses is 422; any other database failure is a detail-free 500
[22m[39m{"fn":"disputes","sqlstate":"23505"}
{"requestId":"5d1deae4-ff4d-4bfa-952b-aa55b2c8dcf0","status":500,"code":"FAILED"}

[90mstderr[2m | tests/unit/admin-disputes.test.ts[2m > [22m[2mdispute-record: what reaches the SQL, and what comes back[2m > [22m[2ma malformed call the SQL refuses is 422; any other database failure is a detail-free 500
[22m[39m{"fn":"disputes","sqlstate":"40P01"}
{"requestId":"9adb83ca-66bd-44cb-bb4e-2257376542c1","status":500,"code":"FAILED"}

[90mstderr[2m | tests/unit/admin-disputes.test.ts[2m > [22m[2mdispute-record: what reaches the SQL, and what comes back[2m > [22m[2ma malformed call the SQL refuses is 422; any other database failure is a detail-free 500
[22m[39m{"fn":"disputes","sqlstate":null}
{"requestId":"42ecb423-8a22-4580-b912-82176f0be0ac","status":500,"code":"FAILED"}

[90mstderr[2m | tests/unit/admin-disputes.test.ts[2m > [22m[2mdispute-record: what reaches the SQL, and what comes back[2m > [22m[2ma malformed call the SQL refuses is 422; any other database failure is a detail-free 500
[22m[39m{"requestId":"8a9537ca-357d-4548-b599-a4621ea95935","status":500,"code":"FAILED"}

[90mstderr[2m | tests/unit/admin-disputes.test.ts[2m > [22m[2mdispute-record: what reaches the SQL, and what comes back[2m > [22m[2ma malformed call the SQL refuses is 422; any other database failure is a detail-free 500
[22m[39m{"requestId":"317312a0-0f8e-4010-ab34-fb76270502c5","status":500,"code":"FAILED"}

[90mstderr[2m | tests/unit/admin-disputes.test.ts[2m > [22m[2mdispute-record: what reaches the SQL, and what comes back[2m > [22m[2ma malformed call the SQL refuses is 422; any other database failure is a detail-free 500
[22m[39m{"requestId":"d72cd1a7-37ff-44fc-bad3-5410d88d976c","status":500,"code":"FAILED"}

 [32m✓[39m tests/unit/admin-disputes.test.ts [2m([22m[2m69 tests[22m[2m)[22m[32m 265[2mms[22m[39m
 [32m✓[39m tests/unit/tokens.test.ts [2m([22m[2m22 tests[22m[2m)[22m[32m 42[2mms[22m[39m
 [32m✓[39m tests/unit/store-checkout.test.ts [2m([22m[2m41 tests[22m[2m)[22m[32m 179[2mms[22m[39m
 [32m✓[39m tests/unit/admin-money.test.ts [2m([22m[2m68 tests[22m[2m)[22m[32m 108[2mms[22m[39m
 [32m✓[39m tests/unit/admin-editor.test.ts [2m([22m[2m31 tests[22m[2m)[22m[32m 77[2mms[22m[39m
 [32m✓[39m tests/unit/journal.test.ts [2m([22m[2m3 tests[22m[2m)[22m[32m 15[2mms[22m[39m
 [32m✓[39m tests/unit/store-availability.test.ts [2m([22m[2m21 tests[22m[2m)[22m[32m 126[2mms[22m[39m
 [32m✓[39m tests/unit/table-rules.test.ts [2m([22m[2m15 tests[22m[2m)[22m[32m 96[2mms[22m[39m
 [32m✓[39m tests/unit/format.test.ts [2m([22m[2m18 tests[22m[2m)[22m[32m 51[2mms[22m[39m
 [32m✓[39m tests/unit/admin-commerce.test.ts [2m([22m[2m41 tests[22m[2m)[22m[32m 84[2mms[22m[39m
 [32m✓[39m tests/unit/money-field-remount.test.ts [2m([22m[2m2 tests[22m[2m)[22m[32m 24[2mms[22m[39m
 [32m✓[39m tests/unit/money-field-invalid.test.ts [2m([22m[2m5 tests[22m[2m)[22m[32m 18[2mms[22m[39m
 [32m✓[39m tests/unit/design-b.test.ts [2m([22m[2m9 tests[22m[2m)[22m[32m 14[2mms[22m[39m
 [32m✓[39m tests/unit/quote.test.ts [2m([22m[2m6 tests[22m[2m)[22m[32m 45[2mms[22m[39m
 [32m✓[39m tests/unit/media-library.test.ts [2m([22m[2m8 tests[22m[2m)[22m[32m 9[2mms[22m[39m
 [32m✓[39m tests/unit/images.test.ts [2m([22m[2m3 tests[22m[2m)[22m[32m 6[2mms[22m[39m
 [32m✓[39m tests/unit/money.test.ts [2m([22m[2m7 tests[22m[2m)[22m[32m 40[2mms[22m[39m
 [32m✓[39m tests/unit/book-keys.test.ts [2m([22m[2m5 tests[22m[2m)[22m[32m 8[2mms[22m[39m
 [32m✓[39m tests/unit/pdf-open.test.ts [2m([22m[2m7 tests[22m[2m)[22m[32m 29[2mms[22m[39m
 [32m✓[39m tests/unit/passphrase.test.ts [2m([22m[2m4 tests[22m[2m)[22m[32m 14[2mms[22m[39m
 [32m✓[39m tests/unit/digits.test.ts [2m([22m[2m2 tests[22m[2m)[22m[32m 5[2mms[22m[39m
 [32m✓[39m tests/unit/contact-prefill.test.ts [2m([22m[2m4 tests[22m[2m)[22m[32m 5[2mms[22m[39m
 [32m✓[39m tests/unit/recent-totp.test.ts [2m([22m[2m5 tests[22m[2m)[22m[32m 5[2mms[22m[39m
 [32m✓[39m tests/unit/media-folders.test.ts [2m([22m[2m2 tests[22m[2m)[22m[32m 7[2mms[22m[39m
 [32m✓[39m tests/unit/media-ref.test.ts [2m([22m[2m16 tests[22m[2m)[22m[32m 25[2mms[22m[39m
 [32m✓[39m tests/unit/money-input.test.ts [2m([22m[2m9 tests[22m[2m)[22m[32m 9[2mms[22m[39m
 [32m✓[39m tests/unit/service-client-errors.test.ts [2m([22m[2m15 tests[22m[2m)[22m[32m 10[2mms[22m[39m
 [32m✓[39m tests/unit/admin-ops.test.ts [2m([22m[2m31 tests[22m[2m)[22m[32m 19[2mms[22m[39m
 [32m✓[39m tests/unit/moyasar-emulator.test.ts [2m([22m[2m206 tests[22m[2m)[22m[33m 11143[2mms[22m[39m
   [32m✓[39m GET /v1/invoices [2m(7)[22m
     [33m[2m✓[22m[39m lists newest first with the documented meta, 40 to a page[33m 635[2mms[22m[39m
   [32m✓[39m payments [2m(5)[22m
     [33m[2m✓[22m[39m lists newest first with meta, filters by id, status and metadata, 40 to a page[33m 679[2mms[22m[39m
   [32m✓[39m faults [2m(17)[22m
     [33m[2m✓[22m[39m commit_after_delay cuts the connection at once and makes the change delayMs later[33m 1084[2mms[22m[39m
     [33m[2m✓[22m[39m reset() cancels a commit that is still pending[33m 412[2mms[22m[39m

[2m Test Files [22m [1m[32m69 passed[39m[22m[90m (69)[39m
[2m      Tests [22m [1m[32m2536 passed[39m[22m[90m (2536)[39m
[2m   Start at [22m 17:07:24
[2m   Duration [22m 11.95s[2m (tests 55%, import 29%, transform 15%, worker 1%)[22m

[2m    Isolate [22m [33m69 workers spawned[39m[2m · ~342ms startup each (spawn + environment, per file)[22m
[2m            [22m [2mat least ~1.80s faster with [22m[33misolate: false[39m[2m — reuses workers across files instead of one per file[22m

